ot could not be determined (mode 0)
Oct 25 12:30:55 parrot kernel: [    0.000000] SMBIOS 3.0.1 present.
Oct 25 12:30:55 parrot kernel: [    0.000000] DMI: Acer Aspire A715-75G/Azalea_FMS, BIOS V1.00 02/11/2020
Oct 25 12:30:55 parrot kernel: [    0.000000] tsc: Detected 2400.000 MHz processor
Oct 25 12:30:55 parrot kernel: [    0.000007] e820: update [mem 0x00000000-0x00000fff] usable ==> reserved
Oct 25 12:30:55 parrot kernel: [    0.000008] e820: remove [mem 0x000a0000-0x000fffff] usable
Oct 25 12:30:55 parrot kernel: [    0.000011] last_pfn = 0x26e800 max_arch_pfn = 0x400000000
Oct 25 12:30:55 parrot kernel: [    0.000013] MTRR default type: write-back
Oct 25 12:30:55 parrot kernel: [    0.000014] MTRR fixed ranges enabled:
Oct 25 12:30:55 parrot kernel: [    0.000015]   00000-9FFFF write-back
Oct 25 12:30:55 parrot kernel: [    0.000015]   A0000-BFFFF uncachable
Oct 25 12:30:55 parrot kernel: [    0.000016]   C0000-FFFFF write-protect
Oct 25 12:30:55 parrot kernel: [    0.000016] MTRR variable ranges enabled:
Oct 25 12:30:55 parrot kernel: [    0.000017]   0 base 00C0000000 mask 7FC0000000 uncachable
Oct 25 12:30:55 parrot kernel: [    0.000017]   1 base 00A0000000 mask 7FE0000000 uncachable
Oct 25 12:30:55 parrot kernel: [    0.000018]   2 base 0090000000 mask 7FF0000000 uncachable
Oct 25 12:30:55 parrot kernel: [    0.000018]   3 base 008C000000 mask 7FFC000000 uncachable
Oct 25 12:30:55 parrot kernel: [    0.000019]   4 base 008B000000 mask 7FFF000000 uncachable
Oct 25 12:30:55 parrot kernel: [    0.000019]   5 base 2000000000 mask 6000000000 uncachable
Oct 25 12:30:55 parrot kernel: [    0.000020]   6 base 1000000000 mask 7000000000 uncachable
Oct 25 12:30:55 parrot kernel: [    0.000020]   7 base 0800000000 mask 7800000000 uncachable
Oct 25 12:30:55 parrot kernel: [    0.000020]   8 base 0400000000 mask 7C00000000 uncachable
Oct 25 12:30:55 parrot kernel: [    0.000021]   9 base 4000000000 mask 4000000000 uncachable
Oct 25 12:30:55 parrot kernel: [    0.000346] x86/PAT: Configuration [0-7]: WB  WC  UC- UC  WB  WP  UC- WT  
Oct 25 12:30:55 parrot kernel: [    0.000455] last_pfn = 0x89d0f max_arch_pfn = 0x400000000
Oct 25 12:30:55 parrot kernel: [    0.005526] esrt: Reserving ESRT space from 0x000000008820cc18 to 0x000000008820cc50.
Oct 25 12:30:55 parrot kernel: [    0.005531] Using GB pages for direct mapping
Oct 25 12:30:55 parrot kernel: [    0.005532] BRK [0x2bc01000, 0x2bc01fff] PGTABLE
Oct 25 12:30:55 parrot kernel: [    0.005533] BRK [0x2bc02000, 0x2bc02fff] PGTABLE
Oct 25 12:30:55 parrot kernel: [    0.005534] BRK [0x2bc03000, 0x2bc03fff] PGTABLE
Oct 25 12:30:55 parrot kernel: [    0.005551] BRK [0x2bc04000, 0x2bc04fff] PGTABLE
Oct 25 12:30:55 parrot kernel: [    0.005552] BRK [0x2bc05000, 0x2bc05fff] PGTABLE
Oct 25 12:30:55 parrot kernel: [    0.005655] BRK [0x2bc06000, 0x2bc06fff] PGTABLE
Oct 25 12:30:55 parrot kernel: [    0.005669] BRK [0x2bc07000, 0x2bc07fff] PGTABLE
Oct 25 12:30:55 parrot kernel: [    0.005694] BRK [0x2bc08000, 0x2bc08fff] PGTABLE
Oct 25 12:30:55 parrot kernel: [    0.005734] BRK [0x2bc09000, 0x2bc09fff] PGTABLE
Oct 25 12:30:55 parrot kernel: [    0.005776] RAMDISK: [mem 0x2f975000-0x33cb1fff]
Oct 25 12:30:55 parrot kernel: [    0.005784] ACPI: Early table checksum verification disabled
Oct 25 12:30:55 parrot kernel: [    0.005785] ACPI: RSDP 0x0000000089D0D014 000024 (v02 ACRSYS)
Oct 25 12:30:55 parrot kernel: [    0.005788] ACPI: XSDT 0x0000000089CEB188 0000FC (v01 ACRSYS ACRPRDCT 00000002      01000013)
Oct 25 12:30:55 parrot kernel: [    0.005791] ACPI: FACP 0x0000000089CED000 00010C (v05 ACRSYS ACRPRDCT 00000002 1025 00040000)
Oct 25 12:30:55 parrot kernel: [    0.005793] ACPI: DSDT 0x0000000089CB1000 036DD5 (v02 ACRSYS ACRPRDCT 00000000 1025 00040000)
Oct 25 12:30:55 parrot kernel: [    0.005795] ACPI: FACS 0x0000000089C2D000 000040
Oct 25 12:30:55 parrot kernel: [    0.005796] ACPI: UEFI 0x0000000089D0C000 000236 (v01 ACRSYS ACRPRDCT 00000001 1025 00040000)
Oct 25 12:30:55 parrot kernel: [    0.005798] ACPI: SSDT 0x0000000089D0A000 001B5F (v02 ACRSYS ACRPRDCT 00003000 1025 00040000)
Oct 25 12:30:55 parrot kernel: [    0.005799] ACPI: SSDT 0x0000000089D06000 0031C6 (v02 ACRSYS ACRPRDCT 00003000 1025 00040000)
Oct 25 12:30:55 parrot kernel: [    0.005801] ACPI: SSDT 0x0000000089D03000 0020D5 (v02 ACRSYS ACRPRDCT 00001000 1025 00040000)
Oct 25 12:30:55 parrot kernel: [    0.005802] ACPI: UEFI 0x0000000089D02000 000042 (v01 ACRSYS ACRPRDCT 00000002 1025 00040000)
Oct 25 12:30:55 parrot kernel: [    0.005804] ACPI: SSDT 0x0000000089D01000 00045A (v02 ACRSYS ACRPRDCT 00001000 1025 00040000)
Oct 25 12:30:55 parrot kernel: [    0.005805] ACPI: SSDT 0x0000000089D00000 000046 (v02 ACRSYS ACRPRDCT 00003000 1025 00040000)
Oct 25 12:30:55 parrot kernel: [    0.005807] ACPI: TPM2 0x0000000089CFF000 000034 (v03 ACRSYS ACRPRDCT 00000002 1025 00040000)
Oct 25 12:30:55 parrot kernel: [    0.005808] ACPI: LPIT 0x0000000089CFE000 000094 (v01 ACRSYS ACRPRDCT 00000000 1025 00040000)
Oct 25 12:30:55 parrot kernel: [    0.005810] ACPI: WSMT 0x0000000089CFD000 000028 (v01 ACRSYS ACRPRDCT 00000000 1025 00040000)
Oct 25 12:30:55 parrot kernel: [    0.005811] ACPI: SSDT 0x0000000089CFC000 000C2F (v02 ACRSYS ACRPRDCT 00001000 1025 00040000)
Oct 25 12:30:55 parrot kernel: [    0.005812] ACPI: SSDT 0x0000000089CFA000 00149F (v02 ACRSYS ACRPRDCT 00000000 1025 00040000)
Oct 25 12:30:55 parrot kernel: [    0.005814] ACPI: DBGP 0x0000000089CF9000 000034 (v01 ACRSYS ACRPRDCT 00000002 1025 00040000)
Oct 25 12:30:55 parrot kernel: [    0.005815] ACPI: DBG2 0x0000000089CF8000 000054 (v00 ACRSYS ACRPRDCT 00000002 1025 00040000)
Oct 25 12:30:55 parrot kernel: [    0.005817] ACPI: SSDT 0x0000000089CF7000 000B9F (v02 ACRSYS ACRPRDCT 00001000 1025 00040000)
Oct 25 12:30:55 parrot kernel: [    0.005818] ACPI: MSDM 0x0000000089CF6000 000055 (v03 ACRSYS ACRPRDCT 00000001 1025 00040000)
Oct 25 12:30:55 parrot kernel: [    0.005820] ACPI: SSDT 0x0000000089CEF000 006D8D (v01 ACRSYS ACRPRDCT 00001000 1025 00040000)
Oct 25 12:30:55 parrot kernel: [    0.005821] ACPI: ASF! 0x0000000089CEE000 0000A5 (v32 ACRSYS ACRPRDCT 00000001 1025 00040000)
Oct 25 12:30:55 parrot kernel: [    0.005822] ACPI: HPET 0x0000000089CEC000 000038 (v01 ACRSYS ACRPRDCT 00000002 1025 00040000)
Oct 25 12:30:55 parrot kernel: [    0.005824] ACPI: APIC 0x0000000089CEA000 00012C (v03 ACRSYS ACRPRDCT 00000002 1025 00040000)
Oct 25 12:30:55 parrot kernel: [    0.005825] ACPI: MCFG 0x0000000089CE9000 00003C (v01 ACRSYS ACRPRDCT 00000001 1025 00040000)
Oct 25 12:30:55 parrot kernel: [    0.005827] ACPI: DMAR 0x0000000089CB0000 0000A8 (v01 ACRSYS ACRPRDCT 00000002 1025 00040000)
Oct 25 12:30:55 parrot kernel: [    0.005828] ACPI: SSDT 0x0000000089CAB000 0047BB (v01 ACRSYS ACRPRDCT 00001000 1025 00040000)
Oct 25 12:30:55 parrot kernel: [    0.005829] ACPI: NHLT 0x0000000089CE8000 00002D (v00 ACRSYS ACRPRDCT 00000002 1025 00040000)
Oct 25 12:30:55 parrot kernel: [    0.005831] ACPI: FPDT 0x0000000089CAA000 000044 (v01 ACRSYS ACRPRDCT 00000002 1025 00040000)
Oct 25 12:30:55 parrot kernel: [    0.005832] ACPI: BGRT 0x0000000089CA9000 000038 (v01 ACRSYS ACRPRDCT 00000001 1025 00040000)
Oct 25 12:30:55 parrot kernel: [    0.005836] ACPI: Local APIC address 0xfee00000
Oct 25 12:30:55 parrot kernel: [    0.006178] No NUMA configuration found
Oct 25 12:30:55 parrot kernel: [    0.006178] Faking a node at [mem 0x0000000000000000-0x000000026e7fffff]
Oct 25 12:30:55 parrot kernel: [    0.006180] NODE_DATA(0) allocated [mem 0x26e7f9000-0x26e7fdfff]
Oct 25 12:30:55 parrot kernel: [    0.006195] Zone ranges:
Oct 25 12:30:55 parrot kernel: [    0.006195]   DMA      [mem 0x0000000000001000-0x0000000000ffffff]
Oct 25 12:30:55 parrot kernel: [    0.006196]   DMA32    [mem 0x0000000001000000-0x00000000ffffffff]
Oct 25 12:30:55 parrot kernel: [    0.006196]   Normal   [mem 0x0000000100000000-0x000000026e7fffff]
Oct 25 12:30:55 parrot kernel: [    0.006197]   Device   empty
Oct 25 12:30:55 parrot kernel: [    0.006197] Movable zone start for each node
Oct 25 12:30:55 parrot kernel: [    0.006198] Early memory node ranges
Oct 25 12:30:55 parrot kernel: [    0.006198]   node   0: [mem 0x0000000000001000-0x000000000009efff]
Oct 25 12:30:55 parrot kernel: [    0.006199]   node   0: [mem 0x0000000000100000-0x0000000071356fff]
Oct 25 12:30:55 parrot kernel: [    0.006199]   node   0: [mem 0x0000000071c57000-0x0000000087e6dfff]
Oct 25 12:30:55 parrot kernel: [    0.006199]   node   0: [mem 0x0000000089d0e000-0x0000000089d0efff]
Oct 25 12:30:55 parrot kernel: [    0.006200]   node   0: [mem 0x0000000100000000-0x000000026e7fffff]
Oct 25 12:30:55 parrot kernel: [    0.006390] Zeroed struct page in unavailable ranges: 41715 pages
Oct 25 12:30:55 parrot kernel: [    0.006391] Initmem setup node 0 [mem 0x0000000000001000-0x000000026e7fffff]
Oct 25 12:30:55 parrot kernel: [    0.006392] On node 0 totalpages: 2055437
Oct 25 12:30:55 parrot kernel: [    0.006392]   DMA zone: 64 pages used for memmap
Oct 25 12:30:55 parrot kernel: [    0.006393]   DMA zone: 22 pages reserved
Oct 25 12:30:55 parrot kernel: [    0.006393]   DMA zone: 3998 pages, LIFO batch:0
Oct 25 12:30:55 parrot kernel: [    0.006440]   DMA32 zone: 8598 pages used for memmap
Oct 25 12:30:55 parrot kernel: [    0.006440]   DMA32 zone: 550255 pages, LIFO batch:63
Oct 25 12:30:55 parrot kernel: [    0.013451]   Normal zone: 23456 pages used for memmap
Oct 25 12:30:55 parrot kernel: [    0.013452]   Normal zone: 1501184 pages, LIFO batch:63
Oct 25 12:30:55 parrot kernel: [    0.013789] Reserving Intel graphics memory at [mem 0x8b800000-0x8f7fffff]
Oct 25 12:30:55 parrot kernel: [    0.014592] ACPI: PM-Timer IO Port: 0x1808
Oct 25 12:30:55 parrot kernel: [    0.014593] ACPI: Local APIC address 0xfee00000
Oct 25 12:30:55 parrot kernel: [    0.014597] ACPI: LAPIC_NMI (acpi_id[0x01] high edge lint[0x1])
Oct 25 12:30:55 parrot kernel: [    0.014597] ACPI: LAPIC_NMI (acpi_id[0x02] high edge lint[0x1])
Oct 25 12:30:55 parrot kernel: [    0.014598] ACPI: LAPIC_NMI (acpi_id[0x03] high edge lint[0x1])
Oct 25 12:30:55 parrot kernel: [    0.014598] ACPI: LAPIC_NMI (acpi_id[0x04] high edge lint[0x1])
Oct 25 12:30:55 parrot kernel: [    0.014598] ACPI: LAPIC_NMI (acpi_id[0x05] high edge lint[0x1])
Oct 25 12:30:55 parrot kernel: [    0.014599] ACPI: LAPIC_NMI (acpi_id[0x06] high edge lint[0x1])
Oct 25 12:30:55 parrot kernel: [    0.014599] ACPI: LAPIC_NMI (acpi_id[0x07] high edge lint[0x1])
Oct 25 12:30:55 parrot kernel: [    0.014599] ACPI: LAPIC_NMI (acpi_id[0x08] high edge lint[0x1])
Oct 25 12:30:55 parrot kernel: [    0.014600] ACPI: LAPIC_NMI (acpi_id[0x09] high edge lint[0x1])
Oct 25 12:30:55 parrot kernel: [    0.014600] ACPI: LAPIC_NMI (acpi_id[0x0a] high edge lint[0x1])
Oct 25 12:30:55 parrot kernel: [    0.014600] ACPI: LAPIC_NMI (acpi_id[0x0b] high edge lint[0x1])
Oct 25 12:30:55 parrot kernel: [    0.014600] ACPI: LAPIC_NMI (acpi_id[0x0c] high edge lint[0x1])
Oct 25 12:30:55 parrot kernel: [    0.014601] ACPI: LAPIC_NMI (acpi_id[0x0d] high edge lint[0x1])
Oct 25 12:30:55 parrot kernel: [    0.014601] ACPI: LAPIC_NMI (acpi_id[0x0e] high edge lint[0x1])
Oct 25 12:30:55 parrot kernel: [    0.014601] ACPI: LAPIC_NMI (acpi_id[0x0f] high edge lint[0x1])
Oct 25 12:30:55 parrot kernel: [    0.014602] ACPI: LAPIC_NMI (acpi_id[0x10] high edge lint[0x1])
Oct 25 12:30:55 parrot kernel: [    0.014666] IOAPIC[0]: apic_id 2, version 32, address 0xfec00000, GSI 0-119
Oct 25 12:30:55 parrot kernel: [    0.014667] ACPI: INT_SRC_OVR (bus 0 bus_irq 0 global_irq 2 dfl dfl)
Oct 25 12:30:55 parrot kernel: [    0.014668] ACPI: INT_SRC_OVR (bus 0 bus_irq 9 global_irq 9 high level)
Oct 25 12:30:55 parrot kernel: [    0.014669] ACPI: IRQ0 used by override.
Oct 25 12:30:55 parrot kernel: [    0.014669] ACPI: IRQ9 used by override.
Oct 25 12:30:55 parrot kernel: [    0.014670] Using ACPI (MADT) for SMP configuration information
Oct 25 12:30:55 parrot kernel: [    0.014671] ACPI: HPET id: 0x8086a201 base: 0xfed00000
Oct 25 12:30:55 parrot kernel: [    0.014674] e820: update [mem 0x7813f000-0x78232fff] usable ==> reserved
Oct 25 12:30:55 parrot kernel: [    0.014679] smpboot: Allowing 8 CPUs, 0 hotplug CPUs
Oct 25 12:30:55 parrot kernel: [    0.014688] PM: Registered nosave memory: [mem 0x00000000-0x00000fff]
Oct 25 12:30:55 parrot kernel: [    0.014689] PM: Registered nosave memory: [mem 0x0009f000-0x000fffff]
Oct 25 12:30:55 parrot kernel: [    0.014690] PM: Registered nosave memory: [mem 0x71357000-0x71c56fff]
Oct 25 12:30:55 parrot kernel: [    0.014690] PM: Registered nosave memory: [mem 0x7813f000-0x78232fff]
Oct 25 12:30:55 parrot kernel: [    0.014691] PM: Registered nosave memory: [mem 0x87e6e000-0x8806dfff]
Oct 25 12:30:55 parrot kernel: [    0.014691] PM: Registered nosave memory: [mem 0x8806e000-0x88ffdfff]
Oct 25 12:30:55 parrot kernel: [    0.014692] PM: Registered nosave memory: [mem 0x88ffe000-0x89c8dfff]
Oct 25 12:30:55 parrot kernel: [    0.014692] PM: Registered nosave memory: [mem 0x89c8e000-0x89d0dfff]
Oct 25 12:30:55 parrot kernel: [    0.014693] PM: Registered nosave memory: [mem 0x89d0f000-0x8f7fffff]
Oct 25 12:30:55 parrot kernel: [    0.014693] PM: Registered nosave memory: [mem 0x8f800000-0xdfffffff]
Oct 25 12:30:55 parrot kernel: [    0.014693] PM: Registered nosave memory: [mem 0xe0000000-0xefffffff]
Oct 25 12:30:55 parrot kernel: [    0.014694] PM: Registered nosave memory: [mem 0xf0000000-0xfdffffff]
Oct 25 12:30:55 parrot kernel: [    0.014694] PM: Registered nosave memory: [mem 0xfe000000-0xfe010fff]
Oct 25 12:30:55 parrot kernel: [    0.014694] PM: Registered nosave memory: [mem 0xfe011000-0xfed0ffff]
Oct 25 12:30:55 parrot kernel: [    0.014694] PM: Registered nosave memory: [mem 0xfed10000-0xfed19fff]
Oct 25 12:30:55 parrot kernel: [    0.014695] PM: Registered nosave memory: [mem 0xfed1a000-0xfed83fff]
Oct 25 12:30:55 parrot kernel: [    0.014695] PM: Registered nosave memory: [mem 0xfed84000-0xfed84fff]
Oct 25 12:30:55 parrot kernel: [    0.014695] PM: Registered nosave memory: [mem 0xfed85000-0xfedfffff]
Oct 25 12:30:55 parrot kernel: [    0.014695] PM: Registered nosave memory: [mem 0xfee00000-0xfee00fff]
Oct 25 12:30:55 parrot kernel: [    0.014696] PM: Registered nosave memory: [mem 0xfee01000-0xff2fffff]
Oct 25 12:30:55 parrot kernel: [    0.014696] PM: Registered nosave memory: [mem 0xff300000-0xffffffff]
Oct 25 12:30:55 parrot kernel: [    0.014697] [mem 0x8f800000-0xdfffffff] available for PCI devices
Oct 25 12:30:55 parrot kernel: [    0.014697] Booting paravirtualized kernel on bare hardware
Oct 25 12:30:55 parrot kernel: [    0.014699] clocksource: refined-jiffies: mask: 0xffffffff max_cycles: 0xffffffff, max_idle_ns: 7645519600211568 ns
Oct 25 12:30:55 parrot kernel: [    0.070642] setup_percpu: NR_CPUS:512 nr_cpumask_bits:512 nr_cpu_ids:8 nr_node_ids:1
Oct 25 12:30:55 parrot kernel: [    0.070804] percpu: Embedded 55 pages/cpu s187800 r8192 d29288 u262144
Oct 25 12:30:55 parrot kernel: [    0.070808] pcpu-alloc: s187800 r8192 d29288 u262144 alloc=1*2097152
Oct 25 12:30:55 parrot kernel: [    0.070808] pcpu-alloc: [0] 0 1 2 3 4 5 6 7 
Oct 25 12:30:55 parrot kernel: [    0.070829] Built 1 zonelists, mobility grouping on.  Total pages: 2023297
Oct 25 12:30:55 parrot kernel: [    0.070830] Policy zone: Normal
Oct 25 12:30:55 parrot kernel: [    0.070830] Kernel command line: BOOT_IMAGE=/boot/vmlinuz-5.5.0-1parrot1-amd64 root=UUID=79aad670-8ab5-43a5-977a-fa06e46e2644 ro quiet splash noautomount quiet
Oct 25 12:30:55 parrot kernel: [    0.071303] Dentry cache hash table entries: 1048576 (order: 11, 8388608 bytes, linear)
Oct 25 12:30:55 parrot kernel: [    0.071523] Inode-cache hash table entries: 524288 (order: 10, 4194304 bytes, linear)
Oct 25 12:30:55 parrot kernel: [    0.071571] mem auto-init: stack:off, heap alloc:off, heap free:off
Oct 25 12:30:55 parrot kernel: [    0.082252] Memory: 2118404K/8221748K available (10243K kernel code, 1221K rwdata, 3972K rodata, 1672K init, 1980K bss, 375284K reserved, 0K cma-reserved)
Oct 25 12:30:55 parrot kernel: [    0.082257] random: get_random_u64 called from __kmem_cache_create+0x3e/0x530 with crng_init=0
Oct 25 12:30:55 parrot kernel: [    0.082324] SLUB: HWalign=64, Order=0-3, MinObjects=0, CPUs=8, Nodes=1
Oct 25 12:30:55 parrot kernel: [    0.082332] Kernel/User page tables isolation: enabled
Oct 25 12:30:55 parrot kernel: [    0.082340] ftrace: allocating 34294 entries in 134 pages
Oct 25 12:30:55 parrot kernel: [    0.090571] ftrace: allocated 134 pages with 3 groups
Oct 25 12:30:55 parrot kernel: [    0.090625] rcu: Hierarchical RCU implementation.
Oct 25 12:30:55 parrot kernel: [    0.090625] rcu: 	RCU restricting CPUs from NR_CPUS=512 to nr_cpu_ids=8.
Oct 25 12:30:55 parrot kernel: [    0.090626] rcu: RCU calculated value of scheduler-enlistment delay is 25 jiffies.
Oct 25 12:30:55 parrot kernel: [    0.090626] rcu: Adjusting geometry for rcu_fanout_leaf=16, nr_cpu_ids=8
Oct 25 12:30:55 parrot kernel: [    0.092256] NR_IRQS: 33024, nr_irqs: 2048, preallocated irqs: 16
Oct 25 12:30:55 parrot kernel: [    0.092789] random: crng done (trusting CPU's manufacturer)
Oct 25 12:30:55 parrot kernel: [    0.092803] Console: colour dummy device 80x25
Oct 25 12:30:55 parrot kernel: [    0.092806] printk: console [tty0] enabled
Oct 25 12:30:55 parrot kernel: [    0.092816] ACPI: Core revision 20191018
Oct 25 12:30:55 parrot kernel: [    0.093193] clocksource: hpet: mask: 0xffffffff max_cycles: 0xffffffff, max_idle_ns: 79635855245 ns
Oct 25 12:30:55 parrot kernel: [    0.093363] APIC: Switch to symmetric I/O mode setup
Oct 25 12:30:55 parrot kernel: [    0.093364] DMAR: Host address width 39
Oct 25 12:30:55 parrot kernel: [    0.093365] DMAR: DRHD base: 0x000000fed90000 flags: 0x0
Oct 25 12:30:55 parrot kernel: [    0.093370] DMAR: dmar0: reg_base_addr fed90000 ver 1:0 cap 1c0000c40660462 ecap 19e2ff0505e
Oct 25 12:30:55 parrot kernel: [    0.093370] DMAR: DRHD base: 0x000000fed91000 flags: 0x1
Oct 25 12:30:55 parrot kernel: [    0.093373] DMAR: dmar1: reg_base_addr fed91000 ver 1:0 cap d2008c40660462 ecap f050da
Oct 25 12:30:55 parrot kernel: [    0.093374] DMAR: RMRR base: 0x00000088fdd000 end: 0x00000088ffcfff
Oct 25 12:30:55 parrot kernel: [    0.093375] DMAR: RMRR base: 0x0000008b000000 end: 0x0000008f7fffff
Oct 25 12:30:55 parrot kernel: [    0.093377] DMAR-IR: IOAPIC id 2 under DRHD base  0xfed91000 IOMMU 1
Oct 25 12:30:55 parrot kernel: [    0.093377] DMAR-IR: HPET id 0 under DRHD base 0xfed91000
Oct 25 12:30:55 parrot kernel: [    0.093378] DMAR-IR: Queued invalidation will be enabled to support x2apic and Intr-remapping.
Oct 25 12:30:55 parrot kernel: [    0.096608] DMAR-IR: Enabled IRQ remapping in x2apic mode
Oct 25 12:30:55 parrot kernel: [    0.096609] x2apic enabled
Oct 25 12:30:55 parrot kernel: [    0.096640] Switched APIC routing to cluster x2apic.
Oct 25 12:30:55 parrot kernel: [    0.106121] ..TIMER: vector=0x30 apic1=0 pin1=2 apic2=-1 pin2=-1
Oct 25 12:30:55 parrot kernel: [    0.125286] clocksource: tsc-early: mask: 0xffffffffffffffff max_cycles: 0x22983777dd9, max_idle_ns: 440795300422 ns
Oct 25 12:30:55 parrot kernel: [    0.125289] Calibrating delay loop (skipped), value calculated using timer frequency.. 4800.00 BogoMIPS (lpj=9600000)
Oct 25 12:30:55 parrot kernel: [    0.125290] pid_max: default: 32768 minimum: 301
Oct 25 12:30:55 parrot kernel: [    0.128253] LSM: Security Framework initializing
Oct 25 12:30:55 parrot kernel: [    0.128260] Yama: disabled by default; enable with sysctl kernel.yama.*
Oct 25 12:30:55 parrot kernel: [    0.128280] AppArmor: AppArmor initialized
Oct 25 12:30:55 parrot kernel: [    0.128282] TOMOYO Linux initialized
Oct 25 12:30:55 parrot kernel: [    0.128304] Mount-cache hash table entries: 16384 (order: 5, 131072 bytes, linear)
Oct 25 12:30:55 parrot kernel: [    0.128314] Mountpoint-cache hash table entries: 16384 (order: 5, 131072 bytes, linear)
Oct 25 12:30:55 parrot kernel: [    0.128504] mce: CPU0: Thermal monitoring enabled (TM1)
Oct 25 12:30:55 parrot kernel: [    0.128517] process: using mwait in idle threads
Oct 25 12:30:55 parrot kernel: [    0.128519] Last level iTLB entries: 4KB 64, 2MB 8, 4MB 8
Oct 25 12:30:55 parrot kernel: [    0.128519] Last level dTLB entries: 4KB 64, 2MB 0, 4MB 0, 1GB 4
Oct 25 12:30:55 parrot kernel: [    0.128521] Spectre V1 : Mitigation: usercopy/swapgs barriers and __user pointer sanitization
Oct 25 12:30:55 parrot kernel: [    0.128522] Spectre V2 : Mitigation: Full generic retpoline
Oct 25 12:30:55 parrot kernel: [    0.128522] Spectre V2 : Spectre v2 / SpectreRSB mitigation: Filling RSB on context switch
Oct 25 12:30:55 parrot kernel: [    0.128523] Spectre V2 : Enabling Restricted Speculation for firmware calls
Oct 25 12:30:55 parrot kernel: [    0.128523] Spectre V2 : mitigation: Enabling conditional Indirect Branch Prediction Barrier
Oct 25 12:30:55 parrot kernel: [    0.128524] Spectre V2 : User space: Mitigation: STIBP via seccomp and prctl
Oct 25 12:30:55 parrot kernel: [    0.128524] Speculative Store Bypass: Mitigation: Speculative Store Bypass disabled via prctl and seccomp
Oct 25 12:30:55 parrot kernel: [    0.128526] MDS: Mitigation: Clear CPU buffers
Oct 25 12:30:55 parrot kernel: [    0.128677] Freeing SMP alternatives memory: 32K
Oct 25 12:30:55 parrot kernel: [    0.133351] TSC deadline timer enabled
Oct 25 12:30:55 parrot kernel: [    0.133362] smpboot: CPU0: Intel(R) Core(TM) i5-9300H CPU @ 2.40GHz (family: 0x6, model: 0x9e, stepping: 0xa)
Oct 25 12:30:55 parrot kernel: [    0.133456] Performance Events: PEBS fmt3+, Skylake events, 32-deep LBR, full-width counters, Intel PMU driver.
Oct 25 12:30:55 parrot kernel: [    0.133460] ... version:                4
Oct 25 12:30:55 parrot kernel: [    0.133460] ... bit width:              48
Oct 25 12:30:55 parrot kernel: [    0.133460] ... generic registers:      4
Oct 25 12:30:55 parrot kernel: [    0.133461] ... value mask:             0000ffffffffffff
Oct 25 12:30:55 parrot kernel: [    0.133461] ... max period:             00007fffffffffff
Oct 25 12:30:55 parrot kernel: [    0.133461] ... fixed-purpose events:   3
Oct 25 12:30:55 parrot kernel: [    0.133462] ... event mask:             000000070000000f
Oct 25 12:30:55 parrot kernel: [    0.133483] rcu: Hierarchical SRCU implementation.
Oct 25 12:30:55 parrot kernel: [    0.133965] NMI watchdog: Enabled. Permanently consumes one hw-PMU counter.
Oct 25 12:30:55 parrot kernel: [    0.134002] smp: Bringing up secondary CPUs ...
Oct 25 12:30:55 parrot kernel: [    0.134039] x86: Booting SMP configuration:
Oct 25 12:30:55 parrot kernel: [    0.134040] .... node  #0, CPUs:      #1 #2 #3 #4
Oct 25 12:30:55 parrot kernel: [    0.139371] MDS CPU bug present and SMT on, data leak possible. See https://www.kernel.org/doc/html/latest/admin-guide/hw-vuln/mds.html for more details.
Oct 25 12:30:55 parrot kernel: [    0.139371]  #5 #6 #7
Oct 25 12:30:55 parrot kernel: [    0.141818] smp: Brought up 1 node, 8 CPUs
Oct 25 12:30:55 parrot kernel: [    0.141818] smpboot: Max logical packages: 1
Oct 25 12:30:55 parrot kernel: [    0.141818] smpboot: Total of 8 processors activated (38400.00 BogoMIPS)
Oct 25 12:30:55 parrot kernel: [    0.161292] node 0 initialised, 1432015 pages in 20ms
Oct 25 12:30:55 parrot kernel: [    0.161450] devtmpfs: initialized
Oct 25 12:30:55 parrot kernel: [    0.161450] x86/mm: Memory block size: 128MB
Oct 25 12:30:55 parrot kernel: [    0.161911] PM: Registering ACPI NVS region [mem 0x88ffe000-0x89c8dfff] (13172736 bytes)
Oct 25 12:30:55 parrot kernel: [    0.161911] clocksource: jiffies: mask: 0xffffffff max_cycles: 0xffffffff, max_idle_ns: 7645041785100000 ns
Oct 25 12:30:55 parrot kernel: [    0.161911] futex hash table entries: 2048 (order: 5, 131072 bytes, linear)
Oct 25 12:30:55 parrot kernel: [    0.161911] pinctrl core: initialized pinctrl subsystem
Oct 25 12:30:55 parrot kernel: [    0.161911] thermal_sys: Registered thermal governor 'fair_share'
Oct 25 12:30:55 parrot kernel: [    0.161911] thermal_sys: Registered thermal governor 'bang_bang'
Oct 25 12:30:55 parrot kernel: [    0.161911] thermal_sys: Registered thermal governor 'step_wise'
Oct 25 12:30:55 parrot kernel: [    0.161911] thermal_sys: Registered thermal governor 'user_space'
Oct 25 12:30:55 parrot kernel: [    0.161911] NET: Registered protocol family 16
Oct 25 12:30:55 parrot kernel: [    0.161911] audit: initializing netlink subsys (disabled)
Oct 25 12:30:55 parrot kernel: [    0.161911] audit: type=2000 audit(1603629050.060:1): state=initialized audit_enabled=0 res=1
Oct 25 12:30:55 parrot kernel: [    0.161911] cpuidle: using governor ladder
Oct 25 12:30:55 parrot kernel: [    0.161911] cpuidle: using governor menu
Oct 25 12:30:55 parrot kernel: [    0.161911] ACPI FADT declares the system doesn't support PCIe ASPM, so disable it
Oct 25 12:30:55 parrot kernel: [    0.161911] ACPI: bus type PCI registered
Oct 25 12:30:55 parrot kernel: [    0.161911] acpiphp: ACPI Hot Plug PCI Controller Driver version: 0.5
Oct 25 12:30:55 parrot kernel: [    0.161911] PCI: MMCONFIG for domain 0000 [bus 00-ff] at [mem 0xe0000000-0xefffffff] (base 0xe0000000)
Oct 25 12:30:55 parrot kernel: [    0.161911] PCI: MMCONFIG at [mem 0xe0000000-0xefffffff] reserved in E820
Oct 25 12:30:55 parrot kernel: [    0.161911] PCI: Using configuration type 1 for base access
Oct 25 12:30:55 parrot kernel: [    0.161911] ENERGY_PERF_BIAS: Set to 'normal', was 'performance'
Oct 25 12:30:55 parrot kernel: [    0.161911] HugeTLB registered 1.00 GiB page size, pre-allocated 0 pages
Oct 25 12:30:55 parrot kernel: [    0.161911] HugeTLB registered 2.00 MiB page size, pre-allocated 0 pages
Oct 25 12:30:55 parrot kernel: [    0.273493] ACPI: Added _OSI(Module Device)
Oct 25 12:30:55 parrot kernel: [    0.273493] ACPI: Added _OSI(Processor Device)
Oct 25 12:30:55 parrot kernel: [    0.273493] ACPI: Added _OSI(3.0 _SCP Extensions)
Oct 25 12:30:55 parrot kernel: [    0.273493] ACPI: Added _OSI(Processor Aggregator Device)
Oct 25 12:30:55 parrot kernel: [    0.273493] ACPI: Added _OSI(Linux-Dell-Video)
Oct 25 12:30:55 parrot kernel: [    0.273493] ACPI: Added _OSI(Linux-Lenovo-NV-HDMI-Audio)
Oct 25 12:30:55 parrot kernel: [    0.273493] ACPI: Added _OSI(Linux-HPI-Hybrid-Graphics)
Oct 25 12:30:55 parrot kernel: [    0.316312] ACPI: 11 ACPI AML tables successfully acquired and loaded
Oct 25 12:30:55 parrot kernel: [    0.324430] ACPI: Dynamic OEM Table Load:
Oct 25 12:30:55 parrot kernel: [    0.324441] ACPI: SSDT 0xFFFF894165468D00 0000F4 (v02 PmRef  Cpu0Psd  00003000 INTL 20160422)
Oct 25 12:30:55 parrot kernel: [    0.325458] ACPI: \_SB_.PR00: _OSC native thermal LVT Acked
Oct 25 12:30:55 parrot kernel: [    0.327693] ACPI: Dynamic OEM Table Load:
Oct 25 12:30:55 parrot kernel: [    0.327699] ACPI: SSDT 0xFFFF894165461000 000400 (v02 PmRef  Cpu0Cst  00003001 INTL 20160422)
Oct 25 12:30:55 parrot kernel: [    0.328792] ACPI: Dynamic OEM Table Load:
Oct 25 12:30:55 parrot kernel: [    0.328797] ACPI: SSDT 0xFFFF8940076DA800 00053F (v02 PmRef  Cpu0Ist  00003000 INTL 20160422)
Oct 25 12:30:55 parrot kernel: [    0.329937] ACPI: Dynamic OEM Table Load:
Oct 25 12:30:55 parrot kernel: [    0.329941] ACPI: SSDT 0xFFFF8940072D1A00 000149 (v02 PmRef  Cpu0Hwp  00003000 INTL 20160422)
Oct 25 12:30:55 parrot kernel: [    0.330976] ACPI: Dynamic OEM Table Load:
Oct 25 12:30:55 parrot kernel: [    0.330981] ACPI: SSDT 0xFFFF8940076DF000 000724 (v02 PmRef  HwpLvt   00003000 INTL 20160422)
Oct 25 12:30:55 parrot kernel: [    0.332220] ACPI: Dynamic OEM Table Load:
Oct 25 12:30:55 parrot kernel: [    0.332225] ACPI: SSDT 0xFFFF8940076DE800 0005FC (v02 PmRef  ApIst    00003000 INTL 20160422)
Oct 25 12:30:55 parrot kernel: [    0.333362] ACPI: Dynamic OEM Table Load:
Oct 25 12:30:55 parrot kernel: [    0.333366] ACPI: SSDT 0xFFFF894165464000 000317 (v02 PmRef  ApHwp    00003000 INTL 20160422)
Oct 25 12:30:55 parrot kernel: [    0.334523] ACPI: Dynamic OEM Table Load:
Oct 25 12:30:55 parrot kernel: [    0.334528] ACPI: SSDT 0xFFFF8940076F3000 000AB0 (v02 PmRef  ApPsd    00003000 INTL 20160422)
Oct 25 12:30:55 parrot kernel: [    0.336015] ACPI: Dynamic OEM Table Load:
Oct 25 12:30:55 parrot kernel: [    0.336019] ACPI: SSDT 0xFFFF894165463000 00030A (v02 PmRef  ApCst    00003000 INTL 20160422)
Oct 25 12:30:55 parrot kernel: [    0.341143] ACPI: EC: EC started
Oct 25 12:30:55 parrot kernel: [    0.341143] ACPI: EC: interrupt blocked
Oct 25 12:30:55 parrot kernel: [    0.341446] ACPI: \_SB_.PCI0.LPCB.EC0_: Used as first EC
Oct 25 12:30:55 parrot kernel: [    0.341448] ACPI: \_SB_.PCI0.LPCB.EC0_: GPE=0x14, IRQ=-1, EC_CMD/EC_SC=0x66, EC_DATA=0x62
Oct 25 12:30:55 parrot kernel: [    0.341449] ACPI: \_SB_.PCI0.LPCB.EC0_: Boot DSDT EC used to handle transactions
Oct 25 12:30:55 parrot kernel: [    0.341449] ACPI: Interpreter enabled
Oct 25 12:30:55 parrot kernel: [    0.341491] ACPI: (supports S0 S3 S4 S5)
Oct 25 12:30:55 parrot kernel: [    0.341491] ACPI: Using IOAPIC for interrupt routing
Oct 25 12:30:55 parrot kernel: [    0.341522] PCI: Using host bridge windows from ACPI; if necessary, use "pci=nocrs" and report a bug
Oct 25 12:30:55 parrot kernel: [    0.343488] ACPI: Enabled 10 GPEs in block 00 to 7F
Oct 25 12:30:55 parrot kernel: [    0.344198] ACPI: Power Resource [PG00] (on)
Oct 25 12:30:55 parrot kernel: [    0.344661] ACPI: Power Resource [PG01] (on)
Oct 25 12:30:55 parrot kernel: [    0.344933] ACPI: Power Resource [PG02] (on)
Oct 25 12:30:55 parrot kernel: [    0.349108] ACPI: Power Resource [DBTP] (on)
Oct 25 12:30:55 parrot kernel: [    0.349793] ACPI: Power Resource [USBC] (on)
Oct 25 12:30:55 parrot kernel: [    0.354681] ACPI: Power Resource [WRST] (on)
Oct 25 12:30:55 parrot kernel: [    0.354724] ACPI: Power Resource [DRST] (on)
Oct 25 12:30:55 parrot kernel: [    0.357358] ACPI: Power Resource [V0PR] (on)
Oct 25 12:30:55 parrot kernel: [    0.357493] ACPI: Power Resource [V1PR] (on)
Oct 25 12:30:55 parrot kernel: [    0.357617] ACPI: Power Resource [V2PR] (on)
Oct 25 12:30:55 parrot kernel: [    0.362680] ACPI: Power Resource [WRST] (on)
Oct 25 12:30:55 parrot kernel: [    0.362851] acpi ABCD0000:00: ACPI dock station (docks/bays count: 1)
Oct 25 12:30:55 parrot kernel: [    0.367187] ACPI: PCI Root Bridge [PCI0] (domain 0000 [bus 00-fe])
Oct 25 12:30:55 parrot kernel: [    0.367192] acpi PNP0A08:00: _OSC: OS supports [ExtendedConfig ASPM ClockPM Segments MSI HPX-Type3]
Oct 25 12:30:55 parrot kernel: [    0.367345] acpi PNP0A08:00: _OSC: platform does not support [PCIeHotplug SHPCHotplug PME]
Oct 25 12:30:55 parrot kernel: [    0.367482] acpi PNP0A08:00: _OSC: OS now controls [AER PCIeCapability LTR]
Oct 25 12:30:55 parrot kernel: [    0.367483] acpi PNP0A08:00: FADT indicates ASPM is unsupported, using BIOS configuration
Oct 25 12:30:55 parrot kernel: [    0.369942] PCI host bridge to bus 0000:00
Oct 25 12:30:55 parrot kernel: [    0.369944] pci_bus 0000:00: root bus resource [io  0x0000-0x0cf7 window]
Oct 25 12:30:55 parrot kernel: [    0.369945] pci_bus 0000:00: root bus resource [io  0x0d00-0xffff window]
Oct 25 12:30:55 parrot kernel: [    0.369946] pci_bus 0000:00: root bus resource [mem 0x000a0000-0x000bffff window]
Oct 25 12:30:55 parrot kernel: [    0.369947] pci_bus 0000:00: root bus resource [mem 0x8f800000-0xdfffffff window]
Oct 25 12:30:55 parrot kernel: [    0.369947] pci_bus 0000:00: root bus resource [mem 0xfc800000-0xfe7fffff window]
Oct 25 12:30:55 parrot kernel: [    0.369948] pci_bus 0000:00: root bus resource [bus 00-fe]
Oct 25 12:30:55 parrot kernel: [    0.369956] pci 0000:00:00.0: [8086:3e10] type 00 class 0x060000
Oct 25 12:30:55 parrot kernel: [    0.371057] pci 0000:00:01.0: [8086:1901] type 01 class 0x060400
Oct 25 12:30:55 parrot kernel: [    0.371097] pci 0000:00:01.0: PME# supported from D0 D3hot D3cold
Oct 25 12:30:55 parrot kernel: [    0.372046] pci 0000:00:02.0: [8086:3e9b] type 00 class 0x030000
Oct 25 12:30:55 parrot kernel: [    0.372054] pci 0000:00:02.0: reg 0x10: [mem 0xa2000000-0xa2ffffff 64bit]
Oct 25 12:30:55 parrot kernel: [    0.372059] pci 0000:00:02.0: reg 0x18: [mem 0xb0000000-0xbfffffff 64bit pref]
Oct 25 12:30:55 parrot kernel: [    0.372062] pci 0000:00:02.0: reg 0x20: [io  0x5000-0x503f]
Oct 25 12:30:55 parrot kernel: [    0.372074] pci 0000:00:02.0: BAR 2: assigned to efifb
Oct 25 12:30:55 parrot kernel: [    0.373018] pci 0000:00:08.0: [8086:1911] type 00 class 0x088000
Oct 25 12:30:55 parrot kernel: [    0.373027] pci 0000:00:08.0: reg 0x10: [mem 0xa4516000-0xa4516fff 64bit]
Oct 25 12:30:55 parrot kernel: [    0.374009] pci 0000:00:12.0: [8086:a379] type 00 class 0x118000
Oct 25 12:30:55 parrot kernel: [    0.374044] pci 0000:00:12.0: reg 0x10: [mem 0xa4517000-0xa4517fff 64bit]
Oct 25 12:30:55 parrot kernel: [    0.375091] pci 0000:00:14.0: [8086:a36d] type 00 class 0x0c0330
Oct 25 12:30:55 parrot kernel: [    0.375124] pci 0000:00:14.0: reg 0x10: [mem 0xa4500000-0xa450ffff 64bit]
Oct 25 12:30:55 parrot kernel: [    0.375227] pci 0000:00:14.0: PME# supported from D3hot D3cold
Oct 25 12:30:55 parrot kernel: [    0.376169] pci 0000:00:14.2: [8086:a36f] type 00 class 0x050000
Oct 25 12:30:55 parrot kernel: [    0.376198] pci 0000:00:14.2: reg 0x10: [mem 0xa4514000-0xa4515fff 64bit]
Oct 25 12:30:55 parrot kernel: [    0.376215] pci 0000:00:14.2: reg 0x18: [mem 0xa4518000-0xa4518fff 64bit]
Oct 25 12:30:55 parrot kernel: [    0.377441] pci 0000:00:15.0: [8086:a368] type 00 class 0x0c8000
Oct 25 12:30:55 parrot kernel: [    0.378101] pci 0000:00:15.0: reg 0x10: [mem 0x00000000-0x00000fff 64bit]
Oct 25 12:30:55 parrot kernel: [    0.381518] pci 0000:00:15.1: [8086:a369] type 00 class 0x0c8000
Oct 25 12:30:55 parrot kernel: [    0.382246] pci 0000:00:15.1: reg 0x10: [mem 0x00000000-0x00000fff 64bit]
Oct 25 12:30:55 parrot kernel: [    0.385258] pci 0000:00:16.0: [8086:a360] type 00 class 0x078000
Oct 25 12:30:55 parrot kernel: [    0.385288] pci 0000:00:16.0: reg 0x10: [mem 0xa451b000-0xa451bfff 64bit]
Oct 25 12:30:55 parrot kernel: [    0.385378] pci 0000:00:16.0: PME# supported from D3hot
Oct 25 12:30:55 parrot kernel: [    0.386463] pci 0000:00:1d.0: [8086:a330] type 01 class 0x060400
Oct 25 12:30:55 parrot kernel: [    0.386614] pci 0000:00:1d.0: PME# supported from D0 D3hot D3cold
Oct 25 12:30:55 parrot kernel: [    0.386649] pci 0000:00:1d.0: PTM enabled (root), 4ns granularity
Oct 25 12:30:55 parrot kernel: [    0.387637] pci 0000:00:1d.5: [8086:a335] type 01 class 0x060400
Oct 25 12:30:55 parrot kernel: [    0.387785] pci 0000:00:1d.5: PME# supported from D0 D3hot D3cold
Oct 25 12:30:55 parrot kernel: [    0.387817] pci 0000:00:1d.5: PTM enabled (root), 4ns granularity
Oct 25 12:30:55 parrot kernel: [    0.388768] pci 0000:00:1d.6: [8086:a336] type 01 class 0x060400
Oct 25 12:30:55 parrot kernel: [    0.388912] pci 0000:00:1d.6: PME# supported from D0 D3hot D3cold
Oct 25 12:30:55 parrot kernel: [    0.388943] pci 0000:00:1d.6: PTM enabled (root), 4ns granularity
Oct 25 12:30:55 parrot kernel: [    0.390153] pci 0000:00:1e.0: [8086:a328] type 00 class 0x078000
Oct 25 12:30:55 parrot kernel: [    0.390809] pci 0000:00:1e.0: reg 0x10: [mem 0x00000000-0x00000fff 64bit]
Oct 25 12:30:55 parrot kernel: [    0.393981] pci 0000:00:1f.0: [8086:a30d] type 00 class 0x060100
Oct 25 12:30:55 parrot kernel: [    0.395150] pci 0000:00:1f.3: [8086:a348] type 00 class 0x040380
Oct 25 12:30:55 parrot kernel: [    0.395224] pci 0000:00:1f.3: reg 0x10: [mem 0xa4510000-0xa4513fff 64bit]
Oct 25 12:30:55 parrot kernel: [    0.395290] pci 0000:00:1f.3: reg 0x20: [mem 0xa4100000-0xa41fffff 64bit]
Oct 25 12:30:55 parrot kernel: [    0.395426] pci 0000:00:1f.3: PME# supported from D3hot D3cold
Oct 25 12:30:55 parrot kernel: [    0.396451] pci 0000:00:1f.4: [8086:a323] type 00 class 0x0c0500
Oct 25 12:30:55 parrot kernel: [    0.396518] pci 0000:00:1f.4: reg 0x10: [mem 0xa451d000-0xa451d0ff 64bit]
Oct 25 12:30:55 parrot kernel: [    0.396601] pci 0000:00:1f.4: reg 0x20: [io  0x5040-0x505f]
Oct 25 12:30:55 parrot kernel: [    0.397598] pci 0000:00:1f.5: [8086:a324] type 00 class 0x0c8000
Oct 25 12:30:55 parrot kernel: [    0.397618] pci 0000:00:1f.5: reg 0x10: [mem 0xfe010000-0xfe010fff]
Oct 25 12:30:55 parrot kernel: [    0.398590] pci 0000:01:00.0: [10de:1f99] type 00 class 0x030000
Oct 25 12:30:55 parrot kernel: [    0.398607] pci 0000:01:00.0: reg 0x10: [mem 0xa3000000-0xa3ffffff]
Oct 25 12:30:55 parrot kernel: [    0.398615] pci 0000:01:00.0: reg 0x14: [mem 0x90000000-0x9fffffff 64bit pref]
Oct 25 12:30:55 parrot kernel: [    0.398623] pci 0000:01:00.0: reg 0x1c: [mem 0xa0000000-0xa1ffffff 64bit pref]
Oct 25 12:30:55 parrot kernel: [    0.398629] pci 0000:01:00.0: reg 0x24: [io  0x4000-0x407f]
Oct 25 12:30:55 parrot kernel: [    0.398634] pci 0000:01:00.0: reg 0x30: [mem 0xfff80000-0xffffffff pref]
Oct 25 12:30:55 parrot kernel: [    0.398647] pci 0000:01:00.0: Enabling HDA controller
Oct 25 12:30:55 parrot kernel: [    0.398681] pci 0000:01:00.0: PME# supported from D0 D3hot D3cold
Oct 25 12:30:55 parrot kernel: [    0.398779] pci 0000:01:00.1: [10de:10fa] type 00 class 0x040300
Oct 25 12:30:55 parrot kernel: [    0.398792] pci 0000:01:00.1: reg 0x10: [mem 0xa4000000-0xa4003fff]
Oct 25 12:30:55 parrot kernel: [    0.398911] pci 0000:00:01.0: PCI bridge to [bus 01-05]
Oct 25 12:30:55 parrot kernel: [    0.398913] pci 0000:00:01.0:   bridge window [io  0x4000-0x4fff]
Oct 25 12:30:55 parrot kernel: [    0.398914] pci 0000:00:01.0:   bridge window [mem 0xa3000000-0xa40fffff]
Oct 25 12:30:55 parrot kernel: [    0.398917] pci 0000:00:01.0:   bridge window [mem 0x90000000-0xa1ffffff 64bit pref]
Oct 25 12:30:55 parrot kernel: [    0.398990] pci 0000:06:00.0: [1c5c:1327] type 00 class 0x010802
Oct 25 12:30:55 parrot kernel: [    0.399035] pci 0000:06:00.0: reg 0x10: [mem 0xa4400000-0xa4403fff 64bit]
Oct 25 12:30:55 parrot kernel: [    0.399198] pci 0000:06:00.0: supports D1
Oct 25 12:30:55 parrot kernel: [    0.399199] pci 0000:06:00.0: PME# supported from D0 D1 D3hot
Oct 25 12:30:55 parrot kernel: [    0.399415] pci 0000:00:1d.0: PCI bridge to [bus 06]
Oct 25 12:30:55 parrot kernel: [    0.399421] pci 0000:00:1d.0:   bridge window [mem 0xa4400000-0xa44fffff]
Oct 25 12:30:55 parrot kernel: [    0.399497] pci 0000:07:00.0: [10ec:8168] type 00 class 0x020000
Oct 25 12:30:55 parrot kernel: [    0.399532] pci 0000:07:00.0: reg 0x10: [io  0x3000-0x30ff]
Oct 25 12:30:55 parrot kernel: [    0.399559] pci 0000:07:00.0: reg 0x18: [mem 0xa4304000-0xa4304fff 64bit]
Oct 25 12:30:55 parrot kernel: [    0.399576] pci 0000:07:00.0: reg 0x20: [mem 0xa4300000-0xa4303fff 64bit]
Oct 25 12:30:55 parrot kernel: [    0.399692] pci 0000:07:00.0: supports D1 D2
Oct 25 12:30:55 parrot kernel: [    0.399693] pci 0000:07:00.0: PME# supported from D0 D1 D2 D3hot D3cold
Oct 25 12:30:55 parrot kernel: [    0.399898] pci 0000:00:1d.5: PCI bridge to [bus 07]
Oct 25 12:30:55 parrot kernel: [    0.399902] pci 0000:00:1d.5:   bridge window [io  0x3000-0x3fff]
Oct 25 12:30:55 parrot kernel: [    0.399905] pci 0000:00:1d.5:   bridge window [mem 0xa4300000-0xa43fffff]
Oct 25 12:30:55 parrot kernel: [    0.400002] pci 0000:08:00.0: [8086:2723] type 00 class 0x028000
Oct 25 12:30:55 parrot kernel: [    0.400044] pci 0000:08:00.0: reg 0x10: [mem 0xa4200000-0xa4203fff 64bit]
Oct 25 12:30:55 parrot kernel: [    0.400206] pci 0000:08:00.0: PME# supported from D0 D3hot D3cold
Oct 25 12:30:55 parrot kernel: [    0.400434] pci 0000:00:1d.6: PCI bridge to [bus 08]
Oct 25 12:30:55 parrot kernel: [    0.400440] pci 0000:00:1d.6:   bridge window [mem 0xa4200000-0xa42fffff]
Oct 25 12:30:55 parrot kernel: [    0.402854] ACPI: EC: interrupt unblocked
Oct 25 12:30:55 parrot kernel: [    0.402881] ACPI: EC: event unblocked
Oct 25 12:30:55 parrot kernel: [    0.402900] ACPI: \_SB_.PCI0.LPCB.EC0_: GPE=0x14, IRQ=-1, EC_CMD/EC_SC=0x66, EC_DATA=0x62
Oct 25 12:30:55 parrot kernel: [    0.402901] ACPI: \_SB_.PCI0.LPCB.EC0_: Boot DSDT EC used to handle transactions and events
Oct 25 12:30:55 parrot kernel: [    0.402951] iommu: Default domain type: Translated 
Oct 25 12:30:55 parrot kernel: [    0.402961] pci 0000:00:02.0: vgaarb: setting as boot VGA device
Oct 25 12:30:55 parrot kernel: [    0.402961] pci 0000:00:02.0: vgaarb: VGA device added: decodes=io+mem,owns=io+mem,locks=none
Oct 25 12:30:55 parrot kernel: [    0.402961] pci 0000:01:00.0: vgaarb: VGA device added: decodes=io+mem,owns=none,locks=none
Oct 25 12:30:55 parrot kernel: [    0.402961] pci 0000:00:02.0: vgaarb: no bridge control possible
Oct 25 12:30:55 parrot kernel: [    0.402961] pci 0000:01:00.0: vgaarb: bridge control possible
Oct 25 12:30:55 parrot kernel: [    0.402961] vgaarb: loaded
Oct 25 12:30:55 parrot kernel: [    0.402961] EDAC MC: Ver: 3.0.0
Oct 25 12:30:55 parrot kernel: [    0.402961] Registered efivars operations
Oct 25 12:30:55 parrot kernel: [    0.402961] PCI: Using ACPI for IRQ routing
Oct 25 12:30:55 parrot kernel: [    0.484961] PCI: pci_cache_line_size set to 64 bytes
Oct 25 12:30:55 parrot kernel: [    0.485283] e820: reserve RAM buffer [mem 0x0009f000-0x0009ffff]
Oct 25 12:30:55 parrot kernel: [    0.485284] e820: reserve RAM buffer [mem 0x71357000-0x73ffffff]
Oct 25 12:30:55 parrot kernel: [    0.485285] e820: reserve RAM buffer [mem 0x7813f000-0x7bffffff]
Oct 25 12:30:55 parrot kernel: [    0.485285] e820: reserve RAM buffer [mem 0x87e6e000-0x87ffffff]
Oct 25 12:30:55 parrot kernel: [    0.485286] e820: reserve RAM buffer [mem 0x89d0f000-0x8bffffff]
Oct 25 12:30:55 parrot kernel: [    0.485286] e820: reserve RAM buffer [mem 0x26e800000-0x26fffffff]
Oct 25 12:30:55 parrot kernel: [    0.485825] hpet0: at MMIO 0xfed00000, IRQs 2, 8, 0, 0, 0, 0, 0, 0
Oct 25 12:30:55 parrot kernel: [    0.485828] hpet0: 8 comparators, 64-bit 24.000000 MHz counter
Oct 25 12:30:55 parrot kernel: [    0.489309] clocksource: Switched to clocksource tsc-early
Oct 25 12:30:55 parrot kernel: [    0.496737] VFS: Disk quotas dquot_6.6.0
Oct 25 12:30:55 parrot kernel: [    0.496748] VFS: Dquot-cache hash table entries: 512 (order 0, 4096 bytes)
Oct 25 12:30:55 parrot kernel: [    0.496827] AppArmor: AppArmor Filesystem Enabled
Oct 25 12:30:55 parrot kernel: [    0.496835] pnp: PnP ACPI init
Oct 25 12:30:55 parrot kernel: [    0.496899] system 00:00: [mem 0x40000000-0x403fffff] could not be reserved
Oct 25 12:30:55 parrot kernel: [    0.496902] system 00:00: Plug and Play ACPI device, IDs PNP0c02 (active)
Oct 25 12:30:55 parrot kernel: [    0.497151] system 00:01: [io  0x1800-0x18fe] has been reserved
Oct 25 12:30:55 parrot kernel: [    0.497152] system 00:01: [mem 0xfd000000-0xfd69ffff] has been reserved
Oct 25 12:30:55 parrot kernel: [    0.497153] system 00:01: [mem 0xfd6c0000-0xfd6cffff] has been reserved
Oct 25 12:30:55 parrot kernel: [    0.497154] system 00:01: [mem 0xfd6f0000-0xfdffffff] has been reserved
Oct 25 12:30:55 parrot kernel: [    0.497155] system 00:01: [mem 0xfe000000-0xfe01ffff] could not be reserved
Oct 25 12:30:55 parrot kernel: [    0.497156] system 00:01: [mem 0xfe200000-0xfe7fffff] has been reserved
Oct 25 12:30:55 parrot kernel: [    0.497157] system 00:01: [mem 0xfc7e0000-0xfc7e0fff] has been reserved
Oct 25 12:30:55 parrot kernel: [    0.497158] system 00:01: [mem 0xff000000-0xffffffff] could not be reserved
Oct 25 12:30:55 parrot kernel: [    0.497160] system 00:01: Plug and Play ACPI device, IDs PNP0c02 (active)
Oct 25 12:30:55 parrot kernel: [    0.497424] system 00:02: [io  0x2000-0x20fe] has been reserved
Oct 25 12:30:55 parrot kernel: [    0.497426] system 00:02: Plug and Play ACPI device, IDs PNP0c02 (active)
Oct 25 12:30:55 parrot kernel: [    0.497516] system 00:03: [io  0x0680-0x069f] has been reserved
Oct 25 12:30:55 parrot kernel: [    0.497517] system 00:03: [io  0x164e-0x164f] has been reserved
Oct 25 12:30:55 parrot kernel: [    0.497517] system 00:03: [io  0xfd60-0xfd63] has been reserved
Oct 25 12:30:55 parrot kernel: [    0.497520] system 00:03: Plug and Play ACPI device, IDs PNP0c02 (active)
Oct 25 12:30:55 parrot kernel: [    0.497556] pnp 00:04: Plug and Play ACPI device, IDs PNP0b00 (active)
Oct 25 12:30:55 parrot kernel: [    0.497629] system 00:05: [io  0x1854-0x1857] has been reserved
Oct 25 12:30:55 parrot kernel: [    0.497631] system 00:05: Plug and Play ACPI device, IDs INT3f0d PNP0c02 (active)
Oct 25 12:30:55 parrot kernel: [    0.497646] pnp 00:06: Plug and Play ACPI device, IDs PNP0303 (active)
Oct 25 12:30:55 parrot kernel: [    0.498709] system 00:07: Plug and Play ACPI device, IDs PNP0c02 (active)
Oct 25 12:30:55 parrot kernel: [    0.499231] system 00:08: [mem 0xfed10000-0xfed17fff] has been reserved
Oct 25 12:30:55 parrot kernel: [    0.499232] system 00:08: [mem 0xfed18000-0xfed18fff] has been reserved
Oct 25 12:30:55 parrot kernel: [    0.499233] system 00:08: [mem 0xfed19000-0xfed19fff] has been reserved
Oct 25 12:30:55 parrot kernel: [    0.499234] system 00:08: [mem 0xe0000000-0xefffffff] has been reserved
Oct 25 12:30:55 parrot kernel: [    0.499234] system 00:08: [mem 0xfed20000-0xfed3ffff] has been reserved
Oct 25 12:30:55 parrot kernel: [    0.499235] system 00:08: [mem 0xfed90000-0xfed93fff] could not be reserved
Oct 25 12:30:55 parrot kernel: [    0.499236] system 00:08: [mem 0xfed45000-0xfed8ffff] could not be reserved
Oct 25 12:30:55 parrot kernel: [    0.499237] system 00:08: [mem 0xfee00000-0xfeefffff] could not be reserved
Oct 25 12:30:55 parrot kernel: [    0.499240] system 00:08: Plug and Play ACPI device, IDs PNP0c02 (active)
Oct 25 12:30:55 parrot kernel: [    0.499565] pnp: PnP ACPI: found 9 devices
Oct 25 12:30:55 parrot kernel: [    0.504869] clocksource: acpi_pm: mask: 0xffffff max_cycles: 0xffffff, max_idle_ns: 2085701024 ns
Oct 25 12:30:55 parrot kernel: [    0.504889] pci 0000:01:00.0: can't claim BAR 6 [mem 0xfff80000-0xffffffff pref]: no compatible bridge window
Oct 25 12:30:55 parrot kernel: [    0.504898] pci 0000:00:15.0: BAR 0: assigned [mem 0x8f800000-0x8f800fff 64bit]
Oct 25 12:30:55 parrot kernel: [    0.505168] pci 0000:00:15.1: BAR 0: assigned [mem 0x8f801000-0x8f801fff 64bit]
Oct 25 12:30:55 parrot kernel: [    0.505366] pci 0000:00:1e.0: BAR 0: assigned [mem 0x8f802000-0x8f802fff 64bit]
Oct 25 12:30:55 parrot kernel: [    0.505634] pci 0000:01:00.0: BAR 6: assigned [mem 0xa4080000-0xa40fffff pref]
Oct 25 12:30:55 parrot kernel: [    0.505635] pci 0000:00:01.0: PCI bridge to [bus 01-05]
Oct 25 12:30:55 parrot kernel: [    0.505637] pci 0000:00:01.0:   bridge window [io  0x4000-0x4fff]
Oct 25 12:30:55 parrot kernel: [    0.505639] pci 0000:00:01.0:   bridge window [mem 0xa3000000-0xa40fffff]
Oct 25 12:30:55 parrot kernel: [    0.505640] pci 0000:00:01.0:   bridge window [mem 0x90000000-0xa1ffffff 64bit pref]
Oct 25 12:30:55 parrot kernel: [    0.505643] pci 0000:00:1d.0: PCI bridge to [bus 06]
Oct 25 12:30:55 parrot kernel: [    0.505650] pci 0000:00:1d.0:   bridge window [mem 0xa4400000-0xa44fffff]
Oct 25 12:30:55 parrot kernel: [    0.505660] pci 0000:00:1d.5: PCI bridge to [bus 07]
Oct 25 12:30:55 parrot kernel: [    0.505662] pci 0000:00:1d.5:   bridge window [io  0x3000-0x3fff]
Oct 25 12:30:55 parrot kernel: [    0.505667] pci 0000:00:1d.5:   bridge window [mem 0xa4300000-0xa43fffff]
Oct 25 12:30:55 parrot kernel: [    0.505676] pci 0000:00:1d.6: PCI bridge to [bus 08]
Oct 25 12:30:55 parrot kernel: [    0.505681] pci 0000:00:1d.6:   bridge window [mem 0xa4200000-0xa42fffff]
Oct 25 12:30:55 parrot kernel: [    0.505691] pci_bus 0000:00: resource 4 [io  0x0000-0x0cf7 window]
Oct 25 12:30:55 parrot kernel: [    0.505692] pci_bus 0000:00: resource 5 [io  0x0d00-0xffff window]
Oct 25 12:30:55 parrot kernel: [    0.505693] pci_bus 0000:00: resource 6 [mem 0x000a0000-0x000bffff window]
Oct 25 12:30:55 parrot kernel: [    0.505694] pci_bus 0000:00: resource 7 [mem 0x8f800000-0xdfffffff window]
Oct 25 12:30:55 parrot kernel: [    0.505694] pci_bus 0000:00: resource 8 [mem 0xfc800000-0xfe7fffff window]
Oct 25 12:30:55 parrot kernel: [    0.505695] pci_bus 0000:01: resource 0 [io  0x4000-0x4fff]
Oct 25 12:30:55 parrot kernel: [    0.505696] pci_bus 0000:01: resource 1 [mem 0xa3000000-0xa40fffff]
Oct 25 12:30:55 parrot kernel: [    0.505697] pci_bus 0000:01: resource 2 [mem 0x90000000-0xa1ffffff 64bit pref]
Oct 25 12:30:55 parrot kernel: [    0.505698] pci_bus 0000:06: resource 1 [mem 0xa4400000-0xa44fffff]
Oct 25 12:30:55 parrot kernel: [    0.505698] pci_bus 0000:07: resource 0 [io  0x3000-0x3fff]
Oct 25 12:30:55 parrot kernel: [    0.505699] pci_bus 0000:07: resource 1 [mem 0xa4300000-0xa43fffff]
Oct 25 12:30:55 parrot kernel: [    0.505700] pci_bus 0000:08: resource 1 [mem 0xa4200000-0xa42fffff]
Oct 25 12:30:55 parrot kernel: [    0.505816] NET: Registered protocol family 2
Oct 25 12:30:55 parrot kernel: [    0.505900] tcp_listen_portaddr_hash hash table entries: 4096 (order: 4, 65536 bytes, linear)
Oct 25 12:30:55 parrot kernel: [    0.505909] TCP established hash table entries: 65536 (order: 7, 524288 bytes, linear)
Oct 25 12:30:55 parrot kernel: [    0.505977] TCP bind hash table entries: 65536 (order: 8, 1048576 bytes, linear)
Oct 25 12:30:55 parrot kernel: [    0.506100] TCP: Hash tables configured (established 65536 bind 65536)
Oct 25 12:30:55 parrot kernel: [    0.506120] UDP hash table entries: 4096 (order: 5, 131072 bytes, linear)
Oct 25 12:30:55 parrot kernel: [    0.506136] UDP-Lite hash table entries: 4096 (order: 5, 131072 bytes, linear)
Oct 25 12:30:55 parrot kernel: [    0.506188] NET: Registered protocol family 1
Oct 25 12:30:55 parrot kernel: [    0.506191] NET: Registered protocol family 44
Oct 25 12:30:55 parrot kernel: [    0.506199] pci 0000:00:02.0: Video device with shadowed ROM at [mem 0x000c0000-0x000dffff]
Oct 25 12:30:55 parrot kernel: [    0.507817] pci 0000:01:00.1: D0 power state depends on 0000:01:00.0
Oct 25 12:30:55 parrot kernel: [    0.507841] PCI: CLS 64 bytes, default 64
Oct 25 12:30:55 parrot kernel: [    0.507888] Trying to unpack rootfs image as initramfs...
Oct 25 12:30:55 parrot kernel: [    1.408030] Freeing initrd memory: 68852K
Oct 25 12:30:55 parrot kernel: [    1.408066] DMAR: No ATSR found
Oct 25 12:30:55 parrot kernel: [    1.408101] DMAR: dmar0: Using Queued invalidation
Oct 25 12:30:55 parrot kernel: [    1.408103] DMAR: dmar1: Using Queued invalidation
Oct 25 12:30:55 parrot kernel: [    1.408346] pci 0000:00:00.0: Adding to iommu group 0
Oct 25 12:30:55 parrot kernel: [    1.408393] pci 0000:00:01.0: Adding to iommu group 1
Oct 25 12:30:55 parrot kernel: [    1.414746] pci 0000:00:02.0: Adding to iommu group 2
Oct 25 12:30:55 parrot kernel: [    1.414875] pci 0000:00:02.0: Using iommu direct mapping
Oct 25 12:30:55 parrot kernel: [    1.414911] pci 0000:00:08.0: Adding to iommu group 3
Oct 25 12:30:55 parrot kernel: [    1.414952] pci 0000:00:12.0: Adding to iommu group 4
Oct 25 12:30:55 parrot kernel: [    1.415019] pci 0000:00:14.0: Adding to iommu group 5
Oct 25 12:30:55 parrot kernel: [    1.415028] pci 0000:00:14.2: Adding to iommu group 5
Oct 25 12:30:55 parrot kernel: [    1.415073] pci 0000:00:15.0: Adding to iommu group 6
Oct 25 12:30:55 parrot kernel: [    1.415082] pci 0000:00:15.1: Adding to iommu group 6
Oct 25 12:30:55 parrot kernel: [    1.415127] pci 0000:00:16.0: Adding to iommu group 7
Oct 25 12:30:55 parrot kernel: [    1.415178] pci 0000:00:1d.0: Adding to iommu group 8
Oct 25 12:30:55 parrot kernel: [    1.415222] pci 0000:00:1d.5: Adding to iommu group 9
Oct 25 12:30:55 parrot kernel: [    1.415269] pci 0000:00:1d.6: Adding to iommu group 10
Oct 25 12:30:55 parrot kernel: [    1.415313] pci 0000:00:1e.0: Adding to iommu group 11
Oct 25 12:30:55 parrot kernel: [    1.416781] pci 0000:00:1f.0: Adding to iommu group 12
Oct 25 12:30:55 parrot kernel: [    1.416791] pci 0000:00:1f.3: Adding to iommu group 12
Oct 25 12:30:55 parrot kernel: [    1.416800] pci 0000:00:1f.4: Adding to iommu group 12
Oct 25 12:30:55 parrot kernel: [    1.416810] pci 0000:00:1f.5: Adding to iommu group 12
Oct 25 12:30:55 parrot kernel: [    1.416816] pci 0000:01:00.0: Adding to iommu group 1
Oct 25 12:30:55 parrot kernel: [    1.416822] pci 0000:01:00.1: Adding to iommu group 1
Oct 25 12:30:55 parrot kernel: [    1.416869] pci 0000:06:00.0: Adding to iommu group 13
Oct 25 12:30:55 parrot kernel: [    1.416922] pci 0000:07:00.0: Adding to iommu group 14
Oct 25 12:30:55 parrot kernel: [    1.416970] pci 0000:08:00.0: Adding to iommu group 15
Oct 25 12:30:55 parrot kernel: [    1.417062] DMAR: Intel(R) Virtualization Technology for Directed I/O
Oct 25 12:30:55 parrot kernel: [    1.419164] Initialise system trusted keyrings
Oct 25 12:30:55 parrot kernel: [    1.419171] Key type blacklist registered
Oct 25 12:30:55 parrot kernel: [    1.419212] workingset: timestamp_bits=40 max_order=21 bucket_order=0
Oct 25 12:30:55 parrot kernel: [    1.420177] zbud: loaded
Oct 25 12:30:55 parrot kernel: [    1.420313] Platform Keyring initialized
Oct 25 12:30:55 parrot kernel: [    1.420314] Key type asymmetric registered
Oct 25 12:30:55 parrot kernel: [    1.420315] Asymmetric key parser 'x509' registered
Oct 25 12:30:55 parrot kernel: [    1.420320] Block layer SCSI generic (bsg) driver version 0.4 loaded (major 250)
Oct 25 12:30:55 parrot kernel: [    1.420368] io scheduler mq-deadline registered
Oct 25 12:30:55 parrot kernel: [    1.424738] pcieport 0000:00:1d.0: AER: enabled with IRQ 123
Oct 25 12:30:55 parrot kernel: [    1.424784] pcieport 0000:00:1d.0: DPC: error containment capabilities: Int Msg #0, RPExt+ PoisonedTLP+ SwTrigger+ RP PIO Log 4, DL_ActiveErr+
Oct 25 12:30:55 parrot kernel: [    1.425068] pcieport 0000:00:1d.5: AER: enabled with IRQ 124
Oct 25 12:30:55 parrot kernel: [    1.425109] pcieport 0000:00:1d.5: DPC: error containment capabilities: Int Msg #0, RPExt+ PoisonedTLP+ SwTrigger+ RP PIO Log 4, DL_ActiveErr+
Oct 25 12:30:55 parrot kernel: [    1.425395] pcieport 0000:00:1d.6: AER: enabled with IRQ 125
Oct 25 12:30:55 parrot kernel: [    1.425432] pcieport 0000:00:1d.6: DPC: error containment capabilities: Int Msg #0, RPExt+ PoisonedTLP+ SwTrigger+ RP PIO Log 4, DL_ActiveErr+
Oct 25 12:30:55 parrot kernel: [    1.425538] shpchp: Standard Hot Plug PCI Controller Driver version: 0.4
Oct 25 12:30:55 parrot kernel: [    1.425550] efifb: probing for efifb
Oct 25 12:30:55 parrot kernel: [    1.425559] efifb: framebuffer at 0xb0000000, using 8128k, total 8128k
Oct 25 12:30:55 parrot kernel: [    1.425559] efifb: mode is 1920x1080x32, linelength=7680, pages=1
Oct 25 12:30:55 parrot kernel: [    1.425560] efifb: scrolling: redraw
Oct 25 12:30:55 parrot kernel: [    1.425561] efifb: Truecolor: size=8:8:8:8, shift=24:16:8:0
Oct 25 12:30:55 parrot kernel: [    1.425623] Console: switching to colour frame buffer device 240x67
Oct 25 12:30:55 parrot kernel: [    1.428867] fb0: EFI VGA frame buffer device
Oct 25 12:30:55 parrot kernel: [    1.428873] intel_idle: MWAIT substates: 0x11142120
Oct 25 12:30:55 parrot kernel: [    1.428874] intel_idle: v0.4.1 model 0x9E
Oct 25 12:30:55 parrot kernel: [    1.429206] intel_idle: lapic_timer_reliable_states 0xffffffff
Oct 25 12:30:55 parrot kernel: [    1.430491] Serial: 8250/16550 driver, 4 ports, IRQ sharing enabled
Oct 25 12:30:55 parrot kernel: [    1.431146] Linux agpgart interface v0.103
Oct 25 12:30:55 parrot kernel: [    1.431180] AMD-Vi: AMD IOMMUv2 driver by Joerg Roedel <jroedel@suse.de>
Oct 25 12:30:55 parrot kernel: [    1.431181] AMD-Vi: AMD IOMMUv2 functionality not available on this system
Oct 25 12:30:55 parrot kernel: [    1.431780] i8042: PNP: PS/2 Controller [PNP0303:PS2K] at 0x60,0x64 irq 1
Oct 25 12:30:55 parrot kernel: [    1.431781] i8042: PNP: PS/2 appears to have AUX port disabled, if this is incorrect please boot with i8042.nopnp
Oct 25 12:30:55 parrot kernel: [    1.439823] serio: i8042 KBD port at 0x60,0x64 irq 1
Oct 25 12:30:55 parrot kernel: [    1.440017] mousedev: PS/2 mouse device common for all mice
Oct 25 12:30:55 parrot kernel: [    1.440083] rtc_cmos 00:04: RTC can wake from S4
Oct 25 12:30:55 parrot kernel: [    1.441153] rtc_cmos 00:04: registered as rtc0
Oct 25 12:30:55 parrot kernel: [    1.441163] rtc_cmos 00:04: alarms up to one month, y3k, 242 bytes nvram, hpet irqs
Oct 25 12:30:55 parrot kernel: [    1.441166] intel_pstate: Intel P-state driver initializing
Oct 25 12:30:55 parrot kernel: [    1.441204] intel_pstate: Disabling energy efficiency optimization
Oct 25 12:30:55 parrot kernel: [    1.441924] intel_pstate: HWP enabled
Oct 25 12:30:55 parrot kernel: [    1.442062] ledtrig-cpu: registered to indicate activity on CPUs
Oct 25 12:30:55 parrot kernel: [    1.442187] drop_monitor: Initializing network drop monitor service
Oct 25 12:30:55 parrot kernel: [    1.442325] NET: Registered protocol family 10
Oct 25 12:30:55 parrot kernel: [    1.451038] input: AT Translated Set 2 keyboard as /devices/platform/i8042/serio0/input/input0
Oct 25 12:30:55 parrot kernel: [    1.451116] Segment Routing with IPv6
Oct 25 12:30:55 parrot kernel: [    1.451130] mip6: Mobile IPv6
Oct 25 12:30:55 parrot kernel: [    1.451131] NET: Registered protocol family 17
Oct 25 12:30:55 parrot kernel: [    1.451286] mpls_gso: MPLS GSO support
Oct 25 12:30:55 parrot kernel: [    1.451880] microcode: sig=0x906ea, pf=0x20, revision=0xca
Oct 25 12:30:55 parrot kernel: [    1.452078] microcode: Microcode Update Driver: v2.2.
Oct 25 12:30:55 parrot kernel: [    1.452080] IPI shorthand broadcast: enabled
Oct 25 12:30:55 parrot kernel: [    1.452084] sched_clock: Marking stable (1443278980, 8530100)->(1455997578, -4188498)
Oct 25 12:30:55 parrot kernel: [    1.452313] registered taskstats version 1
Oct 25 12:30:55 parrot kernel: [    1.452318] Loading compiled-in X.509 certificates
Oct 25 12:30:55 parrot kernel: [    1.476891] Loaded X.509 cert 'Debian Secure Boot CA: 6ccece7e4c6c0d1f6149f3dd27dfcc5cbb419ea1'
Oct 25 12:30:55 parrot kernel: [    1.476900] Loaded X.509 cert 'Debian Secure Boot Signer: 00a7468def'
Oct 25 12:30:55 parrot kernel: [    1.476911] zswap: loaded using pool lzo/zbud
Oct 25 12:30:55 parrot kernel: [    1.477126] Key type ._fscrypt registered
Oct 25 12:30:55 parrot kernel: [    1.477127] Key type .fscrypt registered
Oct 25 12:30:55 parrot kernel: [    1.477137] AppArmor: AppArmor sha1 policy hashing enabled
Oct 25 12:30:55 parrot kernel: [    1.479749] rtc_cmos 00:04: setting system clock to 2020-10-25T12:30:51 UTC (1603629051)
Oct 25 12:30:55 parrot kernel: [    1.480579] Freeing unused kernel image (initmem) memory: 1672K
Oct 25 12:30:55 parrot kernel: [    1.549478] Write protecting the kernel read-only data: 16384k
Oct 25 12:30:55 parrot kernel: [    1.550478] Freeing unused kernel image (text/rodata gap) memory: 2044K
Oct 25 12:30:55 parrot kernel: [    1.550834] Freeing unused kernel image (rodata/data gap) memory: 124K
Oct 25 12:30:55 parrot kernel: [    1.558227] x86/mm: Checked W+X mappings: passed, no W+X pages found.
Oct 25 12:30:55 parrot kernel: [    1.558228] x86/mm: Checking user space page tables
Oct 25 12:30:55 parrot kernel: [    1.562796] x86/mm: Checked W+X mappings: passed, no W+X pages found.
Oct 25 12:30:55 parrot kernel: [    1.562797] Run /init as init process
Oct 25 12:30:55 parrot kernel: [    1.664027] button: module verification failed: signature and/or required key missing - tainting kernel
Oct 25 12:30:55 parrot kernel: [    1.664357] input: Lid Switch as /devices/LNXSYSTM:00/LNXSYBUS:00/PNP0A08:00/device:18/PNP0C0D:00/input/input1
Oct 25 12:30:55 parrot kernel: [    1.664380] ACPI: Lid Switch [LID0]
Oct 25 12:30:55 parrot kernel: [    1.664486] input: Sleep Button as /devices/LNXSYSTM:00/LNXSYBUS:00/PNP0C0E:00/input/input2
Oct 25 12:30:55 parrot kernel: [    1.664503] ACPI: Sleep Button [SLPB]
Oct 25 12:30:55 parrot kernel: [    1.664543] input: Power Button as /devices/LNXSYSTM:00/LNXSYBUS:00/PNP0C0C:00/input/input3
Oct 25 12:30:55 parrot kernel: [    1.664575] ACPI: Power Button [PWRB]
Oct 25 12:30:55 parrot kernel: [    1.664608] input: Power Button as /devices/LNXSYSTM:00/LNXPWRBN:00/input/input4
Oct 25 12:30:55 parrot kernel: [    1.664634] ACPI: Power Button [PWRF]
Oct 25 12:30:55 parrot kernel: [    1.671151] wmi_bus wmi_bus-PNP0C14:01: WQ data block query control method not found
Oct 25 12:30:55 parrot kernel: [    1.671153] wmi_bus wmi_bus-PNP0C14:01: WQ data block query control method not found
Oct 25 12:30:55 parrot kernel: [    1.671154] wmi_bus wmi_bus-PNP0C14:01: WQ data block query control method not found
Oct 25 12:30:55 parrot kernel: [    1.671155] wmi_bus wmi_bus-PNP0C14:01: WQ data block query control method not found
Oct 25 12:30:55 parrot kernel: [    1.671329] acpi PNP0C14:03: duplicate WMI GUID 05901221-D566-11D1-B2F0-00A0C9062910 (first instance was on PNP0C14:00)
Oct 25 12:30:55 parrot kernel: [    1.671385] acpi PNP0C14:04: duplicate WMI GUID 05901221-D566-11D1-B2F0-00A0C9062910 (first instance was on PNP0C14:00)
Oct 25 12:30:55 parrot kernel: [    1.672821] battery: ACPI: Battery Slot [BAT1] (battery present)
Oct 25 12:30:55 parrot kernel: [    1.677164] hid: raw HID events driver (C) Jiri Kosina
Oct 25 12:30:55 parrot kernel: [    1.682473] ACPI: bus type USB registered
Oct 25 12:30:55 parrot kernel: [    1.682490] usbcore: registered new interface driver usbfs
Oct 25 12:30:55 parrot kernel: [    1.682500] usbcore: registered new interface driver hub
Oct 25 12:30:55 parrot kernel: [    1.682549] usbcore: registered new device driver usb
Oct 25 12:30:55 parrot kernel: [    1.685885] cryptd: max_cpu_qlen set to 1000
Oct 25 12:30:55 parrot kernel: [    1.690224] nvme nvme0: pci function 0000:06:00.0
Oct 25 12:30:55 parrot kernel: [    1.692189] r8169 0000:07:00.0: can't disable ASPM; OS doesn't have ASPM control
Oct 25 12:30:55 parrot kernel: [    1.693651] AVX2 version of gcm_enc/dec engaged.
Oct 25 12:30:55 parrot kernel: [    1.693652] AES CTR mode by8 optimization enabled
Oct 25 12:30:55 parrot kernel: [    1.693718] i801_smbus 0000:00:1f.4: SPD Write Disable is set
Oct 25 12:30:55 parrot kernel: [    1.693782] i801_smbus 0000:00:1f.4: SMBus using PCI interrupt
Oct 25 12:30:55 parrot kernel: [    1.695981] xhci_hcd 0000:00:14.0: xHCI Host Controller
Oct 25 12:30:55 parrot kernel: [    1.695987] xhci_hcd 0000:00:14.0: new USB bus registered, assigned bus number 1
Oct 25 12:30:55 parrot kernel: [    1.695991] intel-lpss 0000:00:15.0: enabling device (0000 -> 0002)
Oct 25 12:30:55 parrot kernel: [    1.697153] xhci_hcd 0000:00:14.0: hcc params 0x200077c1 hci version 0x110 quirks 0x0000000000009810
Oct 25 12:30:55 parrot kernel: [    1.697159] xhci_hcd 0000:00:14.0: cache line size of 64 is not supported
Oct 25 12:30:55 parrot kernel: [    1.697375] usb usb1: New USB device found, idVendor=1d6b, idProduct=0002, bcdDevice= 5.05
Oct 25 12:30:55 parrot kernel: [    1.697377] usb usb1: New USB device strings: Mfr=3, Product=2, SerialNumber=1
Oct 25 12:30:55 parrot kernel: [    1.697379] usb usb1: Product: xHCI Host Controller
Oct 25 12:30:55 parrot kernel: [    1.697380] usb usb1: Manufacturer: Linux 5.5.0-1parrot1-amd64 xhci-hcd
Oct 25 12:30:55 parrot kernel: [    1.697381] usb usb1: SerialNumber: 0000:00:14.0
Oct 25 12:30:55 parrot kernel: [    1.697765] idma64 idma64.0: Found Intel integrated DMA 64-bit
Oct 25 12:30:55 parrot kernel: [    1.697895] hub 1-0:1.0: USB hub found
Oct 25 12:30:55 parrot kernel: [    1.697967] hub 1-0:1.0: 16 ports detected
Oct 25 12:30:55 parrot kernel: [    1.698578] intel-lpss 0000:00:15.1: enabling device (0000 -> 0002)
Oct 25 12:30:55 parrot kernel: [    1.699013] idma64 idma64.1: Found Intel integrated DMA 64-bit
Oct 25 12:30:55 parrot kernel: [    1.700006] intel-lpss 0000:00:1e.0: enabling device (0000 -> 0002)
Oct 25 12:30:55 parrot kernel: [    1.700662] idma64 idma64.2: Found Intel integrated DMA 64-bit
Oct 25 12:30:55 parrot kernel: [    1.700912] dw-apb-uart.2: ttyS0 at MMIO 0x8f802000 (irq = 20, base_baud = 7500000) is a 16550A
Oct 25 12:30:55 parrot kernel: [    1.703878] xhci_hcd 0000:00:14.0: xHCI Host Controller
Oct 25 12:30:55 parrot kernel: [    1.703882] xhci_hcd 0000:00:14.0: new USB bus registered, assigned bus number 2
Oct 25 12:30:55 parrot kernel: [    1.703885] xhci_hcd 0000:00:14.0: Host supports USB 3.1 Enhanced SuperSpeed
Oct 25 12:30:55 parrot kernel: [    1.703946] usb usb2: New USB device found, idVendor=1d6b, idProduct=0003, bcdDevice= 5.05
Oct 25 12:30:55 parrot kernel: [    1.703947] usb usb2: New USB device strings: Mfr=3, Product=2, SerialNumber=1
Oct 25 12:30:55 parrot kernel: [    1.703948] usb usb2: Product: xHCI Host Controller
Oct 25 12:30:55 parrot kernel: [    1.703949] usb usb2: Manufacturer: Linux 5.5.0-1parrot1-amd64 xhci-hcd
Oct 25 12:30:55 parrot kernel: [    1.703949] usb usb2: SerialNumber: 0000:00:14.0
Oct 25 12:30:55 parrot kernel: [    1.704101] hub 2-0:1.0: USB hub found
Oct 25 12:30:55 parrot kernel: [    1.704119] hub 2-0:1.0: 8 ports detected
Oct 25 12:30:55 parrot kernel: [    1.707079] libphy: r8169: probed
Oct 25 12:30:55 parrot kernel: [    1.707248] r8169 0000:07:00.0 eth0: RTL8168h/8111h, 08:97:98:9c:90:19, XID 541, IRQ 128
Oct 25 12:30:55 parrot kernel: [    1.707250] r8169 0000:07:00.0 eth0: jumbo features [frames: 9200 bytes, tx checksumming: ko]
Oct 25 12:30:55 parrot kernel: [    1.733276] i915 0000:00:02.0: VT-d active for gfx access
Oct 25 12:30:55 parrot kernel: [    1.733278] checking generic (b0000000 7f0000) vs hw (a2000000 1000000)
Oct 25 12:30:55 parrot kernel: [    1.733279] checking generic (b0000000 7f0000) vs hw (b0000000 10000000)
Oct 25 12:30:55 parrot kernel: [    1.733280] fb0: switching to inteldrmfb from EFI VGA
Oct 25 12:30:55 parrot kernel: [    1.733346] Console: switching to colour dummy device 80x25
Oct 25 12:30:55 parrot kernel: [    1.733382] i915 0000:00:02.0: vgaarb: deactivate vga console
Oct 25 12:30:55 parrot kernel: [    1.734810] usb: port power management may be unreliable
Oct 25 12:30:55 parrot kernel: [    1.736176] [drm] Supports vblank timestamp caching Rev 2 (21.10.2013).
Oct 25 12:30:55 parrot kernel: [    1.736177] [drm] Driver supports precise vblank timestamp query.
Oct 25 12:30:55 parrot kernel: [    1.737143] i915 0000:00:02.0: vgaarb: changed VGA decodes: olddecodes=io+mem,decodes=none:owns=io+mem
Oct 25 12:30:55 parrot kernel: [    1.737181] i915 0000:00:02.0: firmware: direct-loading firmware i915/kbl_dmc_ver1_04.bin
Oct 25 12:30:55 parrot kernel: [    1.737482] [drm] Finished loading DMC firmware i915/kbl_dmc_ver1_04.bin (v1.4)
Oct 25 12:30:55 parrot kernel: [    1.752553] i2c_hid i2c-ELAN0515:01: i2c-ELAN0515:01 supply vdd not found, using dummy regulator
Oct 25 12:30:55 parrot kernel: [    1.752566] i2c_hid i2c-ELAN0515:01: i2c-ELAN0515:01 supply vddl not found, using dummy regulator
Oct 25 12:30:55 parrot kernel: [    1.774377] [drm] Initialized i915 1.6.0 20191101 for 0000:00:02.0 on minor 0
Oct 25 12:30:55 parrot kernel: [    1.775097] [Firmware Bug]: ACPI(PEGP) defines _DOD but not _DOS
Oct 25 12:30:55 parrot kernel: [    1.775108] ACPI: Video Device [PEGP] (multi-head: yes  rom: yes  post: no)
Oct 25 12:30:55 parrot kernel: [    1.775301] input: Video Bus as /devices/LNXSYSTM:00/LNXSYBUS:00/PNP0A08:00/device:00/LNXVIDEO:00/input/input5
Oct 25 12:30:55 parrot kernel: [    1.776750] ACPI: Video Device [GFX0] (multi-head: yes  rom: no  post: no)
Oct 25 12:30:55 parrot kernel: [    1.776926] input: Video Bus as /devices/LNXSYSTM:00/LNXSYBUS:00/PNP0A08:00/LNXVIDEO:01/input/input6
Oct 25 12:30:55 parrot kernel: [    1.778101] fbcon: i915drmfb (fb0) is primary device
Oct 25 12:30:55 parrot kernel: [    1.788183] Console: switching to colour frame buffer device 240x67
Oct 25 12:30:55 parrot kernel: [    1.809738] i915 0000:00:02.0: fb0: i915drmfb frame buffer device
Oct 25 12:30:55 parrot kernel: [    1.912310] nvme nvme0: 8/0/0 default/read/poll queues
Oct 25 12:30:55 parrot kernel: [    1.914091]  nvme0n1: p1 p2 p3 p4 p5 p6 p7
Oct 25 12:30:55 parrot kernel: [    1.916149] input: ELAN0515:01 04F3:3142 Mouse as /devices/pci0000:00/0000:00:15.1/i2c_designware.1/i2c-6/i2c-ELAN0515:01/0018:04F3:3142.0001/input/input7
Oct 25 12:30:55 parrot kernel: [    1.916230] input: ELAN0515:01 04F3:3142 Touchpad as /devices/pci0000:00/0000:00:15.1/i2c_designware.1/i2c-6/i2c-ELAN0515:01/0018:04F3:3142.0001/input/input9
Oct 25 12:30:55 parrot kernel: [    1.916300] hid-generic 0018:04F3:3142.0001: input,hidraw0: I2C HID v1.00 Mouse [ELAN0515:01 04F3:3142] on i2c-ELAN0515:01
Oct 25 12:30:55 parrot kernel: [    2.025326] raid6: avx2x4   gen() 34214 MB/s
Oct 25 12:30:55 parrot kernel: [    2.093332] raid6: avx2x4   xor() 21126 MB/s
Oct 25 12:30:55 parrot kernel: [    2.161326] raid6: avx2x2   gen() 32041 MB/s
Oct 25 12:30:55 parrot kernel: [    2.229324] raid6: avx2x2   xor() 21302 MB/s
Oct 25 12:30:55 parrot kernel: [    2.297326] raid6: avx2x1   gen() 26512 MB/s
Oct 25 12:30:55 parrot kernel: [    2.365324] raid6: avx2x1   xor() 17728 MB/s
Oct 25 12:30:55 parrot kernel: [    2.433332] raid6: sse2x4   gen() 15054 MB/s
Oct 25 12:30:55 parrot kernel: [    2.437374] tsc: Refined TSC clocksource calibration: 2399.993 MHz
Oct 25 12:30:55 parrot kernel: [    2.437378] clocksource: tsc: mask: 0xffffffffffffffff max_cycles: 0x2298310a4a1, max_idle_ns: 440795325953 ns
Oct 25 12:30:55 parrot kernel: [    2.501293] raid6: sse2x4   xor()  5931 MB/s
Oct 25 12:30:55 parrot kernel: [    2.569293] raid6: sse2x2   gen()  7890 MB/s
Oct 25 12:30:55 parrot kernel: [    2.637292] raid6: sse2x2   xor()  5263 MB/s
Oct 25 12:30:55 parrot kernel: [    2.705292] raid6: sse2x1   gen()  6428 MB/s
Oct 25 12:30:55 parrot kernel: [    2.773294] raid6: sse2x1   xor()  4260 MB/s
Oct 25 12:30:55 parrot kernel: [    2.773295] raid6: using algorithm avx2x4 gen() 34214 MB/s
Oct 25 12:30:55 parrot kernel: [    2.773295] raid6: .... xor() 21126 MB/s, rmw enabled
Oct 25 12:30:55 parrot kernel: [    2.773296] raid6: using avx2x2 recovery algorithm
Oct 25 12:30:55 parrot kernel: [    2.773307] clocksource: Switched to clocksource tsc
Oct 25 12:30:55 parrot kernel: [    2.775807] xor: automatically using best checksumming function   avx       
Oct 25 12:30:55 parrot kernel: [    2.798394] Btrfs loaded, crc32c=crc32c-intel
Oct 25 12:30:55 parrot kernel: [    2.819616] SGI XFS with ACLs, security attributes, realtime, quota, no debug enabled
Oct 25 12:30:55 parrot kernel: [    2.832522] async_tx: api initialized (async)
Oct 25 12:30:55 parrot kernel: [    2.833303] usb 1-5: new high-speed USB device number 2 using xhci_hcd
Oct 25 12:30:55 parrot kernel: [    2.872447] usb 1-5: New USB device found, idVendor=04f2, idProduct=b64f, bcdDevice=96.49
Oct 25 12:30:55 parrot kernel: [    2.872449] usb 1-5: New USB device strings: Mfr=3, Product=1, SerialNumber=2
Oct 25 12:30:55 parrot kernel: [    2.872450] usb 1-5: Product: HD User Facing
Oct 25 12:30:55 parrot kernel: [    2.872451] usb 1-5: Manufacturer: Chicony Electronics Co.,Ltd.
Oct 25 12:30:55 parrot kernel: [    2.872452] usb 1-5: SerialNumber: 0001
Oct 25 12:30:55 parrot kernel: [    3.001356] usb 1-8: new full-speed USB device number 3 using xhci_hcd
Oct 25 12:30:55 parrot kernel: [    3.153965] usb 1-8: New USB device found, idVendor=04f3, idProduct=0c4f, bcdDevice= 1.61
Oct 25 12:30:55 parrot kernel: [    3.153966] usb 1-8: New USB device strings: Mfr=1, Product=2, SerialNumber=0
Oct 25 12:30:55 parrot kernel: [    3.153967] usb 1-8: Product: ELAN:Fingerprint
Oct 25 12:30:55 parrot kernel: [    3.153968] usb 1-8: Manufacturer: ELAN
Oct 25 12:30:55 parrot kernel: [    3.253844] PM: Image not found (code -22)
Oct 25 12:30:55 parrot kernel: [    3.281392] usb 1-14: new full-speed USB device number 4 using xhci_hcd
Oct 25 12:30:55 parrot kernel: [    3.295515] EXT4-fs (nvme0n1p6): mounted filesystem with ordered data mode. Opts: (null)
Oct 25 12:30:55 parrot kernel: [    3.391636] Not activating Mandatory Access Control as /sbin/tomoyo-init does not exist.
Oct 25 12:30:55 parrot kernel: [    3.434684] usb 1-14: New USB device found, idVendor=8087, idProduct=0029, bcdDevice= 0.01
Oct 25 12:30:55 parrot kernel: [    3.434688] usb 1-14: New USB device strings: Mfr=0, Product=0, SerialNumber=0
Oct 25 12:30:55 parrot kernel: [    3.914340] EXT4-fs (nvme0n1p6): re-mounted. Opts: errors=remount-ro
Oct 25 12:30:55 parrot kernel: [    3.917868] lp: driver loaded but no devices found
Oct 25 12:30:55 parrot kernel: [    3.920723] ppdev: user-space parallel port driver
Oct 25 12:30:55 parrot kernel: [    3.934658] bridge: filtering via arp/ip/ip6tables is no longer available by default. Update your scripts to load br_netfilter if you need this.
Oct 25 12:30:55 parrot kernel: [    3.935400] Bridge firewalling registered
Oct 25 12:30:55 parrot kernel: [    4.125930] input: Acer Wireless Radio Control as /devices/LNXSYSTM:00/10251229:00/input/input10
Oct 25 12:30:55 parrot kernel: [    4.156700] ACPI: AC Adapter [ACAD] (off-line)
Oct 25 12:30:55 parrot kernel: [    4.234387] mei_me 0000:00:16.0: enabling device (0000 -> 0002)
Oct 25 12:30:55 parrot kernel: [    4.262373] snd_hda_intel 0000:00:1f.3: DSP detected with PCI class/subclass/prog-if info 0x040380
Oct 25 12:30:55 parrot kernel: [    4.262640] snd_hda_intel 0000:00:1f.3: enabling device (0000 -> 0002)
Oct 25 12:30:55 parrot kernel: [    4.262908] snd_hda_intel 0000:00:1f.3: bound 0000:00:02.0 (ops i915_audio_component_bind_ops [i915])
Oct 25 12:30:55 parrot kernel: [    4.263245] snd_hda_intel 0000:01:00.1: Disabling MSI
Oct 25 12:30:55 parrot kernel: [    4.263254] snd_hda_intel 0000:01:00.1: Handle vga_switcheroo audio client
Oct 25 12:30:55 parrot kernel: [    4.269918] loop: module loaded
Oct 25 12:30:55 parrot kernel: [    4.337520] Adding 10010620k swap on /dev/nvme0n1p7.  Priority:-2 extents:1 across:10010620k SSFS
Oct 25 12:30:55 parrot kernel: [    4.338163] input: PC Speaker as /devices/platform/pcspkr/input/input11
Oct 25 12:30:55 parrot kernel: [    4.338233] EFI Variables Facility v0.08 2004-May-17
Oct 25 12:30:55 parrot kernel: [    4.341185] mc: Linux media interface: v0.10
Oct 25 12:30:55 parrot kernel: [    4.343246] acer_wmi: Acer Laptop ACPI-WMI Extras
Oct 25 12:30:55 parrot kernel: [    4.343275] acer_wmi: Function bitmap for Communication Button: 0x801
Oct 25 12:30:55 parrot kernel: [    4.343682] iTCO_vendor_support: vendor-support=0
Oct 25 12:30:55 parrot kernel: [    4.353726] RAPL PMU: API unit is 2^-32 Joules, 5 fixed counters, 655360 ms ovfl timer
Oct 25 12:30:55 parrot kernel: [    4.353728] RAPL PMU: hw unit of domain pp0-core 2^-14 Joules
Oct 25 12:30:55 parrot kernel: [    4.353728] RAPL PMU: hw unit of domain package 2^-14 Joules
Oct 25 12:30:55 parrot kernel: [    4.353729] RAPL PMU: hw unit of domain dram 2^-14 Joules
Oct 25 12:30:55 parrot kernel: [    4.353730] RAPL PMU: hw unit of domain pp1-gpu 2^-14 Joules
Oct 25 12:30:55 parrot kernel: [    4.353730] RAPL PMU: hw unit of domain psys 2^-14 Joules
Oct 25 12:30:55 parrot kernel: [    4.362097] input: Acer WMI hotkeys as /devices/virtual/input/input12
Oct 25 12:30:55 parrot kernel: [    4.379734] iTCO_wdt: Intel TCO WatchDog Timer Driver v1.11
Oct 25 12:30:55 parrot kernel: [    4.379922] iTCO_wdt: Found a Intel PCH TCO device (Version=6, TCOBASE=0x0400)
Oct 25 12:30:55 parrot kernel: [    4.380457] squashfs: version 4.0 (2009/01/31) Phillip Lougher
Oct 25 12:30:55 parrot kernel: [    4.380751] iTCO_wdt: initialized. heartbeat=30 sec (nowayout=0)
Oct 25 12:30:55 parrot kernel: [    4.438656] input: ELAN0515:01 04F3:3142 Mouse as /devices/pci0000:00/0000:00:15.1/i2c_designware.1/i2c-6/i2c-ELAN0515:01/0018:04F3:3142.0001/input/input13
Oct 25 12:30:55 parrot kernel: [    4.438886] input: ELAN0515:01 04F3:3142 Touchpad as /devices/pci0000:00/0000:00:15.1/i2c_designware.1/i2c-6/i2c-ELAN0515:01/0018:04F3:3142.0001/input/input15
Oct 25 12:30:55 parrot kernel: [    4.439167] hid-multitouch 0018:04F3:3142.0001: input,hidraw0: I2C HID v1.00 Mouse [ELAN0515:01 04F3:3142] on i2c-ELAN0515:01
Oct 25 12:30:55 parrot kernel: [    4.474806] alg: No test for fips(ansi_cprng) (fips_ansi_cprng)
Oct 25 12:30:55 parrot kernel: [    4.478238] videodev: Linux video capture interface: v2.00
Oct 25 12:30:55 parrot kernel: [    4.483476] cfg80211: Loading compiled-in X.509 certificates for regulatory database
Oct 25 12:30:55 parrot kernel: [    4.483885] cfg80211: Loaded X.509 cert 'benh@debian.org: 577e021cb980e0e820821ba7b54b4961b8b4fadf'
Oct 25 12:30:55 parrot kernel: [    4.484168] cfg80211: Loaded X.509 cert 'romain.perier@gmail.com: 3abbc6ec146e09d1b6016ab9d6cf71dd233f0328'
Oct 25 12:30:55 parrot kernel: [    4.484463] cfg80211: Loaded X.509 cert 'sforshee: 00b28ddf47aef9cea7'
Oct 25 12:30:55 parrot kernel: [    4.487244] platform regulatory.0: firmware: direct-loading firmware regulatory.db
Oct 25 12:30:55 parrot kernel: [    4.487405] platform regulatory.0: firmware: direct-loading firmware regulatory.db.p7s
Oct 25 12:30:55 parrot kernel: [    4.497820] snd_hda_codec_realtek hdaudioC0D0: autoconfig for ALC255: line_outs=1 (0x14/0x0/0x0/0x0/0x0) type:speaker
Oct 25 12:30:55 parrot kernel: [    4.497823] snd_hda_codec_realtek hdaudioC0D0:    speaker_outs=0 (0x0/0x0/0x0/0x0/0x0)
Oct 25 12:30:55 parrot kernel: [    4.497824] snd_hda_codec_realtek hdaudioC0D0:    hp_outs=1 (0x21/0x0/0x0/0x0/0x0)
Oct 25 12:30:55 parrot kernel: [    4.497825] snd_hda_codec_realtek hdaudioC0D0:    mono: mono_out=0x0
Oct 25 12:30:55 parrot kernel: [    4.497826] snd_hda_codec_realtek hdaudioC0D0:    inputs:
Oct 25 12:30:55 parrot kernel: [    4.497827] snd_hda_codec_realtek hdaudioC0D0:      Headset Mic=0x19
Oct 25 12:30:55 parrot kernel: [    4.497828] snd_hda_codec_realtek hdaudioC0D0:      Internal Mic=0x12
Oct 25 12:30:55 parrot kernel: [    4.535665] pstore: Using crash dump compression: deflate
Oct 25 12:30:55 parrot kernel: [    4.541635] Intel(R) Wireless WiFi driver for Linux
Oct 25 12:30:55 parrot kernel: [    4.541636] Copyright(c) 2003- 2015 Intel Corporation
Oct 25 12:30:55 parrot kernel: [    4.545843] iwlwifi 0000:08:00.0: firmware: failed to load iwlwifi-cc-a0-52.ucode (-2)
Oct 25 12:30:55 parrot kernel: [    4.545847] firmware_class: See https://wiki.debian.org/Firmware for information about missing firmware
Oct 25 12:30:55 parrot kernel: [    4.545849] iwlwifi 0000:08:00.0: Direct firmware load for iwlwifi-cc-a0-52.ucode failed with error -2
Oct 25 12:30:55 parrot kernel: [    4.545862] iwlwifi 0000:08:00.0: firmware: failed to load iwlwifi-cc-a0-51.ucode (-2)
Oct 25 12:30:55 parrot kernel: [    4.545864] iwlwifi 0000:08:00.0: Direct firmware load for iwlwifi-cc-a0-51.ucode failed with error -2
Oct 25 12:30:55 parrot kernel: [    4.545873] iwlwifi 0000:08:00.0: firmware: failed to load iwlwifi-cc-a0-50.ucode (-2)
Oct 25 12:30:55 parrot kernel: [    4.545875] iwlwifi 0000:08:00.0: Direct firmware load for iwlwifi-cc-a0-50.ucode failed with error -2
Oct 25 12:30:55 parrot kernel: [    4.545884] iwlwifi 0000:08:00.0: firmware: failed to load iwlwifi-cc-a0-49.ucode (-2)
Oct 25 12:30:55 parrot kernel: [    4.545886] iwlwifi 0000:08:00.0: Direct firmware load for iwlwifi-cc-a0-49.ucode failed with error -2
Oct 25 12:30:55 parrot kernel: [    4.548404] iwlwifi 0000:08:00.0: firmware: direct-loading firmware iwlwifi-cc-a0-48.ucode
Oct 25 12:30:55 parrot kernel: [    4.548420] iwlwifi 0000:08:00.0: TLV_FW_FSEQ_VERSION: FSEQ Version: 43.2.23.17
Oct 25 12:30:55 parrot kernel: [    4.548424] iwlwifi 0000:08:00.0: Found debug destination: EXTERNAL_DRAM
Oct 25 12:30:55 parrot kernel: [    4.548425] iwlwifi 0000:08:00.0: Found debug configuration: 0
Oct 25 12:30:55 parrot kernel: [    4.548691] iwlwifi 0000:08:00.0: loaded firmware version 48.13675109.0 op_mode iwlmvm
Oct 25 12:30:55 parrot kernel: [    4.599853] wl: loading out-of-tree module taints kernel.
Oct 25 12:30:55 parrot kernel: [    4.599857] wl: module license 'MIXED/Proprietary' taints kernel.
Oct 25 12:30:55 parrot kernel: [    4.599858] Disabling lock debugging due to kernel taint
Oct 25 12:30:55 parrot kernel: [    4.611041] pstore: Registered efi as persistent store backend
Oct 25 12:30:55 parrot kernel: [    4.645456] uvcvideo: Found UVC 1.00 device HD User Facing (04f2:b64f)
Oct 25 12:30:55 parrot kernel: [    4.650362] uvcvideo 1-5:1.0: Entity type for entity Realtek Extended Controls Unit was not initialized!
Oct 25 12:30:55 parrot kernel: [    4.650364] uvcvideo 1-5:1.0: Entity type for entity Extension 4 was not initialized!
Oct 25 12:30:55 parrot kernel: [    4.650365] uvcvideo 1-5:1.0: Entity type for entity Processing 2 was not initialized!
Oct 25 12:30:55 parrot kernel: [    4.650367] uvcvideo 1-5:1.0: Entity type for entity Camera 1 was not initialized!
Oct 25 12:30:55 parrot kernel: [    4.650433] input: HD User Facing: HD User Facing as /devices/pci0000:00/0000:00:14.0/usb1/1-5/1-5:1.0/input/input23
Oct 25 12:30:55 parrot kernel: [    4.650486] usbcore: registered new interface driver uvcvideo
Oct 25 12:30:55 parrot kernel: [    4.650487] USB Video Class driver (1.1.1)
Oct 25 12:30:55 parrot kernel: [    4.662952] Bluetooth: Core ver 2.22
Oct 25 12:30:55 parrot kernel: [    4.662960] NET: Registered protocol family 31
Oct 25 12:30:55 parrot kernel: [    4.662961] Bluetooth: HCI device and connection manager initialized
Oct 25 12:30:55 parrot kernel: [    4.662963] Bluetooth: HCI socket layer initialized
Oct 25 12:30:55 parrot kernel: [    4.662965] Bluetooth: L2CAP socket layer initialized
Oct 25 12:30:55 parrot kernel: [    4.662967] Bluetooth: SCO socket layer initialized
Oct 25 12:30:55 parrot kernel: [    4.667513] iwlwifi 0000:08:00.0: Detected Intel(R) Wi-Fi 6 AX200 160MHz, REV=0x340
Oct 25 12:30:55 parrot kernel: [    4.671785] usbcore: registered new interface driver btusb
Oct 25 12:30:55 parrot kernel: [    4.672935] Bluetooth: hci0: Bootloader revision 0.3 build 0 week 24 2017
Oct 25 12:30:55 parrot kernel: [    4.673940] Bluetooth: hci0: Device revision is 1
Oct 25 12:30:55 parrot kernel: [    4.673941] Bluetooth: hci0: Secure boot is enabled
Oct 25 12:30:55 parrot kernel: [    4.673942] Bluetooth: hci0: OTP lock is enabled
Oct 25 12:30:55 parrot kernel: [    4.673942] Bluetooth: hci0: API lock is enabled
Oct 25 12:30:55 parrot kernel: [    4.673942] Bluetooth: hci0: Debug lock is disabled
Oct 25 12:30:55 parrot kernel: [    4.673943] Bluetooth: hci0: Minimum firmware build 1 week 10 2014
Oct 25 12:30:55 parrot kernel: [    4.675531] bluetooth hci0: firmware: direct-loading firmware intel/ibt-20-1-3.sfi
Oct 25 12:30:55 parrot kernel: [    4.675533] Bluetooth: hci0: Found device firmware: intel/ibt-20-1-3.sfi
Oct 25 12:30:55 parrot kernel: [    4.678736] iwlwifi 0000:08:00.0: Applying debug destination EXTERNAL_DRAM
Oct 25 12:30:55 parrot kernel: [    4.678896] iwlwifi 0000:08:00.0: Allocated 0x00400000 bytes for firmware monitor.
Oct 25 12:30:55 parrot kernel: [    4.743137] audit: type=1400 audit(1603609254.760:2): apparmor="STATUS" operation="profile_load" profile="unconfined" name="mdnsd" pid=671 comm="apparmor_parser"
Oct 25 12:30:55 parrot kernel: [    4.743139] audit: type=1400 audit(1603609254.760:3): apparmor="STATUS" operation="profile_load" profile="unconfined" name="syslogd" pid=670 comm="apparmor_parser"
Oct 25 12:30:55 parrot kernel: [    4.743561] audit: type=1400 audit(1603609254.760:4): apparmor="STATUS" operation="profile_load" profile="unconfined" name="klogd" pid=674 comm="apparmor_parser"
Oct 25 12:30:55 parrot kernel: [    4.746976] audit: type=1400 audit(1603609254.764:5): apparmor="STATUS" operation="profile_load" profile="unconfined" name="/usr/sbin/haveged" pid=681 comm="apparmor_parser"
Oct 25 12:30:55 parrot kernel: [    4.746979] audit: type=1400 audit(1603609254.764:6): apparmor="STATUS" operation="profile_load" profile="unconfined" name="nmbd" pid=672 comm="apparmor_parser"
Oct 25 12:30:55 parrot kernel: [    4.746982] audit: type=1400 audit(1603609254.764:7): apparmor="STATUS" operation="profile_load" profile="unconfined" name="/usr/bin/irssi" pid=668 comm="apparmor_parser"
Oct 25 12:30:55 parrot kernel: [    4.750177] audit: type=1400 audit(1603609254.764:8): apparmor="STATUS" operation="profile_load" profile="unconfined" name="smbldap-useradd" pid=673 comm="apparmor_parser"
Oct 25 12:30:55 parrot kernel: [    4.750183] audit: type=1400 audit(1603609254.764:9): apparmor="STATUS" operation="profile_load" profile="unconfined" name="smbldap-useradd///etc/init.d/nscd" pid=673 comm="apparmor_parser"
Oct 25 12:30:55 parrot kernel: [    4.750255] audit: type=1400 audit(1603609254.768:10): apparmor="STATUS" operation="profile_load" profile="unconfined" name="smbd" pid=675 comm="apparmor_parser"
Oct 25 12:30:55 parrot kernel: [    4.853417] iwlwifi 0000:08:00.0: base HW address: 14:f6:d8:15:5e:4b
Oct 25 12:30:55 parrot kernel: [    4.890650] thermal thermal_zone2: failed to read out thermal zone (-61)
Oct 25 12:30:55 parrot kernel: [    4.922003] intel_rapl_common: Found RAPL domain package
Oct 25 12:30:55 parrot kernel: [    4.922006] intel_rapl_common: Found RAPL domain core
Oct 25 12:30:55 parrot kernel: [    4.922007] intel_rapl_common: Found RAPL domain uncore
Oct 25 12:30:55 parrot kernel: [    4.922008] intel_rapl_common: Found RAPL domain dram
Oct 25 12:30:55 parrot kernel: [    4.994801] bbswitch: version 0.8
Oct 25 12:30:55 parrot kernel: [    4.994807] bbswitch: Found integrated VGA device 0000:00:02.0: \_SB_.PCI0.GFX0
Oct 25 12:30:55 parrot kernel: [    4.994814] bbswitch: Found discrete VGA device 0000:01:00.0: \_SB_.PCI0.PEG0.PEGP
Oct 25 12:30:55 parrot kernel: [    4.994828] ACPI Warning: \_SB.PCI0.PEG0.PEGP._DSM: Argument #4 type mismatch - Found [Buffer], ACPI requires [Package] (20191018/nsarguments-59)
Oct 25 12:30:55 parrot kernel: [    4.996037] bbswitch: detected an Optimus _DSM function
Oct 25 12:30:55 parrot kernel: [    4.996048] pci 0000:01:00.0: enabling device (0106 -> 0107)
Oct 25 12:30:55 parrot kernel: [    4.996222] bbswitch: Succesfully loaded. Discrete card 0000:01:00.0 is on
Oct 25 12:30:55 parrot kernel: [    5.008716] bbswitch: disabling discrete graphics
Oct 25 12:30:55 parrot kernel: [    5.095179] IPMI message handler: version 39.2
Oct 25 12:30:55 parrot kernel: [    5.096658] Bluetooth: BNEP (Ethernet Emulation) ver 1.3
Oct 25 12:30:55 parrot kernel: [    5.096660] Bluetooth: BNEP filters: protocol multicast
Oct 25 12:30:55 parrot kernel: [    5.096663] Bluetooth: BNEP socket layer initialized
Oct 25 12:30:55 parrot kernel: [    5.097132] ipmi device interface
Oct 25 12:30:55 parrot kernel: [    5.099192] Initializing XFRM netlink socket
Oct 25 12:30:55 parrot kernel: [    5.155988] snd_hda_codec_hdmi hdaudioC1D0: HDMI: invalid ELD buf size -1
Oct 25 12:30:55 parrot kernel: [    5.155994] snd_hda_codec_hdmi hdaudioC1D0: HDMI: invalid ELD buf size -1
Oct 25 12:30:55 parrot kernel: [    5.170311] input: HDA Digital PCBeep as /devices/pci0000:00/0000:00:1f.3/sound/card0/input16
Oct 25 12:30:55 parrot kernel: [    5.170373] input: HDA Intel PCH Front Headphone as /devices/pci0000:00/0000:00:1f.3/sound/card0/input17
Oct 25 12:30:55 parrot kernel: [    5.170451] input: HDA Intel PCH HDMI/DP,pcm=3 as /devices/pci0000:00/0000:00:1f.3/sound/card0/input18
Oct 25 12:30:55 parrot kernel: [    5.170633] input: HDA Intel PCH HDMI/DP,pcm=7 as /devices/pci0000:00/0000:00:1f.3/sound/card0/input19
Oct 25 12:30:55 parrot kernel: [    5.170695] input: HDA Intel PCH HDMI/DP,pcm=8 as /devices/pci0000:00/0000:00:1f.3/sound/card0/input20
Oct 25 12:30:55 parrot kernel: [    5.170750] input: HDA Intel PCH HDMI/DP,pcm=9 as /devices/pci0000:00/0000:00:1f.3/sound/card0/input21
Oct 25 12:30:55 parrot kernel: [    5.179350] input: HDA Intel PCH HDMI/DP,pcm=10 as /devices/pci0000:00/0000:00:1f.3/sound/card0/input22
Oct 25 12:30:55 parrot kernel: [    5.228966] input: HDA NVidia HDMI/DP,pcm=3 as /devices/pci0000:00/0000:00:01.0/0000:01:00.1/sound/card1/input24
Oct 25 12:30:55 parrot kernel: [    5.229027] input: HDA NVidia HDMI/DP,pcm=7 as /devices/pci0000:00/0000:00:01.0/0000:01:00.1/sound/card1/input25
Oct 25 12:30:55 parrot kernel: [    5.229078] input: HDA NVidia HDMI/DP,pcm=8 as /devices/pci0000:00/0000:00:01.0/0000:01:00.1/sound/card1/input26
Oct 25 12:30:55 parrot kernel: [    5.229143] input: HDA NVidia HDMI/DP,pcm=9 as /devices/pci0000:00/0000:00:01.0/0000:01:00.1/sound/card1/input27
Oct 25 12:30:55 parrot kernel: [    5.243118] nvidia-nvlink: Nvlink Core is being initialized, major device number 241
Oct 25 12:30:55 parrot kernel: [    5.251021] nvidia 0000:01:00.0: can't change power state from D3cold to D0 (config space inaccessible)
Oct 25 12:30:55 parrot kernel: [    5.251227] NVRM: This is a 64-bit BAR mapped above 4GB by the system
Oct 25 12:30:55 parrot kernel: [    5.251227] NVRM: BIOS or the Linux kernel, but the PCI bridge
Oct 25 12:30:55 parrot kernel: [    5.251227] NVRM: immediately upstream of this GPU does not define
Oct 25 12:30:55 parrot kernel: [    5.251227] NVRM: a matching prefetchable memory window.
Oct 25 12:30:55 parrot kernel: [    5.251228] NVRM: This may be due to a known Linux kernel bug.  Please
Oct 25 12:30:55 parrot kernel: [    5.251228] NVRM: see the README section on 64-bit BARs for additional
Oct 25 12:30:55 parrot kernel: [    5.251228] NVRM: information.
Oct 25 12:30:55 parrot kernel: [    5.251233] nvidia: probe of 0000:01:00.0 failed with error -1
Oct 25 12:30:55 parrot kernel: [    5.251254] NVRM: The NVIDIA probe routine failed for 1 device(s).
Oct 25 12:30:55 parrot kernel: [    5.251255] NVRM: None of the NVIDIA devices were initialized.
Oct 25 12:30:55 parrot kernel: [    5.251447] nvidia-nvlink: Unregistered the Nvlink Core, major device number 241
Oct 25 12:30:55 parrot kernel: [    5.279377] vboxdrv: Found 8 processor cores
Oct 25 12:30:55 parrot kernel: [    5.298941] vboxdrv: TSC mode is Invariant, tentative frequency 2399993640 Hz
Oct 25 12:30:55 parrot kernel: [    5.298942] vboxdrv: Successfully loaded version 6.1.12 (interface 0x002d0001)
Oct 25 12:30:55 parrot kernel: [    5.334778] iwlwifi 0000:08:00.0: Applying debug destination EXTERNAL_DRAM
Oct 25 12:30:55 parrot kernel: [    5.484770] iwlwifi 0000:08:00.0: FW already configured (0) - re-configuring
Oct 25 12:30:55 parrot kernel: [    5.489283] iwlwifi 0000:08:00.0: BIOS contains WGDS but no WRDS
Oct 25 12:30:55 parrot kernel: [    5.514444] IPv6: ADDRCONF(NETDEV_CHANGE): wlan0: link becomes ready
Oct 25 12:30:55 parrot kernel: [    5.786140] VBoxNetFlt: Successfully started.
Oct 25 12:30:55 parrot kernel: [    5.790717] VBoxNetAdp: Successfully started.
Oct 25 12:30:55 parrot kernel: [    5.803772] r8169 0000:07:00.0: firmware: direct-loading firmware rtl_nic/rtl8168h-2.fw
Oct 25 12:30:55 parrot kernel: [    5.803862] Generic FE-GE Realtek PHY r8169-700:00: attached PHY driver [Generic FE-GE Realtek PHY] (mii_bus:phy_addr=r8169-700:00, irq=IGNORE)
Oct 25 12:30:55 parrot kernel: [    5.825857] snd_hda_intel 0000:01:00.1: can't change power state from D0 to D3hot (config space inaccessible)
Oct 25 12:30:55 parrot kernel: [    5.934461] r8169 0000:07:00.0 eth0: Link is Down
Oct 25 12:30:55 parrot kernel: [    5.963066] iwlwifi 0000:08:00.0: Applying debug destination EXTERNAL_DRAM
Oct 25 12:30:56 parrot kernel: [    6.113333] iwlwifi 0000:08:00.0: FW already configured (0) - re-configuring
Oct 25 12:30:56 parrot kernel: [    6.117564] iwlwifi 0000:08:00.0: BIOS contains WGDS but no WRDS
Oct 25 12:30:56 parrot kernel: [    6.148597] iwlwifi 0000:08:00.0: Applying debug destination EXTERNAL_DRAM
Oct 25 12:30:56 parrot kernel: [    6.299903] iwlwifi 0000:08:00.0: FW already configured (0) - re-configuring
Oct 25 12:30:56 parrot kernel: [    6.305299] iwlwifi 0000:08:00.0: BIOS contains WGDS but no WRDS
Oct 25 12:30:56 parrot kernel: [    6.306535] Bluetooth: hci0: Waiting for firmware download to complete
Oct 25 12:30:56 parrot kernel: [    6.306923] Bluetooth: hci0: Firmware loaded in 1596704 usecs
Oct 25 12:30:56 parrot kernel: [    6.306951] Bluetooth: hci0: Waiting for device to boot
Oct 25 12:30:56 parrot kernel: [    6.319980] Bluetooth: hci0: Device booted in 12734 usecs
Oct 25 12:30:56 parrot kernel: [    6.320113] bluetooth hci0: firmware: direct-loading firmware intel/ibt-20-1-3.ddc
Oct 25 12:30:56 parrot kernel: [    6.320115] Bluetooth: hci0: Found Intel DDC parameters: intel/ibt-20-1-3.ddc
Oct 25 12:30:56 parrot kernel: [    6.334973] Bluetooth: hci0: Applying Intel DDC parameters completed
Oct 25 12:30:56 parrot kernel: [    6.336967] Bluetooth: hci0: Firmware revision 0.0 build 54 week 27 2019
Oct 25 12:30:57 parrot kernel: [    7.173597] acer_wmi: Unknown function number - 8 - 1
Oct 25 12:30:57 parrot kernel: [    7.507832] mpqemubr0: port 1(mpqemubr0-dummy) entered blocking state
Oct 25 12:30:57 parrot kernel: [    7.507834] mpqemubr0: port 1(mpqemubr0-dummy) entered disabled state
Oct 25 12:30:57 parrot kernel: [    7.507978] device mpqemubr0-dummy entered promiscuous mode
Oct 25 12:30:57 parrot kernel: [    7.945318] snd_hda_intel 0000:01:00.1: can't change power state from D3cold to D0 (config space inaccessible)
Oct 25 12:30:58 parrot kernel: [    8.333310] snd_hda_codec_hdmi hdaudioC1D0: Unable to sync register 0x4f0800. -5
Oct 25 12:30:58 parrot kernel: [    8.333314] snd_hda_codec_hdmi hdaudioC1D0: HDMI: invalid ELD buf size -1
Oct 25 12:30:58 parrot kernel: [    8.333317] snd_hda_codec_hdmi hdaudioC1D0: HDMI: invalid ELD buf size -1
Oct 25 12:30:58 parrot kernel: [    8.333318] snd_hda_codec_hdmi hdaudioC1D0: HDMI: invalid ELD buf size -1
Oct 25 12:30:58 parrot kernel: [    8.333320] snd_hda_codec_hdmi hdaudioC1D0: HDMI: invalid ELD buf size -1
Oct 25 12:30:58 parrot kernel: [    8.645353] snd_hda_codec_hdmi hdaudioC1D0: HDMI: invalid ELD buf size -1
Oct 25 12:30:58 parrot kernel: [    8.645356] snd_hda_codec_hdmi hdaudioC1D0: HDMI: invalid ELD buf size -1
Oct 25 12:30:58 parrot kernel: [    8.645357] snd_hda_codec_hdmi hdaudioC1D0: HDMI: invalid ELD buf size -1
Oct 25 12:30:58 parrot kernel: [    8.645359] snd_hda_codec_hdmi hdaudioC1D0: HDMI: invalid ELD buf size -1
Oct 25 12:30:58 parrot kernel: [    8.828420] Bluetooth: RFCOMM TTY layer initialized
Oct 25 12:30:58 parrot kernel: [    8.828423] Bluetooth: RFCOMM socket layer initialized
Oct 25 12:30:58 parrot kernel: [    8.828426] Bluetooth: RFCOMM ver 1.11
Oct 25 12:30:58 parrot kernel: [    8.965404] snd_hda_codec_hdmi hdaudioC1D0: HDMI: invalid ELD buf size -1
Oct 25 12:30:58 parrot kernel: [    8.965409] snd_hda_codec_hdmi hdaudioC1D0: HDMI: invalid ELD buf size -1
Oct 25 12:30:58 parrot kernel: [    8.965411] snd_hda_codec_hdmi hdaudioC1D0: HDMI: invalid ELD buf size -1
Oct 25 12:30:58 parrot kernel: [    8.965413] snd_hda_codec_hdmi hdaudioC1D0: HDMI: invalid ELD buf size -1
Oct 25 12:30:59 parrot kernel: [    9.289337] snd_hda_codec_hdmi hdaudioC1D0: HDMI: invalid ELD buf size -1
Oct 25 12:30:59 parrot kernel: [    9.289340] snd_hda_codec_hdmi hdaudioC1D0: HDMI: invalid ELD buf size -1
Oct 25 12:30:59 parrot kernel: [    9.289341] snd_hda_codec_hdmi hdaudioC1D0: HDMI: invalid ELD buf size -1
Oct 25 12:30:59 parrot kernel: [    9.289343] snd_hda_codec_hdmi hdaudioC1D0: HDMI: invalid ELD buf size -1
Oct 25 12:30:59 parrot kernel: [    9.605342] snd_hda_codec_hdmi hdaudioC1D0: HDMI: invalid ELD buf size -1
Oct 25 12:30:59 parrot kernel: [    9.605345] snd_hda_codec_hdmi hdaudioC1D0: HDMI: invalid ELD buf size -1
Oct 25 12:30:59 parrot kernel: [    9.605346] snd_hda_codec_hdmi hdaudioC1D0: HDMI: invalid ELD buf size -1
Oct 25 12:30:59 parrot kernel: [    9.605348] snd_hda_codec_hdmi hdaudioC1D0: HDMI: invalid ELD buf size -1
Oct 25 12:30:59 parrot kernel: [    9.925444] snd_hda_codec_hdmi hdaudioC1D0: HDMI: invalid ELD buf size -1
Oct 25 12:30:59 parrot kernel: [    9.925454] snd_hda_codec_hdmi hdaudioC1D0: HDMI: invalid ELD buf size -1
Oct 25 12:30:59 parrot kernel: [    9.925461] snd_hda_codec_hdmi hdaudioC1D0: HDMI: invalid ELD buf size -1
Oct 25 12:30:59 parrot kernel: [    9.925467] snd_hda_codec_hdmi hdaudioC1D0: HDMI: invalid ELD buf size -1
Oct 25 12:31:00 parrot kernel: [   10.245428] snd_hda_codec_hdmi hdaudioC1D0: HDMI: invalid ELD buf size -1
Oct 25 12:31:00 parrot kernel: [   10.245438] snd_hda_codec_hdmi hdaudioC1D0: HDMI: invalid ELD buf size -1
Oct 25 12:31:00 parrot kernel: [   10.245445] snd_hda_codec_hdmi hdaudioC1D0: HDMI: invalid ELD buf size -1
Oct 25 12:31:00 parrot kernel: [   10.245451] snd_hda_codec_hdmi hdaudioC1D0: HDMI: invalid ELD buf size -1
Oct 25 12:31:00 parrot kernel: [   10.565426] snd_hda_codec_hdmi hdaudioC1D0: HDMI: invalid ELD buf size -1
Oct 25 12:31:00 parrot kernel: [   10.565437] snd_hda_codec_hdmi hdaudioC1D0: HDMI: invalid ELD buf size -1
Oct 25 12:31:00 parrot kernel: [   10.565444] snd_hda_codec_hdmi hdaudioC1D0: HDMI: invalid ELD buf size -1
Oct 25 12:31:00 parrot kernel: [   10.565450] snd_hda_codec_hdmi hdaudioC1D0: HDMI: invalid ELD buf size -1
Oct 25 12:31:00 parrot kernel: [   10.885426] snd_hda_codec_hdmi hdaudioC1D0: HDMI: invalid ELD buf size -1
Oct 25 12:31:00 parrot kernel: [   10.885437] snd_hda_codec_hdmi hdaudioC1D0: HDMI: invalid ELD buf size -1
Oct 25 12:31:00 parrot kernel: [   10.885444] snd_hda_codec_hdmi hdaudioC1D0: HDMI: invalid ELD buf size -1
Oct 25 12:31:00 parrot kernel: [   10.885450] snd_hda_codec_hdmi hdaudioC1D0: HDMI: invalid ELD buf size -1
Oct 25 12:31:37 parrot kernel: [   47.496634] snd_hda_intel 0000:01:00.1: can't change power state from D3cold to D0 (config space inaccessible)
Oct 25 12:31:37 parrot kernel: [   47.873356] snd_hda_codec_hdmi hdaudioC1D0: Unable to sync register 0x4f0800. -5
Oct 25 12:31:37 parrot kernel: [   47.873359] snd_hda_codec_hdmi hdaudioC1D0: HDMI: invalid ELD buf size -1
Oct 25 12:31:37 parrot kernel: [   47.873361] snd_hda_codec_hdmi hdaudioC1D0: HDMI: invalid ELD buf size -1
Oct 25 12:31:37 parrot kernel: [   47.873362] snd_hda_codec_hdmi hdaudioC1D0: HDMI: invalid ELD buf size -1
Oct 25 12:31:37 parrot kernel: [   47.873363] snd_hda_codec_hdmi hdaudioC1D0: HDMI: invalid ELD buf size -1
Oct 25 12:31:38 parrot kernel: [   48.197432] snd_hda_codec_hdmi hdaudioC1D0: HDMI: invalid ELD buf size -1
Oct 25 12:31:38 parrot kernel: [   48.197442] snd_hda_codec_hdmi hdaudioC1D0: HDMI: invalid ELD buf size -1
Oct 25 12:31:38 parrot kernel: [   48.197448] snd_hda_codec_hdmi hdaudioC1D0: HDMI: invalid ELD buf size -1
Oct 25 12:31:38 parrot kernel: [   48.197454] snd_hda_codec_hdmi hdaudioC1D0: HDMI: invalid ELD buf size -1
Oct 25 12:31:38 parrot kernel: [   48.517423] snd_hda_codec_hdmi hdaudioC1D0: HDMI: invalid ELD buf size -1
Oct 25 12:31:38 parrot kernel: [   48.517434] snd_hda_codec_hdmi hdaudioC1D0: HDMI: invalid ELD buf size -1
Oct 25 12:31:38 parrot kernel: [   48.517441] snd_hda_codec_hdmi hdaudioC1D0: HDMI: invalid ELD buf size -1
Oct 25 12:31:38 parrot kernel: [   48.517447] snd_hda_codec_hdmi hdaudioC1D0: HDMI: invalid ELD buf size -1
Oct 25 12:31:38 parrot kernel: [   48.837312] snd_hda_codec_hdmi hdaudioC1D0: HDMI: invalid ELD buf size -1
Oct 25 12:31:38 parrot kernel: [   48.837316] snd_hda_codec_hdmi hdaudioC1D0: HDMI: invalid ELD buf size -1
Oct 25 12:31:38 parrot kernel: [   48.837319] snd_hda_codec_hdmi hdaudioC1D0: HDMI: invalid ELD buf size -1
Oct 25 12:31:38 parrot kernel: [   48.837321] snd_hda_codec_hdmi hdaudioC1D0: HDMI: invalid ELD buf size -1
Oct 25 12:31:39 parrot kernel: [   49.157311] snd_hda_codec_hdmi hdaudioC1D0: HDMI: invalid ELD buf size -1
Oct 25 12:31:39 parrot kernel: [   49.157315] snd_hda_codec_hdmi hdaudioC1D0: HDMI: invalid ELD buf size -1
Oct 25 12:31:39 parrot kernel: [   49.157318] snd_hda_codec_hdmi hdaudioC1D0: HDMI: invalid ELD buf size -1
Oct 25 12:31:39 parrot kernel: [   49.157320] snd_hda_codec_hdmi hdaudioC1D0: HDMI: invalid ELD buf size -1
Oct 25 12:31:39 parrot kernel: [   49.481447] snd_hda_codec_hdmi hdaudioC1D0: HDMI: invalid ELD buf size -1
Oct 25 12:31:39 parrot kernel: [   49.481453] snd_hda_codec_hdmi hdaudioC1D0: HDMI: invalid ELD buf size -1
Oct 25 12:31:39 parrot kernel: [   49.481457] snd_hda_codec_hdmi hdaudioC1D0: HDMI: invalid ELD buf size -1
