: [mem 0x00000000fee00000-0x00000000fee00fff] reserved
Nov  6 22:26:09 parrot kernel: [    0.000000] BIOS-e820: [mem 0x00000000ff300000-0x00000000ffffffff] reserved
Nov  6 22:26:09 parrot kernel: [    0.000000] BIOS-e820: [mem 0x0000000100000000-0x000000026e7fffff] usable
Nov  6 22:26:09 parrot kernel: [    0.000000] NX (Execute Disable) protection: active
Nov  6 22:26:09 parrot kernel: [    0.000000] efi: EFI v2.60 by INSYDE Corp.
Nov  6 22:26:09 parrot kernel: [    0.000000] efi:  ACPI=0x89d0d000  ACPI 2.0=0x89d0d014  TPMFinalLog=0x88fd5000  ESRT=0x8820cc18  SMBIOS=0x88208000  SMBIOS 3.0=0x88206000 
Nov  6 22:26:09 parrot kernel: [    0.000000] secureboot: Secure boot could not be determined (mode 0)
Nov  6 22:26:09 parrot kernel: [    0.000000] SMBIOS 3.0.1 present.
Nov  6 22:26:09 parrot kernel: [    0.000000] DMI: Acer Aspire A715-75G/Azalea_FMS, BIOS V1.00 02/11/2020
Nov  6 22:26:09 parrot kernel: [    0.000000] tsc: Detected 2400.000 MHz processor
Nov  6 22:26:09 parrot kernel: [    0.000007] e820: update [mem 0x00000000-0x00000fff] usable ==> reserved
Nov  6 22:26:09 parrot kernel: [    0.000007] e820: remove [mem 0x000a0000-0x000fffff] usable
Nov  6 22:26:09 parrot kernel: [    0.000011] last_pfn = 0x26e800 max_arch_pfn = 0x400000000
Nov  6 22:26:09 parrot kernel: [    0.000013] MTRR default type: write-back
Nov  6 22:26:09 parrot kernel: [    0.000014] MTRR fixed ranges enabled:
Nov  6 22:26:09 parrot kernel: [    0.000014]   00000-9FFFF write-back
Nov  6 22:26:09 parrot kernel: [    0.000015]   A0000-BFFFF uncachable
Nov  6 22:26:09 parrot kernel: [    0.000015]   C0000-FFFFF write-protect
Nov  6 22:26:09 parrot kernel: [    0.000016] MTRR variable ranges enabled:
Nov  6 22:26:09 parrot kernel: [    0.000017]   0 base 00C0000000 mask 7FC0000000 uncachable
Nov  6 22:26:09 parrot kernel: [    0.000017]   1 base 00A0000000 mask 7FE0000000 uncachable
Nov  6 22:26:09 parrot kernel: [    0.000018]   2 base 0090000000 mask 7FF0000000 uncachable
Nov  6 22:26:09 parrot kernel: [    0.000018]   3 base 008C000000 mask 7FFC000000 uncachable
Nov  6 22:26:09 parrot kernel: [    0.000018]   4 base 008B000000 mask 7FFF000000 uncachable
Nov  6 22:26:09 parrot kernel: [    0.000019]   5 base 2000000000 mask 6000000000 uncachable
Nov  6 22:26:09 parrot kernel: [    0.000019]   6 base 1000000000 mask 7000000000 uncachable
Nov  6 22:26:09 parrot kernel: [    0.000020]   7 base 0800000000 mask 7800000000 uncachable
Nov  6 22:26:09 parrot kernel: [    0.000020]   8 base 0400000000 mask 7C00000000 uncachable
Nov  6 22:26:09 parrot kernel: [    0.000021]   9 base 4000000000 mask 4000000000 uncachable
Nov  6 22:26:09 parrot kernel: [    0.000336] x86/PAT: Configuration [0-7]: WB  WC  UC- UC  WB  WP  UC- WT  
Nov  6 22:26:09 parrot kernel: [    0.000454] last_pfn = 0x89d0f max_arch_pfn = 0x400000000
Nov  6 22:26:09 parrot kernel: [    0.005520] esrt: Reserving ESRT space from 0x000000008820cc18 to 0x000000008820cc50.
Nov  6 22:26:09 parrot kernel: [    0.005525] Using GB pages for direct mapping
Nov  6 22:26:09 parrot kernel: [    0.005526] BRK [0x1bbc01000, 0x1bbc01fff] PGTABLE
Nov  6 22:26:09 parrot kernel: [    0.005527] BRK [0x1bbc02000, 0x1bbc02fff] PGTABLE
Nov  6 22:26:09 parrot kernel: [    0.005528] BRK [0x1bbc03000, 0x1bbc03fff] PGTABLE
Nov  6 22:26:09 parrot kernel: [    0.005541] BRK [0x1bbc04000, 0x1bbc04fff] PGTABLE
Nov  6 22:26:09 parrot kernel: [    0.005542] BRK [0x1bbc05000, 0x1bbc05fff] PGTABLE
Nov  6 22:26:09 parrot kernel: [    0.005595] BRK [0x1bbc06000, 0x1bbc06fff] PGTABLE
Nov  6 22:26:09 parrot kernel: [    0.005607] BRK [0x1bbc07000, 0x1bbc07fff] PGTABLE
Nov  6 22:26:09 parrot kernel: [    0.005622] BRK [0x1bbc08000, 0x1bbc08fff] PGTABLE
Nov  6 22:26:09 parrot kernel: [    0.005632] BRK [0x1bbc09000, 0x1bbc09fff] PGTABLE
Nov  6 22:26:09 parrot kernel: [    0.005654] BRK [0x1bbc0a000, 0x1bbc0afff] PGTABLE
Nov  6 22:26:09 parrot kernel: [    0.005689] BRK [0x1bbc0b000, 0x1bbc0bfff] PGTABLE
Nov  6 22:26:09 parrot kernel: [    0.005724] RAMDISK: [mem 0x2f975000-0x33cb1fff]
Nov  6 22:26:09 parrot kernel: [    0.005732] ACPI: Early table checksum verification disabled
Nov  6 22:26:09 parrot kernel: [    0.005734] ACPI: RSDP 0x0000000089D0D014 000024 (v02 ACRSYS)
Nov  6 22:26:09 parrot kernel: [    0.005736] ACPI: XSDT 0x0000000089CEB188 0000FC (v01 ACRSYS ACRPRDCT 00000002      01000013)
Nov  6 22:26:09 parrot kernel: [    0.005739] ACPI: FACP 0x0000000089CED000 00010C (v05 ACRSYS ACRPRDCT 00000002 1025 00040000)
Nov  6 22:26:09 parrot kernel: [    0.005741] ACPI: DSDT 0x0000000089CB1000 036DD5 (v02 ACRSYS ACRPRDCT 00000000 1025 00040000)
Nov  6 22:26:09 parrot kernel: [    0.005743] ACPI: FACS 0x0000000089C2D000 000040
Nov  6 22:26:09 parrot kernel: [    0.005744] ACPI: UEFI 0x0000000089D0C000 000236 (v01 ACRSYS ACRPRDCT 00000001 1025 00040000)
Nov  6 22:26:09 parrot kernel: [    0.005746] ACPI: SSDT 0x0000000089D0A000 001B5F (v02 ACRSYS ACRPRDCT 00003000 1025 00040000)
Nov  6 22:26:09 parrot kernel: [    0.005747] ACPI: SSDT 0x0000000089D06000 0031C6 (v02 ACRSYS ACRPRDCT 00003000 1025 00040000)
Nov  6 22:26:09 parrot kernel: [    0.005749] ACPI: SSDT 0x0000000089D03000 0020D5 (v02 ACRSYS ACRPRDCT 00001000 1025 00040000)
Nov  6 22:26:09 parrot kernel: [    0.005750] ACPI: UEFI 0x0000000089D02000 000042 (v01 ACRSYS ACRPRDCT 00000002 1025 00040000)
Nov  6 22:26:09 parrot kernel: [    0.005752] ACPI: SSDT 0x0000000089D01000 00045A (v02 ACRSYS ACRPRDCT 00001000 1025 00040000)
Nov  6 22:26:09 parrot kernel: [    0.005753] ACPI: SSDT 0x0000000089D00000 000046 (v02 ACRSYS ACRPRDCT 00003000 1025 00040000)
Nov  6 22:26:09 parrot kernel: [    0.005754] ACPI: TPM2 0x0000000089CFF000 000034 (v03 ACRSYS ACRPRDCT 00000002 1025 00040000)
Nov  6 22:26:09 parrot kernel: [    0.005756] ACPI: LPIT 0x0000000089CFE000 000094 (v01 ACRSYS ACRPRDCT 00000000 1025 00040000)
Nov  6 22:26:09 parrot kernel: [    0.005757] ACPI: WSMT 0x0000000089CFD000 000028 (v01 ACRSYS ACRPRDCT 00000000 1025 00040000)
Nov  6 22:26:09 parrot kernel: [    0.005759] ACPI: SSDT 0x0000000089CFC000 000C2F (v02 ACRSYS ACRPRDCT 00001000 1025 00040000)
Nov  6 22:26:09 parrot kernel: [    0.005760] ACPI: SSDT 0x0000000089CFA000 00149F (v02 ACRSYS ACRPRDCT 00000000 1025 00040000)
Nov  6 22:26:09 parrot kernel: [    0.005761] ACPI: DBGP 0x0000000089CF9000 000034 (v01 ACRSYS ACRPRDCT 00000002 1025 00040000)
Nov  6 22:26:09 parrot kernel: [    0.005763] ACPI: DBG2 0x0000000089CF8000 000054 (v00 ACRSYS ACRPRDCT 00000002 1025 00040000)
Nov  6 22:26:09 parrot kernel: [    0.005764] ACPI: SSDT 0x0000000089CF7000 000B9F (v02 ACRSYS ACRPRDCT 00001000 1025 00040000)
Nov  6 22:26:09 parrot kernel: [    0.005766] ACPI: MSDM 0x0000000089CF6000 000055 (v03 ACRSYS ACRPRDCT 00000001 1025 00040000)
Nov  6 22:26:09 parrot kernel: [    0.005767] ACPI: SSDT 0x0000000089CEF000 006D8D (v01 ACRSYS ACRPRDCT 00001000 1025 00040000)
Nov  6 22:26:09 parrot kernel: [    0.005768] ACPI: ASF! 0x0000000089CEE000 0000A5 (v32 ACRSYS ACRPRDCT 00000001 1025 00040000)
Nov  6 22:26:09 parrot kernel: [    0.005770] ACPI: HPET 0x0000000089CEC000 000038 (v01 ACRSYS ACRPRDCT 00000002 1025 00040000)
Nov  6 22:26:09 parrot kernel: [    0.005771] ACPI: APIC 0x0000000089CEA000 00012C (v03 ACRSYS ACRPRDCT 00000002 1025 00040000)
Nov  6 22:26:09 parrot kernel: [    0.005773] ACPI: MCFG 0x0000000089CE9000 00003C (v01 ACRSYS ACRPRDCT 00000001 1025 00040000)
Nov  6 22:26:09 parrot kernel: [    0.005774] ACPI: DMAR 0x0000000089CB0000 0000A8 (v01 ACRSYS ACRPRDCT 00000002 1025 00040000)
Nov  6 22:26:09 parrot kernel: [    0.005775] ACPI: SSDT 0x0000000089CAB000 0047BB (v01 ACRSYS ACRPRDCT 00001000 1025 00040000)
Nov  6 22:26:09 parrot kernel: [    0.005777] ACPI: NHLT 0x0000000089CE8000 00002D (v00 ACRSYS ACRPRDCT 00000002 1025 00040000)
Nov  6 22:26:09 parrot kernel: [    0.005778] ACPI: FPDT 0x0000000089CAA000 000044 (v01 ACRSYS ACRPRDCT 00000002 1025 00040000)
Nov  6 22:26:09 parrot kernel: [    0.005780] ACPI: BGRT 0x0000000089CA9000 000038 (v01 ACRSYS ACRPRDCT 00000001 1025 00040000)
Nov  6 22:26:09 parrot kernel: [    0.005784] ACPI: Local APIC address 0xfee00000
Nov  6 22:26:09 parrot kernel: [    0.006126] No NUMA configuration found
Nov  6 22:26:09 parrot kernel: [    0.006127] Faking a node at [mem 0x0000000000000000-0x000000026e7fffff]
Nov  6 22:26:09 parrot kernel: [    0.006129] NODE_DATA(0) allocated [mem 0x26e7fb000-0x26e7fffff]
Nov  6 22:26:09 parrot kernel: [    0.006143] Zone ranges:
Nov  6 22:26:09 parrot kernel: [    0.006144]   DMA      [mem 0x0000000000001000-0x0000000000ffffff]
Nov  6 22:26:09 parrot kernel: [    0.006145]   DMA32    [mem 0x0000000001000000-0x00000000ffffffff]
Nov  6 22:26:09 parrot kernel: [    0.006145]   Normal   [mem 0x0000000100000000-0x000000026e7fffff]
Nov  6 22:26:09 parrot kernel: [    0.006146]   Device   empty
Nov  6 22:26:09 parrot kernel: [    0.006146] Movable zone start for each node
Nov  6 22:26:09 parrot kernel: [    0.006146] Early memory node ranges
Nov  6 22:26:09 parrot kernel: [    0.006147]   node   0: [mem 0x0000000000001000-0x000000000009efff]
Nov  6 22:26:09 parrot kernel: [    0.006147]   node   0: [mem 0x0000000000100000-0x0000000071356fff]
Nov  6 22:26:09 parrot kernel: [    0.006148]   node   0: [mem 0x0000000071c57000-0x0000000087e6dfff]
Nov  6 22:26:09 parrot kernel: [    0.006148]   node   0: [mem 0x0000000089d0e000-0x0000000089d0efff]
Nov  6 22:26:09 parrot kernel: [    0.006149]   node   0: [mem 0x0000000100000000-0x000000026e7fffff]
Nov  6 22:26:09 parrot kernel: [    0.006347] Zeroed struct page in unavailable ranges: 41715 pages
Nov  6 22:26:09 parrot kernel: [    0.006348] Initmem setup node 0 [mem 0x0000000000001000-0x000000026e7fffff]
Nov  6 22:26:09 parrot kernel: [    0.006349] On node 0 totalpages: 2055437
Nov  6 22:26:09 parrot kernel: [    0.006349]   DMA zone: 64 pages used for memmap
Nov  6 22:26:09 parrot kernel: [    0.006350]   DMA zone: 22 pages reserved
Nov  6 22:26:09 parrot kernel: [    0.006350]   DMA zone: 3998 pages, LIFO batch:0
Nov  6 22:26:09 parrot kernel: [    0.006387]   DMA32 zone: 8598 pages used for memmap
Nov  6 22:26:09 parrot kernel: [    0.006388]   DMA32 zone: 550255 pages, LIFO batch:63
Nov  6 22:26:09 parrot kernel: [    0.013360]   Normal zone: 23456 pages used for memmap
Nov  6 22:26:09 parrot kernel: [    0.013360]   Normal zone: 1501184 pages, LIFO batch:63
Nov  6 22:26:09 parrot kernel: [    0.013697] Reserving Intel graphics memory at [mem 0x8b800000-0x8f7fffff]
Nov  6 22:26:09 parrot kernel: [    0.014501] ACPI: PM-Timer IO Port: 0x1808
Nov  6 22:26:09 parrot kernel: [    0.014502] ACPI: Local APIC address 0xfee00000
Nov  6 22:26:09 parrot kernel: [    0.014506] ACPI: LAPIC_NMI (acpi_id[0x01] high edge lint[0x1])
Nov  6 22:26:09 parrot kernel: [    0.014506] ACPI: LAPIC_NMI (acpi_id[0x02] high edge lint[0x1])
Nov  6 22:26:09 parrot kernel: [    0.014507] ACPI: LAPIC_NMI (acpi_id[0x03] high edge lint[0x1])
Nov  6 22:26:09 parrot kernel: [    0.014507] ACPI: LAPIC_NMI (acpi_id[0x04] high edge lint[0x1])
Nov  6 22:26:09 parrot kernel: [    0.014507] ACPI: LAPIC_NMI (acpi_id[0x05] high edge lint[0x1])
Nov  6 22:26:09 parrot kernel: [    0.014508] ACPI: LAPIC_NMI (acpi_id[0x06] high edge lint[0x1])
Nov  6 22:26:09 parrot kernel: [    0.014508] ACPI: LAPIC_NMI (acpi_id[0x07] high edge lint[0x1])
Nov  6 22:26:09 parrot kernel: [    0.014508] ACPI: LAPIC_NMI (acpi_id[0x08] high edge lint[0x1])
Nov  6 22:26:09 parrot kernel: [    0.014508] ACPI: LAPIC_NMI (acpi_id[0x09] high edge lint[0x1])
Nov  6 22:26:09 parrot kernel: [    0.014509] ACPI: LAPIC_NMI (acpi_id[0x0a] high edge lint[0x1])
Nov  6 22:26:09 parrot kernel: [    0.014509] ACPI: LAPIC_NMI (acpi_id[0x0b] high edge lint[0x1])
Nov  6 22:26:09 parrot kernel: [    0.014509] ACPI: LAPIC_NMI (acpi_id[0x0c] high edge lint[0x1])
Nov  6 22:26:09 parrot kernel: [    0.014510] ACPI: LAPIC_NMI (acpi_id[0x0d] high edge lint[0x1])
Nov  6 22:26:09 parrot kernel: [    0.014510] ACPI: LAPIC_NMI (acpi_id[0x0e] high edge lint[0x1])
Nov  6 22:26:09 parrot kernel: [    0.014510] ACPI: LAPIC_NMI (acpi_id[0x0f] high edge lint[0x1])
Nov  6 22:26:09 parrot kernel: [    0.014511] ACPI: LAPIC_NMI (acpi_id[0x10] high edge lint[0x1])
Nov  6 22:26:09 parrot kernel: [    0.014576] IOAPIC[0]: apic_id 2, version 32, address 0xfec00000, GSI 0-119
Nov  6 22:26:09 parrot kernel: [    0.014577] ACPI: INT_SRC_OVR (bus 0 bus_irq 0 global_irq 2 dfl dfl)
Nov  6 22:26:09 parrot kernel: [    0.014578] ACPI: INT_SRC_OVR (bus 0 bus_irq 9 global_irq 9 high level)
Nov  6 22:26:09 parrot kernel: [    0.014579] ACPI: IRQ0 used by override.
Nov  6 22:26:09 parrot kernel: [    0.014579] ACPI: IRQ9 used by override.
Nov  6 22:26:09 parrot kernel: [    0.014580] Using ACPI (MADT) for SMP configuration information
Nov  6 22:26:09 parrot kernel: [    0.014581] ACPI: HPET id: 0x8086a201 base: 0xfed00000
Nov  6 22:26:09 parrot kernel: [    0.014585] e820: update [mem 0x7813f000-0x78232fff] usable ==> reserved
Nov  6 22:26:09 parrot kernel: [    0.014589] smpboot: Allowing 8 CPUs, 0 hotplug CPUs
Nov  6 22:26:09 parrot kernel: [    0.014598] PM: Registered nosave memory: [mem 0x00000000-0x00000fff]
Nov  6 22:26:09 parrot kernel: [    0.014599] PM: Registered nosave memory: [mem 0x0009f000-0x000fffff]
Nov  6 22:26:09 parrot kernel: [    0.014600] PM: Registered nosave memory: [mem 0x71357000-0x71c56fff]
Nov  6 22:26:09 parrot kernel: [    0.014600] PM: Registered nosave memory: [mem 0x7813f000-0x78232fff]
Nov  6 22:26:09 parrot kernel: [    0.014601] PM: Registered nosave memory: [mem 0x87e6e000-0x8806dfff]
Nov  6 22:26:09 parrot kernel: [    0.014602] PM: Registered nosave memory: [mem 0x8806e000-0x88ffdfff]
Nov  6 22:26:09 parrot kernel: [    0.014602] PM: Registered nosave memory: [mem 0x88ffe000-0x89c8dfff]
Nov  6 22:26:09 parrot kernel: [    0.014602] PM: Registered nosave memory: [mem 0x89c8e000-0x89d0dfff]
Nov  6 22:26:09 parrot kernel: [    0.014603] PM: Registered nosave memory: [mem 0x89d0f000-0x8f7fffff]
Nov  6 22:26:09 parrot kernel: [    0.014603] PM: Registered nosave memory: [mem 0x8f800000-0xdfffffff]
Nov  6 22:26:09 parrot kernel: [    0.014603] PM: Registered nosave memory: [mem 0xe0000000-0xefffffff]
Nov  6 22:26:09 parrot kernel: [    0.014604] PM: Registered nosave memory: [mem 0xf0000000-0xfdffffff]
Nov  6 22:26:09 parrot kernel: [    0.014604] PM: Registered nosave memory: [mem 0xfe000000-0xfe010fff]
Nov  6 22:26:09 parrot kernel: [    0.014604] PM: Registered nosave memory: [mem 0xfe011000-0xfed0ffff]
Nov  6 22:26:09 parrot kernel: [    0.014604] PM: Registered nosave memory: [mem 0xfed10000-0xfed19fff]
Nov  6 22:26:09 parrot kernel: [    0.014605] PM: Registered nosave memory: [mem 0xfed1a000-0xfed83fff]
Nov  6 22:26:09 parrot kernel: [    0.014605] PM: Registered nosave memory: [mem 0xfed84000-0xfed84fff]
Nov  6 22:26:09 parrot kernel: [    0.014605] PM: Registered nosave memory: [mem 0xfed85000-0xfedfffff]
Nov  6 22:26:09 parrot kernel: [    0.014605] PM: Registered nosave memory: [mem 0xfee00000-0xfee00fff]
Nov  6 22:26:09 parrot kernel: [    0.014606] PM: Registered nosave memory: [mem 0xfee01000-0xff2fffff]
Nov  6 22:26:09 parrot kernel: [    0.014606] PM: Registered nosave memory: [mem 0xff300000-0xffffffff]
Nov  6 22:26:09 parrot kernel: [    0.014607] [mem 0x8f800000-0xdfffffff] available for PCI devices
Nov  6 22:26:09 parrot kernel: [    0.014608] Booting paravirtualized kernel on bare hardware
Nov  6 22:26:09 parrot kernel: [    0.014609] clocksource: refined-jiffies: mask: 0xffffffff max_cycles: 0xffffffff, max_idle_ns: 7645519600211568 ns
Nov  6 22:26:09 parrot kernel: [    0.070554] setup_percpu: NR_CPUS:512 nr_cpumask_bits:512 nr_cpu_ids:8 nr_node_ids:1
Nov  6 22:26:09 parrot kernel: [    0.070717] percpu: Embedded 55 pages/cpu s187800 r8192 d29288 u262144
Nov  6 22:26:09 parrot kernel: [    0.070723] pcpu-alloc: s187800 r8192 d29288 u262144 alloc=1*2097152
Nov  6 22:26:09 parrot kernel: [    0.070724] pcpu-alloc: [0] 0 1 2 3 4 5 6 7 
Nov  6 22:26:09 parrot kernel: [    0.070738] Built 1 zonelists, mobility grouping on.  Total pages: 2023297
Nov  6 22:26:09 parrot kernel: [    0.070738] Policy zone: Normal
Nov  6 22:26:09 parrot kernel: [    0.070739] Kernel command line: BOOT_IMAGE=/boot/vmlinuz-5.5.0-1parrot1-amd64 root=UUID=79aad670-8ab5-43a5-977a-fa06e46e2644 ro quiet splash noautomount quiet
Nov  6 22:26:09 parrot kernel: [    0.071211] Dentry cache hash table entries: 1048576 (order: 11, 8388608 bytes, linear)
Nov  6 22:26:09 parrot kernel: [    0.071431] Inode-cache hash table entries: 524288 (order: 10, 4194304 bytes, linear)
Nov  6 22:26:09 parrot kernel: [    0.071480] mem auto-init: stack:off, heap alloc:off, heap free:off
Nov  6 22:26:09 parrot kernel: [    0.082299] Memory: 2143032K/8221748K available (10243K kernel code, 1221K rwdata, 3972K rodata, 1672K init, 1980K bss, 375276K reserved, 0K cma-reserved)
Nov  6 22:26:09 parrot kernel: [    0.082304] random: get_random_u64 called from __kmem_cache_create+0x3e/0x530 with crng_init=0
Nov  6 22:26:09 parrot kernel: [    0.082370] SLUB: HWalign=64, Order=0-3, MinObjects=0, CPUs=8, Nodes=1
Nov  6 22:26:09 parrot kernel: [    0.082377] Kernel/User page tables isolation: enabled
Nov  6 22:26:09 parrot kernel: [    0.082386] ftrace: allocating 34294 entries in 134 pages
Nov  6 22:26:09 parrot kernel: [    0.090622] ftrace: allocated 134 pages with 3 groups
Nov  6 22:26:09 parrot kernel: [    0.090675] rcu: Hierarchical RCU implementation.
Nov  6 22:26:09 parrot kernel: [    0.090675] rcu: 	RCU restricting CPUs from NR_CPUS=512 to nr_cpu_ids=8.
Nov  6 22:26:09 parrot kernel: [    0.090676] rcu: RCU calculated value of scheduler-enlistment delay is 25 jiffies.
Nov  6 22:26:09 parrot kernel: [    0.090677] rcu: Adjusting geometry for rcu_fanout_leaf=16, nr_cpu_ids=8
Nov  6 22:26:09 parrot kernel: [    0.092310] NR_IRQS: 33024, nr_irqs: 2048, preallocated irqs: 16
Nov  6 22:26:09 parrot kernel: [    0.092813] random: crng done (trusting CPU's manufacturer)
Nov  6 22:26:09 parrot kernel: [    0.092840] Console: colour dummy device 80x25
Nov  6 22:26:09 parrot kernel: [    0.092843] printk: console [tty0] enabled
Nov  6 22:26:09 parrot kernel: [    0.092852] ACPI: Core revision 20191018
Nov  6 22:26:09 parrot kernel: [    0.093225] clocksource: hpet: mask: 0xffffffff max_cycles: 0xffffffff, max_idle_ns: 79635855245 ns
Nov  6 22:26:09 parrot kernel: [    0.093387] APIC: Switch to symmetric I/O mode setup
Nov  6 22:26:09 parrot kernel: [    0.093388] DMAR: Host address width 39
Nov  6 22:26:09 parrot kernel: [    0.093389] DMAR: DRHD base: 0x000000fed90000 flags: 0x0
Nov  6 22:26:09 parrot kernel: [    0.093392] DMAR: dmar0: reg_base_addr fed90000 ver 1:0 cap 1c0000c40660462 ecap 19e2ff0505e
Nov  6 22:26:09 parrot kernel: [    0.093393] DMAR: DRHD base: 0x000000fed91000 flags: 0x1
Nov  6 22:26:09 parrot kernel: [    0.093395] DMAR: dmar1: reg_base_addr fed91000 ver 1:0 cap d2008c40660462 ecap f050da
Nov  6 22:26:09 parrot kernel: [    0.093395] DMAR: RMRR base: 0x00000088fdd000 end: 0x00000088ffcfff
Nov  6 22:26:09 parrot kernel: [    0.093396] DMAR: RMRR base: 0x0000008b000000 end: 0x0000008f7fffff
Nov  6 22:26:09 parrot kernel: [    0.093397] DMAR-IR: IOAPIC id 2 under DRHD base  0xfed91000 IOMMU 1
Nov  6 22:26:09 parrot kernel: [    0.093398] DMAR-IR: HPET id 0 under DRHD base 0xfed91000
Nov  6 22:26:09 parrot kernel: [    0.093398] DMAR-IR: Queued invalidation will be enabled to support x2apic and Intr-remapping.
Nov  6 22:26:09 parrot kernel: [    0.096642] DMAR-IR: Enabled IRQ remapping in x2apic mode
Nov  6 22:26:09 parrot kernel: [    0.096643] x2apic enabled
Nov  6 22:26:09 parrot kernel: [    0.096674] Switched APIC routing to cluster x2apic.
Nov  6 22:26:09 parrot kernel: [    0.106104] ..TIMER: vector=0x30 apic1=0 pin1=2 apic2=-1 pin2=-1
Nov  6 22:26:09 parrot kernel: [    0.125318] clocksource: tsc-early: mask: 0xffffffffffffffff max_cycles: 0x22983777dd9, max_idle_ns: 440795300422 ns
Nov  6 22:26:09 parrot kernel: [    0.125321] Calibrating delay loop (skipped), value calculated using timer frequency.. 4800.00 BogoMIPS (lpj=9600000)
Nov  6 22:26:09 parrot kernel: [    0.125322] pid_max: default: 32768 minimum: 301
Nov  6 22:26:09 parrot kernel: [    0.128090] LSM: Security Framework initializing
Nov  6 22:26:09 parrot kernel: [    0.128095] Yama: disabled by default; enable with sysctl kernel.yama.*
Nov  6 22:26:09 parrot kernel: [    0.128110] AppArmor: AppArmor initialized
Nov  6 22:26:09 parrot kernel: [    0.128111] TOMOYO Linux initialized
Nov  6 22:26:09 parrot kernel: [    0.128128] Mount-cache hash table entries: 16384 (order: 5, 131072 bytes, linear)
Nov  6 22:26:09 parrot kernel: [    0.128136] Mountpoint-cache hash table entries: 16384 (order: 5, 131072 bytes, linear)
Nov  6 22:26:09 parrot kernel: [    0.128284] mce: CPU0: Thermal monitoring enabled (TM1)
Nov  6 22:26:09 parrot kernel: [    0.128297] process: using mwait in idle threads
Nov  6 22:26:09 parrot kernel: [    0.128298] Last level iTLB entries: 4KB 64, 2MB 8, 4MB 8
Nov  6 22:26:09 parrot kernel: [    0.128299] Last level dTLB entries: 4KB 64, 2MB 0, 4MB 0, 1GB 4
Nov  6 22:26:09 parrot kernel: [    0.128301] Spectre V1 : Mitigation: usercopy/swapgs barriers and __user pointer sanitization
Nov  6 22:26:09 parrot kernel: [    0.128302] Spectre V2 : Mitigation: Full generic retpoline
Nov  6 22:26:09 parrot kernel: [    0.128302] Spectre V2 : Spectre v2 / SpectreRSB mitigation: Filling RSB on context switch
Nov  6 22:26:09 parrot kernel: [    0.128302] Spectre V2 : Enabling Restricted Speculation for firmware calls
Nov  6 22:26:09 parrot kernel: [    0.128303] Spectre V2 : mitigation: Enabling conditional Indirect Branch Prediction Barrier
Nov  6 22:26:09 parrot kernel: [    0.128303] Spectre V2 : User space: Mitigation: STIBP via seccomp and prctl
Nov  6 22:26:09 parrot kernel: [    0.128304] Speculative Store Bypass: Mitigation: Speculative Store Bypass disabled via prctl and seccomp
Nov  6 22:26:09 parrot kernel: [    0.128306] MDS: Mitigation: Clear CPU buffers
Nov  6 22:26:09 parrot kernel: [    0.128464] Freeing SMP alternatives memory: 32K
Nov  6 22:26:09 parrot kernel: [    0.133390] TSC deadline timer enabled
Nov  6 22:26:09 parrot kernel: [    0.133401] smpboot: CPU0: Intel(R) Core(TM) i5-9300H CPU @ 2.40GHz (family: 0x6, model: 0x9e, stepping: 0xa)
Nov  6 22:26:09 parrot kernel: [    0.133459] Performance Events: PEBS fmt3+, Skylake events, 32-deep LBR, full-width counters, Intel PMU driver.
Nov  6 22:26:09 parrot kernel: [    0.133462] ... version:                4
Nov  6 22:26:09 parrot kernel: [    0.133462] ... bit width:              48
Nov  6 22:26:09 parrot kernel: [    0.133463] ... generic registers:      4
Nov  6 22:26:09 parrot kernel: [    0.133463] ... value mask:             0000ffffffffffff
Nov  6 22:26:09 parrot kernel: [    0.133463] ... max period:             00007fffffffffff
Nov  6 22:26:09 parrot kernel: [    0.133464] ... fixed-purpose events:   3
Nov  6 22:26:09 parrot kernel: [    0.133464] ... event mask:             000000070000000f
Nov  6 22:26:09 parrot kernel: [    0.133486] rcu: Hierarchical SRCU implementation.
Nov  6 22:26:09 parrot kernel: [    0.133965] NMI watchdog: Enabled. Permanently consumes one hw-PMU counter.
Nov  6 22:26:09 parrot kernel: [    0.134002] smp: Bringing up secondary CPUs ...
Nov  6 22:26:09 parrot kernel: [    0.134041] x86: Booting SMP configuration:
Nov  6 22:26:09 parrot kernel: [    0.134041] .... node  #0, CPUs:      #1 #2 #3 #4
Nov  6 22:26:09 parrot kernel: [    0.138640] MDS CPU bug present and SMT on, data leak possible. See https://www.kernel.org/doc/html/latest/admin-guide/hw-vuln/mds.html for more details.
Nov  6 22:26:09 parrot kernel: [    0.138640]  #5 #6 #7
Nov  6 22:26:09 parrot kernel: [    0.138640] smp: Brought up 1 node, 8 CPUs
Nov  6 22:26:09 parrot kernel: [    0.138640] smpboot: Max logical packages: 1
Nov  6 22:26:09 parrot kernel: [    0.138640] smpboot: Total of 8 processors activated (38400.00 BogoMIPS)
Nov  6 22:26:09 parrot kernel: [    0.153322] node 0 initialised, 1425860 pages in 12ms
Nov  6 22:26:09 parrot kernel: [    0.153466] devtmpfs: initialized
Nov  6 22:26:09 parrot kernel: [    0.153466] x86/mm: Memory block size: 128MB
Nov  6 22:26:09 parrot kernel: [    0.153771] PM: Registering ACPI NVS region [mem 0x88ffe000-0x89c8dfff] (13172736 bytes)
Nov  6 22:26:09 parrot kernel: [    0.153771] clocksource: jiffies: mask: 0xffffffff max_cycles: 0xffffffff, max_idle_ns: 7645041785100000 ns
Nov  6 22:26:09 parrot kernel: [    0.153771] futex hash table entries: 2048 (order: 5, 131072 bytes, linear)
Nov  6 22:26:09 parrot kernel: [    0.153771] pinctrl core: initialized pinctrl subsystem
Nov  6 22:26:09 parrot kernel: [    0.153771] thermal_sys: Registered thermal governor 'fair_share'
Nov  6 22:26:09 parrot kernel: [    0.153771] thermal_sys: Registered thermal governor 'bang_bang'
Nov  6 22:26:09 parrot kernel: [    0.153771] thermal_sys: Registered thermal governor 'step_wise'
Nov  6 22:26:09 parrot kernel: [    0.153771] thermal_sys: Registered thermal governor 'user_space'
Nov  6 22:26:09 parrot kernel: [    0.153771] NET: Registered protocol family 16
Nov  6 22:26:09 parrot kernel: [    0.153771] audit: initializing netlink subsys (disabled)
Nov  6 22:26:09 parrot kernel: [    0.153771] audit: type=2000 audit(1604701565.052:1): state=initialized audit_enabled=0 res=1
Nov  6 22:26:09 parrot kernel: [    0.157330] cpuidle: using governor ladder
Nov  6 22:26:09 parrot kernel: [    0.157332] cpuidle: using governor menu
Nov  6 22:26:09 parrot kernel: [    0.157345] ACPI FADT declares the system doesn't support PCIe ASPM, so disable it
Nov  6 22:26:09 parrot kernel: [    0.157345] ACPI: bus type PCI registered
Nov  6 22:26:09 parrot kernel: [    0.157345] acpiphp: ACPI Hot Plug PCI Controller Driver version: 0.5
Nov  6 22:26:09 parrot kernel: [    0.157388] PCI: MMCONFIG for domain 0000 [bus 00-ff] at [mem 0xe0000000-0xefffffff] (base 0xe0000000)
Nov  6 22:26:09 parrot kernel: [    0.157395] PCI: MMCONFIG at [mem 0xe0000000-0xefffffff] reserved in E820
Nov  6 22:26:09 parrot kernel: [    0.157404] PCI: Using configuration type 1 for base access
Nov  6 22:26:09 parrot kernel: [    0.157692] ENERGY_PERF_BIAS: Set to 'normal', was 'performance'
Nov  6 22:26:09 parrot kernel: [    0.157832] HugeTLB registered 1.00 GiB page size, pre-allocated 0 pages
Nov  6 22:26:09 parrot kernel: [    0.157832] HugeTLB registered 2.00 MiB page size, pre-allocated 0 pages
Nov  6 22:26:09 parrot kernel: [    0.241478] ACPI: Added _OSI(Module Device)
Nov  6 22:26:09 parrot kernel: [    0.241478] ACPI: Added _OSI(Processor Device)
Nov  6 22:26:09 parrot kernel: [    0.241478] ACPI: Added _OSI(3.0 _SCP Extensions)
Nov  6 22:26:09 parrot kernel: [    0.241478] ACPI: Added _OSI(Processor Aggregator Device)
Nov  6 22:26:09 parrot kernel: [    0.241478] ACPI: Added _OSI(Linux-Dell-Video)
Nov  6 22:26:09 parrot kernel: [    0.241478] ACPI: Added _OSI(Linux-Lenovo-NV-HDMI-Audio)
Nov  6 22:26:09 parrot kernel: [    0.241478] ACPI: Added _OSI(Linux-HPI-Hybrid-Graphics)
Nov  6 22:26:09 parrot kernel: [    0.276281] ACPI: 11 ACPI AML tables successfully acquired and loaded
Nov  6 22:26:09 parrot kernel: [    0.282760] ACPI: Dynamic OEM Table Load:
Nov  6 22:26:09 parrot kernel: [    0.282768] ACPI: SSDT 0xFFFF8D5BC710BA00 0000F4 (v02 PmRef  Cpu0Psd  00003000 INTL 20160422)
Nov  6 22:26:09 parrot kernel: [    0.283553] ACPI: \_SB_.PR00: _OSC native thermal LVT Acked
Nov  6 22:26:09 parrot kernel: [    0.285253] ACPI: Dynamic OEM Table Load:
Nov  6 22:26:09 parrot kernel: [    0.285257] ACPI: SSDT 0xFFFF8D5C7BCCF800 000400 (v02 PmRef  Cpu0Cst  00003001 INTL 20160422)
Nov  6 22:26:09 parrot kernel: [    0.286109] ACPI: Dynamic OEM Table Load:
Nov  6 22:26:09 parrot kernel: [    0.286113] ACPI: SSDT 0xFFFF8D5BC7300800 00053F (v02 PmRef  Cpu0Ist  00003000 INTL 20160422)
Nov  6 22:26:09 parrot kernel: [    0.286992] ACPI: Dynamic OEM Table Load:
Nov  6 22:26:09 parrot kernel: [    0.286995] ACPI: SSDT 0xFFFF8D5C7BD6E000 000149 (v02 PmRef  Cpu0Hwp  00003000 INTL 20160422)
Nov  6 22:26:09 parrot kernel: [    0.287797] ACPI: Dynamic OEM Table Load:
Nov  6 22:26:09 parrot kernel: [    0.287801] ACPI: SSDT 0xFFFF8D5BC7301800 000724 (v02 PmRef  HwpLvt   00003000 INTL 20160422)
Nov  6 22:26:09 parrot kernel: [    0.288760] ACPI: Dynamic OEM Table Load:
Nov  6 22:26:09 parrot kernel: [    0.288764] ACPI: SSDT 0xFFFF8D5BC7307000 0005FC (v02 PmRef  ApIst    00003000 INTL 20160422)
Nov  6 22:26:09 parrot kernel: [    0.289653] ACPI: Dynamic OEM Table Load:
Nov  6 22:26:09 parrot kernel: [    0.289656] ACPI: SSDT 0xFFFF8D5C7BCCA000 000317 (v02 PmRef  ApHwp    00003000 INTL 20160422)
Nov  6 22:26:09 parrot kernel: [    0.290558] ACPI: Dynamic OEM Table Load:
Nov  6 22:26:09 parrot kernel: [    0.290562] ACPI: SSDT 0xFFFF8D5BC730C000 000AB0 (v02 PmRef  ApPsd    00003000 INTL 20160422)
Nov  6 22:26:09 parrot kernel: [    0.291711] ACPI: Dynamic OEM Table Load:
Nov  6 22:26:09 parrot kernel: [    0.291714] ACPI: SSDT 0xFFFF8D5C7BCCFC00 00030A (v02 PmRef  ApCst    00003000 INTL 20160422)
Nov  6 22:26:09 parrot kernel: [    0.295658] ACPI: EC: EC started
Nov  6 22:26:09 parrot kernel: [    0.295659] ACPI: EC: interrupt blocked
Nov  6 22:26:09 parrot kernel: [    0.295889] ACPI: \_SB_.PCI0.LPCB.EC0_: Used as first EC
Nov  6 22:26:09 parrot kernel: [    0.295890] ACPI: \_SB_.PCI0.LPCB.EC0_: GPE=0x14, IRQ=-1, EC_CMD/EC_SC=0x66, EC_DATA=0x62
Nov  6 22:26:09 parrot kernel: [    0.295891] ACPI: \_SB_.PCI0.LPCB.EC0_: Boot DSDT EC used to handle transactions
Nov  6 22:26:09 parrot kernel: [    0.295891] ACPI: Interpreter enabled
Nov  6 22:26:09 parrot kernel: [    0.295923] ACPI: (supports S0 S3 S4 S5)
Nov  6 22:26:09 parrot kernel: [    0.295924] ACPI: Using IOAPIC for interrupt routing
Nov  6 22:26:09 parrot kernel: [    0.295947] PCI: Using host bridge windows from ACPI; if necessary, use "pci=nocrs" and report a bug
Nov  6 22:26:09 parrot kernel: [    0.297468] ACPI: Enabled 10 GPEs in block 00 to 7F
Nov  6 22:26:09 parrot kernel: [    0.298057] ACPI: Power Resource [PG00] (on)
Nov  6 22:26:09 parrot kernel: [    0.298415] ACPI: Power Resource [PG01] (on)
Nov  6 22:26:09 parrot kernel: [    0.298624] ACPI: Power Resource [PG02] (on)
Nov  6 22:26:09 parrot kernel: [    0.301829] ACPI: Power Resource [DBTP] (on)
Nov  6 22:26:09 parrot kernel: [    0.302360] ACPI: Power Resource [USBC] (on)
Nov  6 22:26:09 parrot kernel: [    0.306110] ACPI: Power Resource [WRST] (on)
Nov  6 22:26:09 parrot kernel: [    0.306141] ACPI: Power Resource [DRST] (on)
Nov  6 22:26:09 parrot kernel: [    0.308167] ACPI: Power Resource [V0PR] (on)
Nov  6 22:26:09 parrot kernel: [    0.308267] ACPI: Power Resource [V1PR] (on)
Nov  6 22:26:09 parrot kernel: [    0.308362] ACPI: Power Resource [V2PR] (on)
Nov  6 22:26:09 parrot kernel: [    0.312246] ACPI: Power Resource [WRST] (on)
Nov  6 22:26:09 parrot kernel: [    0.312378] acpi ABCD0000:00: ACPI dock station (docks/bays count: 1)
Nov  6 22:26:09 parrot kernel: [    0.315676] ACPI: PCI Root Bridge [PCI0] (domain 0000 [bus 00-fe])
Nov  6 22:26:09 parrot kernel: [    0.315679] acpi PNP0A08:00: _OSC: OS supports [ExtendedConfig ASPM ClockPM Segments MSI HPX-Type3]
Nov  6 22:26:09 parrot kernel: [    0.315800] acpi PNP0A08:00: _OSC: platform does not support [PCIeHotplug SHPCHotplug PME]
Nov  6 22:26:09 parrot kernel: [    0.315908] acpi PNP0A08:00: _OSC: OS now controls [AER PCIeCapability LTR]
Nov  6 22:26:09 parrot kernel: [    0.315909] acpi PNP0A08:00: FADT indicates ASPM is unsupported, using BIOS configuration
Nov  6 22:26:09 parrot kernel: [    0.317817] PCI host bridge to bus 0000:00
Nov  6 22:26:09 parrot kernel: [    0.317819] pci_bus 0000:00: root bus resource [io  0x0000-0x0cf7 window]
Nov  6 22:26:09 parrot kernel: [    0.317819] pci_bus 0000:00: root bus resource [io  0x0d00-0xffff window]
Nov  6 22:26:09 parrot kernel: [    0.317820] pci_bus 0000:00: root bus resource [mem 0x000a0000-0x000bffff window]
Nov  6 22:26:09 parrot kernel: [    0.317821] pci_bus 0000:00: root bus resource [mem 0x8f800000-0xdfffffff window]
Nov  6 22:26:09 parrot kernel: [    0.317821] pci_bus 0000:00: root bus resource [mem 0xfc800000-0xfe7fffff window]
Nov  6 22:26:09 parrot kernel: [    0.317822] pci_bus 0000:00: root bus resource [bus 00-fe]
Nov  6 22:26:09 parrot kernel: [    0.317828] pci 0000:00:00.0: [8086:3e10] type 00 class 0x060000
Nov  6 22:26:09 parrot kernel: [    0.318631] pci 0000:00:01.0: [8086:1901] type 01 class 0x060400
Nov  6 22:26:09 parrot kernel: [    0.318663] pci 0000:00:01.0: PME# supported from D0 D3hot D3cold
Nov  6 22:26:09 parrot kernel: [    0.319363] pci 0000:00:02.0: [8086:3e9b] type 00 class 0x030000
Nov  6 22:26:09 parrot kernel: [    0.319369] pci 0000:00:02.0: reg 0x10: [mem 0xa2000000-0xa2ffffff 64bit]
Nov  6 22:26:09 parrot kernel: [    0.319373] pci 0000:00:02.0: reg 0x18: [mem 0xb0000000-0xbfffffff 64bit pref]
Nov  6 22:26:09 parrot kernel: [    0.319375] pci 0000:00:02.0: reg 0x20: [io  0x5000-0x503f]
Nov  6 22:26:09 parrot kernel: [    0.319385] pci 0000:00:02.0: BAR 2: assigned to efifb
Nov  6 22:26:09 parrot kernel: [    0.320083] pci 0000:00:08.0: [8086:1911] type 00 class 0x088000
Nov  6 22:26:09 parrot kernel: [    0.320091] pci 0000:00:08.0: reg 0x10: [mem 0xa4516000-0xa4516fff 64bit]
Nov  6 22:26:09 parrot kernel: [    0.320840] pci 0000:00:12.0: [8086:a379] type 00 class 0x118000
Nov  6 22:26:09 parrot kernel: [    0.320871] pci 0000:00:12.0: reg 0x10: [mem 0xa4517000-0xa4517fff 64bit]
Nov  6 22:26:09 parrot kernel: [    0.321682] pci 0000:00:14.0: [8086:a36d] type 00 class 0x0c0330
Nov  6 22:26:09 parrot kernel: [    0.321715] pci 0000:00:14.0: reg 0x10: [mem 0xa4500000-0xa450ffff 64bit]
Nov  6 22:26:09 parrot kernel: [    0.321818] pci 0000:00:14.0: PME# supported from D3hot D3cold
Nov  6 22:26:09 parrot kernel: [    0.322511] pci 0000:00:14.2: [8086:a36f] type 00 class 0x050000
Nov  6 22:26:09 parrot kernel: [    0.322540] pci 0000:00:14.2: reg 0x10: [mem 0xa4514000-0xa4515fff 64bit]
Nov  6 22:26:09 parrot kernel: [    0.322556] pci 0000:00:14.2: reg 0x18: [mem 0xa4518000-0xa4518fff 64bit]
Nov  6 22:26:09 parrot kernel: [    0.323481] pci 0000:00:15.0: [8086:a368] type 00 class 0x0c8000
Nov  6 22:26:09 parrot kernel: [    0.324176] pci 0000:00:15.0: reg 0x10: [mem 0x00000000-0x00000fff 64bit]
Nov  6 22:26:09 parrot kernel: [    0.327191] pci 0000:00:15.1: [8086:a369] type 00 class 0x0c8000
Nov  6 22:26:09 parrot kernel: [    0.327886] pci 0000:00:15.1: reg 0x10: [mem 0x00000000-0x00000fff 64bit]
Nov  6 22:26:09 parrot kernel: [    0.330797] pci 0000:00:16.0: [8086:a360] type 00 class 0x078000
Nov  6 22:26:09 parrot kernel: [    0.330827] pci 0000:00:16.0: reg 0x10: [mem 0xa451b000-0xa451bfff 64bit]
Nov  6 22:26:09 parrot kernel: [    0.330914] pci 0000:00:16.0: PME# supported from D3hot
Nov  6 22:26:09 parrot kernel: [    0.331745] pci 0000:00:1d.0: [8086:a330] type 01 class 0x060400
Nov  6 22:26:09 parrot kernel: [    0.331894] pci 0000:00:1d.0: PME# supported from D0 D3hot D3cold
Nov  6 22:26:09 parrot kernel: [    0.331930] pci 0000:00:1d.0: PTM enabled (root), 4ns granularity
Nov  6 22:26:09 parrot kernel: [    0.332669] pci 0000:00:1d.5: [8086:a335] type 01 class 0x060400
Nov  6 22:26:09 parrot kernel: [    0.332812] pci 0000:00:1d.5: PME# supported from D0 D3hot D3cold
Nov  6 22:26:09 parrot kernel: [    0.332842] pci 0000:00:1d.5: PTM enabled (root), 4ns granularity
Nov  6 22:26:09 parrot kernel: [    0.333543] pci 0000:00:1d.6: [8086:a336] type 01 class 0x060400
Nov  6 22:26:09 parrot kernel: [    0.333685] pci 0000:00:1d.6: PME# supported from D0 D3hot D3cold
Nov  6 22:26:09 parrot kernel: [    0.333716] pci 0000:00:1d.6: PTM enabled (root), 4ns granularity
Nov  6 22:26:09 parrot kernel: [    0.334674] pci 0000:00:1e.0: [8086:a328] type 00 class 0x078000
Nov  6 22:26:09 parrot kernel: [    0.335365] pci 0000:00:1e.0: reg 0x10: [mem 0x00000000-0x00000fff 64bit]
Nov  6 22:26:09 parrot kernel: [    0.338237] pci 0000:00:1f.0: [8086:a30d] type 00 class 0x060100
Nov  6 22:26:09 parrot kernel: [    0.339158] pci 0000:00:1f.3: [8086:a348] type 00 class 0x040380
Nov  6 22:26:09 parrot kernel: [    0.339225] pci 0000:00:1f.3: reg 0x10: [mem 0xa4510000-0xa4513fff 64bit]
Nov  6 22:26:09 parrot kernel: [    0.339295] pci 0000:00:1f.3: reg 0x20: [mem 0xa4100000-0xa41fffff 64bit]
Nov  6 22:26:09 parrot kernel: [    0.339424] pci 0000:00:1f.3: PME# supported from D3hot D3cold
Nov  6 22:26:09 parrot kernel: [    0.340184] pci 0000:00:1f.4: [8086:a323] type 00 class 0x0c0500
Nov  6 22:26:09 parrot kernel: [    0.340231] pci 0000:00:1f.4: reg 0x10: [mem 0xa451d000-0xa451d0ff 64bit]
Nov  6 22:26:09 parrot kernel: [    0.340271] pci 0000:00:1f.4: reg 0x20: [io  0x5040-0x505f]
Nov  6 22:26:09 parrot kernel: [    0.341003] pci 0000:00:1f.5: [8086:a324] type 00 class 0x0c8000
Nov  6 22:26:09 parrot kernel: [    0.341023] pci 0000:00:1f.5: reg 0x10: [mem 0xfe010000-0xfe010fff]
Nov  6 22:26:09 parrot kernel: [    0.341754] pci 0000:01:00.0: [10de:1f99] type 00 class 0x030000
Nov  6 22:26:09 parrot kernel: [    0.341769] pci 0000:01:00.0: reg 0x10: [mem 0xa3000000-0xa3ffffff]
Nov  6 22:26:09 parrot kernel: [    0.341777] pci 0000:01:00.0: reg 0x14: [mem 0x90000000-0x9fffffff 64bit pref]
Nov  6 22:26:09 parrot kernel: [    0.341784] pci 0000:01:00.0: reg 0x1c: [mem 0xa0000000-0xa1ffffff 64bit pref]
Nov  6 22:26:09 parrot kernel: [    0.341789] pci 0000:01:00.0: reg 0x24: [io  0x4000-0x407f]
Nov  6 22:26:09 parrot kernel: [    0.341794] pci 0000:01:00.0: reg 0x30: [mem 0xfff80000-0xffffffff pref]
Nov  6 22:26:09 parrot kernel: [    0.341805] pci 0000:01:00.0: Enabling HDA controller
Nov  6 22:26:09 parrot kernel: [    0.341836] pci 0000:01:00.0: PME# supported from D0 D3hot D3cold
Nov  6 22:26:09 parrot kernel: [    0.341920] pci 0000:01:00.1: [10de:10fa] type 00 class 0x040300
Nov  6 22:26:09 parrot kernel: [    0.341931] pci 0000:01:00.1: reg 0x10: [mem 0xa4000000-0xa4003fff]
Nov  6 22:26:09 parrot kernel: [    0.342038] pci 0000:00:01.0: PCI bridge to [bus 01-05]
Nov  6 22:26:09 parrot kernel: [    0.342039] pci 0000:00:01.0:   bridge window [io  0x4000-0x4fff]
Nov  6 22:26:09 parrot kernel: [    0.342040] pci 0000:00:01.0:   bridge window [mem 0xa3000000-0xa40fffff]
Nov  6 22:26:09 parrot kernel: [    0.342042] pci 0000:00:01.0:   bridge window [mem 0x90000000-0xa1ffffff 64bit pref]
Nov  6 22:26:09 parrot kernel: [    0.342121] pci 0000:06:00.0: [1c5c:1327] type 00 class 0x010802
Nov  6 22:26:09 parrot kernel: [    0.342167] pci 0000:06:00.0: reg 0x10: [mem 0xa4400000-0xa4403fff 64bit]
Nov  6 22:26:09 parrot kernel: [    0.342329] pci 0000:06:00.0: supports D1
Nov  6 22:26:09 parrot kernel: [    0.342330] pci 0000:06:00.0: PME# supported from D0 D1 D3hot
Nov  6 22:26:09 parrot kernel: [    0.342542] pci 0000:00:1d.0: PCI bridge to [bus 06]
Nov  6 22:26:09 parrot kernel: [    0.342548] pci 0000:00:1d.0:   bridge window [mem 0xa4400000-0xa44fffff]
Nov  6 22:26:09 parrot kernel: [    0.342622] pci 0000:07:00.0: [10ec:8168] type 00 class 0x020000
Nov  6 22:26:09 parrot kernel: [    0.342656] pci 0000:07:00.0: reg 0x10: [io  0x3000-0x30ff]
Nov  6 22:26:09 parrot kernel: [    0.342684] pci 0000:07:00.0: reg 0x18: [mem 0xa4304000-0xa4304fff 64bit]
Nov  6 22:26:09 parrot kernel: [    0.342700] pci 0000:07:00.0: reg 0x20: [mem 0xa4300000-0xa4303fff 64bit]
Nov  6 22:26:09 parrot kernel: [    0.342818] pci 0000:07:00.0: supports D1 D2
Nov  6 22:26:09 parrot kernel: [    0.342818] pci 0000:07:00.0: PME# supported from D0 D1 D2 D3hot D3cold
Nov  6 22:26:09 parrot kernel: [    0.343022] pci 0000:00:1d.5: PCI bridge to [bus 07]
Nov  6 22:26:09 parrot kernel: [    0.343025] pci 0000:00:1d.5:   bridge window [io  0x3000-0x3fff]
Nov  6 22:26:09 parrot kernel: [    0.343028] pci 0000:00:1d.5:   bridge window [mem 0xa4300000-0xa43fffff]
Nov  6 22:26:09 parrot kernel: [    0.343119] pci 0000:08:00.0: [8086:2723] type 00 class 0x028000
Nov  6 22:26:09 parrot kernel: [    0.343161] pci 0000:08:00.0: reg 0x10: [mem 0xa4200000-0xa4203fff 64bit]
Nov  6 22:26:09 parrot kernel: [    0.343317] pci 0000:08:00.0: PME# supported from D0 D3hot D3cold
Nov  6 22:26:09 parrot kernel: [    0.343532] pci 0000:00:1d.6: PCI bridge to [bus 08]
Nov  6 22:26:09 parrot kernel: [    0.343539] pci 0000:00:1d.6:   bridge window [mem 0xa4200000-0xa42fffff]
Nov  6 22:26:09 parrot kernel: [    0.345378] ACPI: EC: interrupt unblocked
Nov  6 22:26:09 parrot kernel: [    0.345404] ACPI: EC: event unblocked
Nov  6 22:26:09 parrot kernel: [    0.345431] ACPI: \_SB_.PCI0.LPCB.EC0_: GPE=0x14, IRQ=-1, EC_CMD/EC_SC=0x66, EC_DATA=0x62
Nov  6 22:26:09 parrot kernel: [    0.345432] ACPI: \_SB_.PCI0.LPCB.EC0_: Boot DSDT EC used to handle transactions and events
Nov  6 22:26:09 parrot kernel: [    0.345473] iommu: Default domain type: Translated 
Nov  6 22:26:09 parrot kernel: [    0.345480] pci 0000:00:02.0: vgaarb: setting as boot VGA device
Nov  6 22:26:09 parrot kernel: [    0.345480] pci 0000:00:02.0: vgaarb: VGA device added: decodes=io+mem,owns=io+mem,locks=none
Nov  6 22:26:09 parrot kernel: [    0.345480] pci 0000:01:00.0: vgaarb: VGA device added: decodes=io+mem,owns=none,locks=none
Nov  6 22:26:09 parrot kernel: [    0.345480] pci 0000:00:02.0: vgaarb: no bridge control possible
Nov  6 22:26:09 parrot kernel: [    0.345480] pci 0000:01:00.0: vgaarb: bridge control possible
Nov  6 22:26:09 parrot kernel: [    0.345480] vgaarb: loaded
Nov  6 22:26:09 parrot kernel: [    0.345480] EDAC MC: Ver: 3.0.0
Nov  6 22:26:09 parrot kernel: [    0.345674] Registered efivars operations
Nov  6 22:26:09 parrot kernel: [    0.345674] PCI: Using ACPI for IRQ routing
Nov  6 22:26:09 parrot kernel: [    0.427799] PCI: pci_cache_line_size set to 64 bytes
Nov  6 22:26:09 parrot kernel: [    0.428116] e820: reserve RAM buffer [mem 0x0009f000-0x0009ffff]
Nov  6 22:26:09 parrot kernel: [    0.428117] e820: reserve RAM buffer [mem 0x71357000-0x73ffffff]
Nov  6 22:26:09 parrot kernel: [    0.428117] e820: reserve RAM buffer [mem 0x7813f000-0x7bffffff]
Nov  6 22:26:09 parrot kernel: [    0.428118] e820: reserve RAM buffer [mem 0x87e6e000-0x87ffffff]
Nov  6 22:26:09 parrot kernel: [    0.428118] e820: reserve RAM buffer [mem 0x89d0f000-0x8bffffff]
Nov  6 22:26:09 parrot kernel: [    0.428119] e820: reserve RAM buffer [mem 0x26e800000-0x26fffffff]
Nov  6 22:26:09 parrot kernel: [    0.428546] hpet0: at MMIO 0xfed00000, IRQs 2, 8, 0, 0, 0, 0, 0, 0
Nov  6 22:26:09 parrot kernel: [    0.428548] hpet0: 8 comparators, 64-bit 24.000000 MHz counter
Nov  6 22:26:09 parrot kernel: [    0.431395] clocksource: Switched to clocksource tsc-early
Nov  6 22:26:09 parrot kernel: [    0.435248] VFS: Disk quotas dquot_6.6.0
Nov  6 22:26:09 parrot kernel: [    0.435248] VFS: Dquot-cache hash table entries: 512 (order 0, 4096 bytes)
Nov  6 22:26:09 parrot kernel: [    0.435248] AppArmor: AppArmor Filesystem Enabled
Nov  6 22:26:09 parrot kernel: [    0.435248] pnp: PnP ACPI init
Nov  6 22:26:09 parrot kernel: [    0.435248] system 00:00: [mem 0x40000000-0x403fffff] could not be reserved
Nov  6 22:26:09 parrot kernel: [    0.435248] system 00:00: Plug and Play ACPI device, IDs PNP0c02 (active)
Nov  6 22:26:09 parrot kernel: [    0.435248] system 00:01: [io  0x1800-0x18fe] has been reserved
Nov  6 22:26:09 parrot kernel: [    0.435248] system 00:01: [mem 0xfd000000-0xfd69ffff] has been reserved
Nov  6 22:26:09 parrot kernel: [    0.435248] system 00:01: [mem 0xfd6c0000-0xfd6cffff] has been reserved
Nov  6 22:26:09 parrot kernel: [    0.435248] system 00:01: [mem 0xfd6f0000-0xfdffffff] has been reserved
Nov  6 22:26:09 parrot kernel: [    0.435248] system 00:01: [mem 0xfe000000-0xfe01ffff] could not be reserved
Nov  6 22:26:09 parrot kernel: [    0.435248] system 00:01: [mem 0xfe200000-0xfe7fffff] has been reserved
Nov  6 22:26:09 parrot kernel: [    0.435248] system 00:01: [mem 0xfc7e0000-0xfc7e0fff] has been reserved
Nov  6 22:26:09 parrot kernel: [    0.435248] system 00:01: [mem 0xff000000-0xffffffff] could not be reserved
Nov  6 22:26:09 parrot kernel: [    0.435248] system 00:01: Plug and Play ACPI device, IDs PNP0c02 (active)
Nov  6 22:26:09 parrot kernel: [    0.435248] system 00:02: [io  0x2000-0x20fe] has been reserved
Nov  6 22:26:09 parrot kernel: [    0.435248] system 00:02: Plug and Play ACPI device, IDs PNP0c02 (active)
Nov  6 22:26:09 parrot kernel: [    0.435248] system 00:03: [io  0x0680-0x069f] has been reserved
Nov  6 22:26:09 parrot kernel: [    0.435248] system 00:03: [io  0x164e-0x164f] has been reserved
Nov  6 22:26:09 parrot kernel: [    0.435248] system 00:03: [io  0xfd60-0xfd63] has been reserved
Nov  6 22:26:09 parrot kernel: [    0.435248] system 00:03: Plug and Play ACPI device, IDs PNP0c02 (active)
Nov  6 22:26:09 parrot kernel: [    0.435248] pnp 00:04: Plug and Play ACPI device, IDs PNP0b00 (active)
Nov  6 22:26:09 parrot kernel: [    0.435248] system 00:05: [io  0x1854-0x1857] has been reserved
Nov  6 22:26:09 parrot kernel: [    0.435248] system 00:05: Plug and Play ACPI device, IDs INT3f0d PNP0c02 (active)
Nov  6 22:26:09 parrot kernel: [    0.435248] pnp 00:06: Plug and Play ACPI device, IDs PNP0303 (active)
Nov  6 22:26:09 parrot kernel: [    0.435248] system 00:07: Plug and Play ACPI device, IDs PNP0c02 (active)
Nov  6 22:26:09 parrot kernel: [    0.435248] system 00:08: [mem 0xfed10000-0xfed17fff] has been reserved
Nov  6 22:26:09 parrot kernel: [    0.435248] system 00:08: [mem 0xfed18000-0xfed18fff] has been reserved
Nov  6 22:26:09 parrot kernel: [    0.435248] system 00:08: [mem 0xfed19000-0xfed19fff] has been reserved
Nov  6 22:26:09 parrot kernel: [    0.435248] system 00:08: [mem 0xe0000000-0xefffffff] has been reserved
Nov  6 22:26:09 parrot kernel: [    0.435248] system 00:08: [mem 0xfed20000-0xfed3ffff] has been reserved
Nov  6 22:26:09 parrot kernel: [    0.435248] system 00:08: [mem 0xfed90000-0xfed93fff] could not be reserved
Nov  6 22:26:09 parrot kernel: [    0.435248] system 00:08: [mem 0xfed45000-0xfed8ffff] could not be reserved
Nov  6 22:26:09 parrot kernel: [    0.435248] system 00:08: [mem 0xfee00000-0xfeefffff] could not be reserved
Nov  6 22:26:09 parrot kernel: [    0.435248] system 00:08: Plug and Play ACPI device, IDs PNP0c02 (active)
Nov  6 22:26:09 parrot kernel: [    0.437491] pnp: PnP ACPI: found 9 devices
Nov  6 22:26:09 parrot kernel: [    0.442615] clocksource: acpi_pm: mask: 0xffffff max_cycles: 0xffffff, max_idle_ns: 2085701024 ns
Nov  6 22:26:09 parrot kernel: [    0.442631] pci 0000:01:00.0: can't claim BAR 6 [mem 0xfff80000-0xffffffff pref]: no compatible bridge window
Nov  6 22:26:09 parrot kernel: [    0.442637] pci 0000:00:15.0: BAR 0: assigned [mem 0x8f800000-0x8f800fff 64bit]
Nov  6 22:26:09 parrot kernel: [    0.442906] pci 0000:00:15.1: BAR 0: assigned [mem 0x8f801000-0x8f801fff 64bit]
Nov  6 22:26:09 parrot kernel: [    0.443174] pci 0000:00:1e.0: BAR 0: assigned [mem 0x8f802000-0x8f802fff 64bit]
Nov  6 22:26:09 parrot kernel: [    0.443442] pci 0000:01:00.0: BAR 6: assigned [mem 0xa4080000-0xa40fffff pref]
Nov  6 22:26:09 parrot kernel: [    0.443443] pci 0000:00:01.0: PCI bridge to [bus 01-05]
Nov  6 22:26:09 parrot kernel: [    0.443444] pci 0000:00:01.0:   bridge window [io  0x4000-0x4fff]
Nov  6 22:26:09 parrot kernel: [    0.443446] pci 0000:00:01.0:   bridge window [mem 0xa3000000-0xa40fffff]
Nov  6 22:26:09 parrot kernel: [    0.443447] pci 0000:00:01.0:   bridge window [mem 0x90000000-0xa1ffffff 64bit pref]
Nov  6 22:26:09 parrot kernel: [    0.443449] pci 0000:00:1d.0: PCI bridge to [bus 06]
Nov  6 22:26:09 parrot kernel: [    0.443458] pci 0000:00:1d.0:   bridge window [mem 0xa4400000-0xa44fffff]
Nov  6 22:26:09 parrot kernel: [    0.443467] pci 0000:00:1d.5: PCI bridge to [bus 07]
Nov  6 22:26:09 parrot kernel: [    0.443469] pci 0000:00:1d.5:   bridge window [io  0x3000-0x3fff]
Nov  6 22:26:09 parrot kernel: [    0.443474] pci 0000:00:1d.5:   bridge window [mem 0xa4300000-0xa43fffff]
Nov  6 22:26:09 parrot kernel: [    0.443483] pci 0000:00:1d.6: PCI bridge to [bus 08]
Nov  6 22:26:09 parrot kernel: [    0.443488] pci 0000:00:1d.6:   bridge window [mem 0xa4200000-0xa42fffff]
Nov  6 22:26:09 parrot kernel: [    0.443498] pci_bus 0000:00: resource 4 [io  0x0000-0x0cf7 window]
Nov  6 22:26:09 parrot kernel: [    0.443498] pci_bus 0000:00: resource 5 [io  0x0d00-0xffff window]
Nov  6 22:26:09 parrot kernel: [    0.443499] pci_bus 0000:00: resource 6 [mem 0x000a0000-0x000bffff window]
Nov  6 22:26:09 parrot kernel: [    0.443500] pci_bus 0000:00: resource 7 [mem 0x8f800000-0xdfffffff window]
Nov  6 22:26:09 parrot kernel: [    0.443500] pci_bus 0000:00: resource 8 [mem 0xfc800000-0xfe7fffff window]
Nov  6 22:26:09 parrot kernel: [    0.443501] pci_bus 0000:01: resource 0 [io  0x4000-0x4fff]
Nov  6 22:26:09 parrot kernel: [    0.443502] pci_bus 0000:01: resource 1 [mem 0xa3000000-0xa40fffff]
Nov  6 22:26:09 parrot kernel: [    0.443502] pci_bus 0000:01: resource 2 [mem 0x90000000-0xa1ffffff 64bit pref]
Nov  6 22:26:09 parrot kernel: [    0.443503] pci_bus 0000:06: resource 1 [mem 0xa4400000-0xa44fffff]
Nov  6 22:26:09 parrot kernel: [    0.443503] pci_bus 0000:07: resource 0 [io  0x3000-0x3fff]
Nov  6 22:26:09 parrot kernel: [    0.443504] pci_bus 0000:07: resource 1 [mem 0xa4300000-0xa43fffff]
Nov  6 22:26:09 parrot kernel: [    0.443505] pci_bus 0000:08: resource 1 [mem 0xa4200000-0xa42fffff]
Nov  6 22:26:09 parrot kernel: [    0.443595] NET: Registered protocol family 2
Nov  6 22:26:09 parrot kernel: [    0.443663] tcp_listen_portaddr_hash hash table entries: 4096 (order: 4, 65536 bytes, linear)
Nov  6 22:26:09 parrot kernel: [    0.443671] TCP established hash table entries: 65536 (order: 7, 524288 bytes, linear)
Nov  6 22:26:09 parrot kernel: [    0.443726] TCP bind hash table entries: 65536 (order: 8, 1048576 bytes, linear)
Nov  6 22:26:09 parrot kernel: [    0.443864] TCP: Hash tables configured (established 65536 bind 65536)
Nov  6 22:26:09 parrot kernel: [    0.443883] UDP hash table entries: 4096 (order: 5, 131072 bytes, linear)
Nov  6 22:26:09 parrot kernel: [    0.443900] UDP-Lite hash table entries: 4096 (order: 5, 131072 bytes, linear)
Nov  6 22:26:09 parrot kernel: [    0.443947] NET: Registered protocol family 1
Nov  6 22:26:09 parrot kernel: [    0.443950] NET: Registered protocol family 44
Nov  6 22:26:09 parrot kernel: [    0.443956] pci 0000:00:02.0: Video device with shadowed ROM at [mem 0x000c0000-0x000dffff]
Nov  6 22:26:09 parrot kernel: [    0.445522] pci 0000:01:00.1: D0 power state depends on 0000:01:00.0
Nov  6 22:26:09 parrot kernel: [    0.445545] PCI: CLS 64 bytes, default 64
Nov  6 22:26:09 parrot kernel: [    0.445587] Trying to unpack rootfs image as initramfs...
Nov  6 22:26:09 parrot kernel: [    1.064253] Freeing initrd memory: 68852K
Nov  6 22:26:09 parrot kernel: [    1.064284] DMAR: No ATSR found
Nov  6 22:26:09 parrot kernel: [    1.064314] DMAR: dmar0: Using Queued invalidation
Nov  6 22:26:09 parrot kernel: [    1.064315] DMAR: dmar1: Using Queued invalidation
Nov  6 22:26:09 parrot kernel: [    1.064534] pci 0000:00:00.0: Adding to iommu group 0
Nov  6 22:26:09 parrot kernel: [    1.064569] pci 0000:00:01.0: Adding to iommu group 1
Nov  6 22:26:09 parrot kernel: [    1.069150] pci 0000:00:02.0: Adding to iommu group 2
Nov  6 22:26:09 parrot kernel: [    1.069273] pci 0000:00:02.0: Using iommu direct mapping
Nov  6 22:26:09 parrot kernel: [    1.069295] pci 0000:00:08.0: Adding to iommu group 3
Nov  6 22:26:09 parrot kernel: [    1.069328] pci 0000:00:12.0: Adding to iommu group 4
Nov  6 22:26:09 parrot kernel: [    1.069377] pci 0000:00:14.0: Adding to iommu group 5
Nov  6 22:26:09 parrot kernel: [    1.069384] pci 0000:00:14.2: Adding to iommu group 5
Nov  6 22:26:09 parrot kernel: [    1.069415] pci 0000:00:15.0: Adding to iommu group 6
Nov  6 22:26:09 parrot kernel: [    1.069421] pci 0000:00:15.1: Adding to iommu group 6
Nov  6 22:26:09 parrot kernel: [    1.069456] pci 0000:00:16.0: Adding to iommu group 7
Nov  6 22:26:09 parrot kernel: [    1.069495] pci 0000:00:1d.0: Adding to iommu group 8
Nov  6 22:26:09 parrot kernel: [    1.069529] pci 0000:00:1d.5: Adding to iommu group 9
Nov  6 22:26:09 parrot kernel: [    1.069568] pci 0000:00:1d.6: Adding to iommu group 10
Nov  6 22:26:09 parrot kernel: [    1.069600] pci 0000:00:1e.0: Adding to iommu group 11
Nov  6 22:26:09 parrot kernel: [    1.070649] pci 0000:00:1f.0: Adding to iommu group 12
Nov  6 22:26:09 parrot kernel: [    1.070655] pci 0000:00:1f.3: Adding to iommu group 12
Nov  6 22:26:09 parrot kernel: [    1.070662] pci 0000:00:1f.4: Adding to iommu group 12
Nov  6 22:26:09 parrot kernel: [    1.070669] pci 0000:00:1f.5: Adding to iommu group 12
Nov  6 22:26:09 parrot kernel: [    1.070673] pci 0000:01:00.0: Adding to iommu group 1
Nov  6 22:26:09 parrot kernel: [    1.070676] pci 0000:01:00.1: Adding to iommu group 1
Nov  6 22:26:09 parrot kernel: [    1.070713] pci 0000:06:00.0: Adding to iommu group 13
Nov  6 22:26:09 parrot kernel: [    1.070754] pci 0000:07:00.0: Adding to iommu group 14
Nov  6 22:26:09 parrot kernel: [    1.070792] pci 0000:08:00.0: Adding to iommu group 15
Nov  6 22:26:09 parrot kernel: [    1.070876] DMAR: Intel(R) Virtualization Technology for Directed I/O
Nov  6 22:26:09 parrot kernel: [    1.072326] Initialise system trusted keyrings
Nov  6 22:26:09 parrot kernel: [    1.072333] Key type blacklist registered
Nov  6 22:26:09 parrot kernel: [    1.072369] workingset: timestamp_bits=40 max_order=21 bucket_order=0
Nov  6 22:26:09 parrot kernel: [    1.073036] zbud: loaded
Nov  6 22:26:09 parrot kernel: [    1.073133] Platform Keyring initialized
Nov  6 22:26:09 parrot kernel: [    1.073134] Key type asymmetric registered
Nov  6 22:26:09 parrot kernel: [    1.073135] Asymmetric key parser 'x509' registered
Nov  6 22:26:09 parrot kernel: [    1.073139] Block layer SCSI generic (bsg) driver version 0.4 loaded (major 250)
Nov  6 22:26:09 parrot kernel: [    1.073162] io scheduler mq-deadline registered
Nov  6 22:26:09 parrot kernel: [    1.077337] pcieport 0000:00:1d.0: AER: enabled with IRQ 123
Nov  6 22:26:09 parrot kernel: [    1.077368] pcieport 0000:00:1d.0: DPC: error containment capabilities: Int Msg #0, RPExt+ PoisonedTLP+ SwTrigger+ RP PIO Log 4, DL_ActiveErr+
Nov  6 22:26:09 parrot kernel: [    1.077596] pcieport 0000:00:1d.5: AER: enabled with IRQ 124
Nov  6 22:26:09 parrot kernel: [    1.077618] pcieport 0000:00:1d.5: DPC: error containment capabilities: Int Msg #0, RPExt+ PoisonedTLP+ SwTrigger+ RP PIO Log 4, DL_ActiveErr+
Nov  6 22:26:09 parrot kernel: [    1.077834] pcieport 0000:00:1d.6: AER: enabled with IRQ 125
Nov  6 22:26:09 parrot kernel: [    1.077863] pcieport 0000:00:1d.6: DPC: error containment capabilities: Int Msg #0, RPExt+ PoisonedTLP+ SwTrigger+ RP PIO Log 4, DL_ActiveErr+
Nov  6 22:26:09 parrot kernel: [    1.077950] shpchp: Standard Hot Plug PCI Controller Driver version: 0.4
Nov  6 22:26:09 parrot kernel: [    1.077959] efifb: probing for efifb
Nov  6 22:26:09 parrot kernel: [    1.077966] efifb: framebuffer at 0xb0000000, using 8128k, total 8128k
Nov  6 22:26:09 parrot kernel: [    1.077966] efifb: mode is 1920x1080x32, linelength=7680, pages=1
Nov  6 22:26:09 parrot kernel: [    1.077967] efifb: scrolling: redraw
Nov  6 22:26:09 parrot kernel: [    1.077967] efifb: Truecolor: size=8:8:8:8, shift=24:16:8:0
Nov  6 22:26:09 parrot kernel: [    1.078013] Console: switching to colour frame buffer device 240x67
Nov  6 22:26:09 parrot kernel: [    1.080297] fb0: EFI VGA frame buffer device
Nov  6 22:26:09 parrot kernel: [    1.080301] intel_idle: MWAIT substates: 0x11142120
Nov  6 22:26:09 parrot kernel: [    1.080302] intel_idle: v0.4.1 model 0x9E
Nov  6 22:26:09 parrot kernel: [    1.080548] intel_idle: lapic_timer_reliable_states 0xffffffff
Nov  6 22:26:09 parrot kernel: [    1.081713] Serial: 8250/16550 driver, 4 ports, IRQ sharing enabled
Nov  6 22:26:09 parrot kernel: [    1.082285] Linux agpgart interface v0.103
Nov  6 22:26:09 parrot kernel: [    1.082317] AMD-Vi: AMD IOMMUv2 driver by Joerg Roedel <jroedel@suse.de>
Nov  6 22:26:09 parrot kernel: [    1.082318] AMD-Vi: AMD IOMMUv2 functionality not available on this system
Nov  6 22:26:09 parrot kernel: [    1.082702] i8042: PNP: PS/2 Controller [PNP0303:PS2K] at 0x60,0x64 irq 1
Nov  6 22:26:09 parrot kernel: [    1.082702] i8042: PNP: PS/2 appears to have AUX port disabled, if this is incorrect please boot with i8042.nopnp
Nov  6 22:26:09 parrot kernel: [    1.089564] serio: i8042 KBD port at 0x60,0x64 irq 1
Nov  6 22:26:09 parrot kernel: [    1.089687] mousedev: PS/2 mouse device common for all mice
Nov  6 22:26:09 parrot kernel: [    1.089739] rtc_cmos 00:04: RTC can wake from S4
Nov  6 22:26:09 parrot kernel: [    1.090812] rtc_cmos 00:04: registered as rtc0
Nov  6 22:26:09 parrot kernel: [    1.090818] rtc_cmos 00:04: alarms up to one month, y3k, 242 bytes nvram, hpet irqs
Nov  6 22:26:09 parrot kernel: [    1.090822] intel_pstate: Intel P-state driver initializing
Nov  6 22:26:09 parrot kernel: [    1.090841] intel_pstate: Disabling energy efficiency optimization
Nov  6 22:26:09 parrot kernel: [    1.091373] intel_pstate: HWP enabled
Nov  6 22:26:09 parrot kernel: [    1.091563] ledtrig-cpu: registered to indicate activity on CPUs
Nov  6 22:26:09 parrot kernel: [    1.091655] drop_monitor: Initializing network drop monitor service
Nov  6 22:26:09 parrot kernel: [    1.091781] NET: Registered protocol family 10
Nov  6 22:26:09 parrot kernel: [    1.099671] Segment Routing with IPv6
Nov  6 22:26:09 parrot kernel: [    1.099681] mip6: Mobile IPv6
Nov  6 22:26:09 parrot kernel: [    1.099683] NET: Registered protocol family 17
Nov  6 22:26:09 parrot kernel: [    1.099766] mpls_gso: MPLS GSO support
Nov  6 22:26:09 parrot kernel: [    1.100308] microcode: sig=0x906ea, pf=0x20, revision=0xca
Nov  6 22:26:09 parrot kernel: [    1.100552] microcode: Microcode Update Driver: v2.2.
Nov  6 22:26:09 parrot kernel: [    1.100554] IPI shorthand broadcast: enabled
Nov  6 22:26:09 parrot kernel: [    1.100573] sched_clock: Marking stable (1091744107, 8537005)->(1106739013, -6457901)
Nov  6 22:26:09 parrot kernel: [    1.100810] input: AT Translated Set 2 keyboard as /devices/platform/i8042/serio0/input/input0
Nov  6 22:26:09 parrot kernel: [    1.100914] registered taskstats version 1
Nov  6 22:26:09 parrot kernel: [    1.100915] Loading compiled-in X.509 certificates
Nov  6 22:26:09 parrot kernel: [    1.121400] Loaded X.509 cert 'Debian Secure Boot CA: 6ccece7e4c6c0d1f6149f3dd27dfcc5cbb419ea1'
Nov  6 22:26:09 parrot kernel: [    1.121409] Loaded X.509 cert 'Debian Secure Boot Signer: 00a7468def'
Nov  6 22:26:09 parrot kernel: [    1.121422] zswap: loaded using pool lzo/zbud
Nov  6 22:26:09 parrot kernel: [    1.121650] Key type ._fscrypt registered
Nov  6 22:26:09 parrot kernel: [    1.121650] Key type .fscrypt registered
Nov  6 22:26:09 parrot kernel: [    1.121658] AppArmor: AppArmor sha1 policy hashing enabled
Nov  6 22:26:09 parrot kernel: [    1.124007] rtc_cmos 00:04: setting system clock to 2020-11-06T22:26:06 UTC (1604701566)
Nov  6 22:26:09 parrot kernel: [    1.124565] Freeing unused kernel image (initmem) memory: 1672K
Nov  6 22:26:09 parrot kernel: [    1.181464] Write protecting the kernel read-only data: 16384k
Nov  6 22:26:09 parrot kernel: [    1.182420] Freeing unused kernel image (text/rodata gap) memory: 2044K
Nov  6 22:26:09 parrot kernel: [    1.182623] Freeing unused kernel image (rodata/data gap) memory: 124K
Nov  6 22:26:09 parrot kernel: [    1.197400] x86/mm: Checked W+X mappings: passed, no W+X pages found.
Nov  6 22:26:09 parrot kernel: [    1.197402] x86/mm: Checking user space page tables
Nov  6 22:26:09 parrot kernel: [    1.211823] x86/mm: Checked W+X mappings: passed, no W+X pages found.
Nov  6 22:26:09 parrot kernel: [    1.211825] Run /init as init process
Nov  6 22:26:09 parrot kernel: [    1.309491] button: module verification failed: signature and/or required key missing - tainting kernel
Nov  6 22:26:09 parrot kernel: [    1.309850] input: Lid Switch as /devices/LNXSYSTM:00/LNXSYBUS:00/PNP0A08:00/device:18/PNP0C0D:00/input/input1
Nov  6 22:26:09 parrot kernel: [    1.309869] ACPI: Lid Switch [LID0]
Nov  6 22:26:09 parrot kernel: [    1.309942] input: Sleep Button as /devices/LNXSYSTM:00/LNXSYBUS:00/PNP0C0E:00/input/input2
Nov  6 22:26:09 parrot kernel: [    1.309957] ACPI: Sleep Button [SLPB]
Nov  6 22:26:09 parrot kernel: [    1.309989] input: Power Button as /devices/LNXSYSTM:00/LNXSYBUS:00/PNP0C0C:00/input/input3
Nov  6 22:26:09 parrot kernel: [    1.310021] ACPI: Power Button [PWRB]
Nov  6 22:26:09 parrot kernel: [    1.310049] input: Power Button as /devices/LNXSYSTM:00/LNXPWRBN:00/input/input4
Nov  6 22:26:09 parrot kernel: [    1.310076] ACPI: Power Button [PWRF]
Nov  6 22:26:09 parrot kernel: [    1.313817] wmi_bus wmi_bus-PNP0C14:01: WQ data block query control method not found
Nov  6 22:26:09 parrot kernel: [    1.313819] wmi_bus wmi_bus-PNP0C14:01: WQ data block query control method not found
Nov  6 22:26:09 parrot kernel: [    1.313820] wmi_bus wmi_bus-PNP0C14:01: WQ data block query control method not found
Nov  6 22:26:09 parrot kernel: [    1.313821] wmi_bus wmi_bus-PNP0C14:01: WQ data block query control method not found
Nov  6 22:26:09 parrot kernel: [    1.313954] acpi PNP0C14:03: duplicate WMI GUID 05901221-D566-11D1-B2F0-00A0C9062910 (first instance was on PNP0C14:00)
Nov  6 22:26:09 parrot kernel: [    1.314015] acpi PNP0C14:04: duplicate WMI GUID 05901221-D566-11D1-B2F0-00A0C9062910 (first instance was on PNP0C14:00)
Nov  6 22:26:09 parrot kernel: [    1.314892] battery: ACPI: Battery Slot [BAT1] (battery present)
Nov  6 22:26:09 parrot kernel: [    1.317956] hid: raw HID events driver (C) Jiri Kosina
Nov  6 22:26:09 parrot kernel: [    1.321052] ACPI: bus type USB registered
Nov  6 22:26:09 parrot kernel: [    1.321061] usbcore: registered new interface driver usbfs
Nov  6 22:26:09 parrot kernel: [    1.321064] usbcore: registered new interface driver hub
Nov  6 22:26:09 parrot kernel: [    1.321083] usbcore: registered new device driver usb
Nov  6 22:26:09 parrot kernel: [    1.326791] nvme nvme0: pci function 0000:06:00.0
Nov  6 22:26:09 parrot kernel: [    1.327618] i801_smbus 0000:00:1f.4: SPD Write Disable is set
Nov  6 22:26:09 parrot kernel: [    1.327637] intel-lpss 0000:00:15.0: enabling device (0000 -> 0002)
Nov  6 22:26:09 parrot kernel: [    1.327700] xhci_hcd 0000:00:14.0: xHCI Host Controller
Nov  6 22:26:09 parrot kernel: [    1.327704] xhci_hcd 0000:00:14.0: new USB bus registered, assigned bus number 1
Nov  6 22:26:09 parrot kernel: [    1.327709] i801_smbus 0000:00:1f.4: SMBus using PCI interrupt
Nov  6 22:26:09 parrot kernel: [    1.327867] r8169 0000:07:00.0: can't disable ASPM; OS doesn't have ASPM control
Nov  6 22:26:09 parrot kernel: [    1.327894] idma64 idma64.0: Found Intel integrated DMA 64-bit
Nov  6 22:26:09 parrot kernel: [    1.328850] xhci_hcd 0000:00:14.0: hcc params 0x200077c1 hci version 0x110 quirks 0x0000000000009810
Nov  6 22:26:09 parrot kernel: [    1.328856] xhci_hcd 0000:00:14.0: cache line size of 64 is not supported
Nov  6 22:26:09 parrot kernel: [    1.329034] usb usb1: New USB device found, idVendor=1d6b, idProduct=0002, bcdDevice= 5.05
Nov  6 22:26:09 parrot kernel: [    1.329036] usb usb1: New USB device strings: Mfr=3, Product=2, SerialNumber=1
Nov  6 22:26:09 parrot kernel: [    1.329037] usb usb1: Product: xHCI Host Controller
Nov  6 22:26:09 parrot kernel: [    1.329039] usb usb1: Manufacturer: Linux 5.5.0-1parrot1-amd64 xhci-hcd
Nov  6 22:26:09 parrot kernel: [    1.329040] usb usb1: SerialNumber: 0000:00:14.0
Nov  6 22:26:09 parrot kernel: [    1.329642] intel-lpss 0000:00:15.1: enabling device (0000 -> 0002)
Nov  6 22:26:09 parrot kernel: [    1.329765] hub 1-0:1.0: USB hub found
Nov  6 22:26:09 parrot kernel: [    1.329802] hub 1-0:1.0: 16 ports detected
Nov  6 22:26:09 parrot kernel: [    1.329910] idma64 idma64.1: Found Intel integrated DMA 64-bit
Nov  6 22:26:09 parrot kernel: [    1.330820] intel-lpss 0000:00:1e.0: enabling device (0000 -> 0002)
Nov  6 22:26:09 parrot kernel: [    1.331247] cryptd: max_cpu_qlen set to 1000
Nov  6 22:26:09 parrot kernel: [    1.331406] idma64 idma64.2: Found Intel integrated DMA 64-bit
Nov  6 22:26:09 parrot kernel: [    1.331903] dw-apb-uart.2: ttyS0 at MMIO 0x8f802000 (irq = 20, base_baud = 7500000) is a 16550A
Nov  6 22:26:09 parrot kernel: [    1.332127] AVX2 version of gcm_enc/dec engaged.
Nov  6 22:26:09 parrot kernel: [    1.332127] AES CTR mode by8 optimization enabled
Nov  6 22:26:09 parrot kernel: [    1.339875] xhci_hcd 0000:00:14.0: xHCI Host Controller
Nov  6 22:26:09 parrot kernel: [    1.339877] xhci_hcd 0000:00:14.0: new USB bus registered, assigned bus number 2
Nov  6 22:26:09 parrot kernel: [    1.339879] xhci_hcd 0000:00:14.0: Host supports USB 3.1 Enhanced SuperSpeed
Nov  6 22:26:09 parrot kernel: [    1.339909] usb usb2: New USB device found, idVendor=1d6b, idProduct=0003, bcdDevice= 5.05
Nov  6 22:26:09 parrot kernel: [    1.339910] usb usb2: New USB device strings: Mfr=3, Product=2, SerialNumber=1
Nov  6 22:26:09 parrot kernel: [    1.339911] usb usb2: Product: xHCI Host Controller
Nov  6 22:26:09 parrot kernel: [    1.339912] usb usb2: Manufacturer: Linux 5.5.0-1parrot1-amd64 xhci-hcd
Nov  6 22:26:09 parrot kernel: [    1.339913] usb usb2: SerialNumber: 0000:00:14.0
Nov  6 22:26:09 parrot kernel: [    1.340008] hub 2-0:1.0: USB hub found
Nov  6 22:26:09 parrot kernel: [    1.340027] hub 2-0:1.0: 8 ports detected
Nov  6 22:26:09 parrot kernel: [    1.342980] libphy: r8169: probed
Nov  6 22:26:09 parrot kernel: [    1.343171] r8169 0000:07:00.0 eth0: RTL8168h/8111h, 08:97:98:9c:90:19, XID 541, IRQ 128
Nov  6 22:26:09 parrot kernel: [    1.343173] r8169 0000:07:00.0 eth0: jumbo features [frames: 9200 bytes, tx checksumming: ko]
Nov  6 22:26:09 parrot kernel: [    1.361387] i915 0000:00:02.0: VT-d active for gfx access
Nov  6 22:26:09 parrot kernel: [    1.361389] checking generic (b0000000 7f0000) vs hw (a2000000 1000000)
Nov  6 22:26:09 parrot kernel: [    1.361390] checking generic (b0000000 7f0000) vs hw (b0000000 10000000)
Nov  6 22:26:09 parrot kernel: [    1.361390] fb0: switching to inteldrmfb from EFI VGA
Nov  6 22:26:09 parrot kernel: [    1.361430] Console: switching to colour dummy device 80x25
Nov  6 22:26:09 parrot kernel: [    1.361455] i915 0000:00:02.0: vgaarb: deactivate vga console
Nov  6 22:26:09 parrot kernel: [    1.363379] usb: port power management may be unreliable
Nov  6 22:26:09 parrot kernel: [    1.364097] [drm] Supports vblank timestamp caching Rev 2 (21.10.2013).
Nov  6 22:26:09 parrot kernel: [    1.364098] [drm] Driver supports precise vblank timestamp query.
Nov  6 22:26:09 parrot kernel: [    1.365177] i915 0000:00:02.0: vgaarb: changed VGA decodes: olddecodes=io+mem,decodes=none:owns=io+mem
Nov  6 22:26:09 parrot kernel: [    1.365211] i915 0000:00:02.0: firmware: direct-loading firmware i915/kbl_dmc_ver1_04.bin
Nov  6 22:26:09 parrot kernel: [    1.365544] [drm] Finished loading DMC firmware i915/kbl_dmc_ver1_04.bin (v1.4)
Nov  6 22:26:09 parrot kernel: [    1.372870] i2c_hid i2c-ELAN0515:01: i2c-ELAN0515:01 supply vdd not found, using dummy regulator
Nov  6 22:26:09 parrot kernel: [    1.372877] i2c_hid i2c-ELAN0515:01: i2c-ELAN0515:01 supply vddl not found, using dummy regulator
Nov  6 22:26:09 parrot kernel: [    1.395950] [drm] Initialized i915 1.6.0 20191101 for 0000:00:02.0 on minor 0
Nov  6 22:26:09 parrot kernel: [    1.396631] [Firmware Bug]: ACPI(PEGP) defines _DOD but not _DOS
Nov  6 22:26:09 parrot kernel: [    1.396639] ACPI: Video Device [PEGP] (multi-head: yes  rom: yes  post: no)
Nov  6 22:26:09 parrot kernel: [    1.396771] input: Video Bus as /devices/LNXSYSTM:00/LNXSYBUS:00/PNP0A08:00/device:00/LNXVIDEO:00/input/input5
Nov  6 22:26:09 parrot kernel: [    1.397703] ACPI: Video Device [GFX0] (multi-head: yes  rom: no  post: no)
Nov  6 22:26:09 parrot kernel: [    1.397815] input: Video Bus as /devices/LNXSYSTM:00/LNXSYBUS:00/PNP0A08:00/LNXVIDEO:01/input/input6
Nov  6 22:26:09 parrot kernel: [    1.398910] fbcon: i915drmfb (fb0) is primary device
Nov  6 22:26:09 parrot kernel: [    1.410526] Console: switching to colour frame buffer device 240x67
Nov  6 22:26:09 parrot kernel: [    1.430028] i915 0000:00:02.0: fb0: i915drmfb frame buffer device
Nov  6 22:26:09 parrot kernel: [    1.430707] input: ELAN0515:01 04F3:3142 Mouse as /devices/pci0000:00/0000:00:15.1/i2c_designware.1/i2c-6/i2c-ELAN0515:01/0018:04F3:3142.0001/input/input7
Nov  6 22:26:09 parrot kernel: [    1.430803] input: ELAN0515:01 04F3:3142 Touchpad as /devices/pci0000:00/0000:00:15.1/i2c_designware.1/i2c-6/i2c-ELAN0515:01/0018:04F3:3142.0001/input/input9
Nov  6 22:26:09 parrot kernel: [    1.430847] hid-generic 0018:04F3:3142.0001: input,hidraw0: I2C HID v1.00 Mouse [ELAN0515:01 04F3:3142] on i2c-ELAN0515:01
Nov  6 22:26:09 parrot kernel: [    1.544096] nvme nvme0: 8/0/0 default/read/poll queues
Nov  6 22:26:09 parrot kernel: [    1.547100]  nvme0n1: p1 p2 p3 p4 p5 p6 p7
Nov  6 22:26:09 parrot kernel: [    1.685373] raid6: avx2x4   gen() 37995 MB/s
Nov  6 22:26:09 parrot kernel: [    1.753365] raid6: avx2x4   xor() 24502 MB/s
Nov  6 22:26:09 parrot kernel: [    1.821368] raid6: avx2x2   gen() 35886 MB/s
Nov  6 22:26:09 parrot kernel: [    1.889368] raid6: avx2x2   xor() 23540 MB/s
Nov  6 22:26:09 parrot kernel: [    1.957366] raid6: avx2x1   gen() 29742 MB/s
Nov  6 22:26:09 parrot kernel: [    2.025366] raid6: avx2x1   xor() 19657 MB/s
Nov  6 22:26:09 parrot kernel: [    2.093367] raid6: sse2x4   gen() 17530 MB/s
Nov  6 22:26:09 parrot kernel: [    2.161369] raid6: sse2x4   xor() 10634 MB/s
Nov  6 22:26:09 parrot kernel: [    2.229367] raid6: sse2x2   gen() 14921 MB/s
Nov  6 22:26:09 parrot kernel: [    2.297366] raid6: sse2x2   xor() 10061 MB/s
Nov  6 22:26:09 parrot kernel: [    2.365369] raid6: sse2x1   gen() 13338 MB/s
Nov  6 22:26:09 parrot kernel: [    2.433370] raid6: sse2x1   xor()  7376 MB/s
Nov  6 22:26:09 parrot kernel: [    2.433371] raid6: using algorithm avx2x4 gen() 37995 MB/s
Nov  6 22:26:09 parrot kernel: [    2.433371] raid6: .... xor() 24502 MB/s, rmw enabled
Nov  6 22:26:09 parrot kernel: [    2.433371] raid6: using avx2x2 recovery algorithm
Nov  6 22:26:09 parrot kernel: [    2.433709] usb 1-5: new high-speed USB device number 2 using xhci_hcd
Nov  6 22:26:09 parrot kernel: [    2.433738] tsc: Refined TSC clocksource calibration: 2400.013 MHz
Nov  6 22:26:09 parrot kernel: [    2.433741] clocksource: tsc: mask: 0xffffffffffffffff max_cycles: 0x229843bd723, max_idle_ns: 440795277444 ns
Nov  6 22:26:09 parrot kernel: [    2.434389] clocksource: Switched to clocksource tsc
Nov  6 22:26:09 parrot kernel: [    2.435193] xor: automatically using best checksumming function   avx       
Nov  6 22:26:09 parrot kernel: [    2.452545] Btrfs loaded, crc32c=crc32c-intel
Nov  6 22:26:09 parrot kernel: [    2.471880] SGI XFS with ACLs, security attributes, realtime, quota, no debug enabled
Nov  6 22:26:09 parrot kernel: [    2.480582] async_tx: api initialized (async)
Nov  6 22:26:09 parrot kernel: [    2.480911] usb 1-5: New USB device found, idVendor=04f2, idProduct=b64f, bcdDevice=96.49
Nov  6 22:26:09 parrot kernel: [    2.480913] usb 1-5: New USB device strings: Mfr=3, Product=1, SerialNumber=2
Nov  6 22:26:09 parrot kernel: [    2.480914] usb 1-5: Product: HD User Facing
Nov  6 22:26:09 parrot kernel: [    2.480915] usb 1-5: Manufacturer: Chicony Electronics Co.,Ltd.
Nov  6 22:26:09 parrot kernel: [    2.480915] usb 1-5: SerialNumber: 0001
Nov  6 22:26:09 parrot kernel: [    2.613373] usb 1-8: new full-speed USB device number 3 using xhci_hcd
Nov  6 22:26:09 parrot kernel: [    2.765109] usb 1-8: New USB device found, idVendor=04f3, idProduct=0c4f, bcdDevice= 1.61
Nov  6 22:26:09 parrot kernel: [    2.765110] usb 1-8: New USB device strings: Mfr=1, Product=2, SerialNumber=0
Nov  6 22:26:09 parrot kernel: [    2.765110] usb 1-8: Product: ELAN:Fingerprint
Nov  6 22:26:09 parrot kernel: [    2.765111] usb 1-8: Manufacturer: ELAN
Nov  6 22:26:09 parrot kernel: [    2.856855] PM: Image not found (code -22)
Nov  6 22:26:09 parrot kernel: [    2.893387] usb 1-14: new full-speed USB device number 4 using xhci_hcd
Nov  6 22:26:09 parrot kernel: [    2.898518] EXT4-fs (nvme0n1p6): mounted filesystem with ordered data mode. Opts: (null)
Nov  6 22:26:09 parrot kernel: [    2.990190] Not activating Mandatory Access Control as /sbin/tomoyo-init does not exist.
Nov  6 22:26:09 parrot kernel: [    3.043565] usb 1-14: New USB device found, idVendor=8087, idProduct=0029, bcdDevice= 0.01
Nov  6 22:26:09 parrot kernel: [    3.043568] usb 1-14: New USB device strings: Mfr=0, Product=0, SerialNumber=0
Nov  6 22:26:09 parrot kernel: [    3.451735] EXT4-fs (nvme0n1p6): re-mounted. Opts: errors=remount-ro
Nov  6 22:26:09 parrot kernel: [    3.454500] lp: driver loaded but no devices found
Nov  6 22:26:09 parrot kernel: [    3.456239] ppdev: user-space parallel port driver
Nov  6 22:26:09 parrot kernel: [    3.467004] bridge: filtering via arp/ip/ip6tables is no longer available by default. Update your scripts to load br_netfilter if you need this.
Nov  6 22:26:09 parrot kernel: [    3.467648] Bridge firewalling registered
Nov  6 22:26:09 parrot kernel: [    3.625242] input: Acer Wireless Radio Control as /devices/LNXSYSTM:00/10251229:00/input/input10
Nov  6 22:26:09 parrot kernel: [    3.653949] ACPI: AC Adapter [ACAD] (on-line)
Nov  6 22:26:09 parrot kernel: [    3.705377] mei_me 0000:00:16.0: enabling device (0000 -> 0002)
Nov  6 22:26:09 parrot kernel: [    3.869378] Adding 10010620k swap on /dev/nvme0n1p7.  Priority:-2 extents:1 across:10010620k SSFS
Nov  6 22:26:09 parrot kernel: [    3.871647] mc: Linux media interface: v0.10
Nov  6 22:26:09 parrot kernel: [    3.871652] EFI Variables Facility v0.08 2004-May-17
Nov  6 22:26:09 parrot kernel: [    3.872001] iTCO_vendor_support: vendor-support=0
Nov  6 22:26:09 parrot kernel: [    3.872215] acer_wmi: Acer Laptop ACPI-WMI Extras
Nov  6 22:26:09 parrot kernel: [    3.872236] acer_wmi: Function bitmap for Communication Button: 0x801
Nov  6 22:26:09 parrot kernel: [    3.873422] iTCO_wdt: Intel TCO WatchDog Timer Driver v1.11
Nov  6 22:26:09 parrot kernel: [    3.873620] iTCO_wdt: Found a Intel PCH TCO device (Version=6, TCOBASE=0x0400)
Nov  6 22:26:09 parrot kernel: [    3.881303] input: PC Speaker as /devices/platform/pcspkr/input/input11
Nov  6 22:26:09 parrot kernel: [    3.887702] RAPL PMU: API unit is 2^-32 Joules, 5 fixed counters, 655360 ms ovfl timer
Nov  6 22:26:09 parrot kernel: [    3.887704] RAPL PMU: hw unit of domain pp0-core 2^-14 Joules
Nov  6 22:26:09 parrot kernel: [    3.887704] RAPL PMU: hw unit of domain package 2^-14 Joules
Nov  6 22:26:09 parrot kernel: [    3.887705] RAPL PMU: hw unit of domain dram 2^-14 Joules
Nov  6 22:26:09 parrot kernel: [    3.887705] RAPL PMU: hw unit of domain pp1-gpu 2^-14 Joules
Nov  6 22:26:09 parrot kernel: [    3.887706] RAPL PMU: hw unit of domain psys 2^-14 Joules
Nov  6 22:26:09 parrot kernel: [    3.888141] snd_hda_intel 0000:00:1f.3: DSP detected with PCI class/subclass/prog-if info 0x040380
Nov  6 22:26:09 parrot kernel: [    3.888640] iTCO_wdt: initialized. heartbeat=30 sec (nowayout=0)
Nov  6 22:26:09 parrot kernel: [    3.894363] videodev: Linux video capture interface: v2.00
Nov  6 22:26:09 parrot kernel: [    3.897655] loop: module loaded
Nov  6 22:26:09 parrot kernel: [    3.899714] alg: No test for fips(ansi_cprng) (fips_ansi_cprng)
Nov  6 22:26:09 parrot kernel: [    3.901540] snd_hda_intel 0000:00:1f.3: enabling device (0000 -> 0002)
Nov  6 22:26:09 parrot kernel: [    3.901892] snd_hda_intel 0000:01:00.1: Disabling MSI
Nov  6 22:26:09 parrot kernel: [    3.901898] snd_hda_intel 0000:01:00.1: Handle vga_switcheroo audio client
Nov  6 22:26:09 parrot kernel: [    3.902113] snd_hda_intel 0000:00:1f.3: bound 0000:00:02.0 (ops i915_audio_component_bind_ops [i915])
Nov  6 22:26:09 parrot kernel: [    3.902238] input: Acer WMI hotkeys as /devices/virtual/input/input12
Nov  6 22:26:09 parrot kernel: [    3.952647] cfg80211: Loading compiled-in X.509 certificates for regulatory database
Nov  6 22:26:09 parrot kernel: [    3.957455] cfg80211: Loaded X.509 cert 'benh@debian.org: 577e021cb980e0e820821ba7b54b4961b8b4fadf'
Nov  6 22:26:09 parrot kernel: [    3.957682] cfg80211: Loaded X.509 cert 'romain.perier@gmail.com: 3abbc6ec146e09d1b6016ab9d6cf71dd233f0328'
Nov  6 22:26:09 parrot kernel: [    3.957875] cfg80211: Loaded X.509 cert 'sforshee: 00b28ddf47aef9cea7'
Nov  6 22:26:09 parrot kernel: [    3.960726] squashfs: version 4.0 (2009/01/31) Phillip Lougher
Nov  6 22:26:09 parrot kernel: [    3.960922] input: ELAN0515:01 04F3:3142 Mouse as /devices/pci0000:00/0000:00:15.1/i2c_designware.1/i2c-6/i2c-ELAN0515:01/0018:04F3:3142.0001/input/input13
Nov  6 22:26:09 parrot kernel: [    3.961883] platform regulatory.0: firmware: direct-loading firmware regulatory.db
Nov  6 22:26:09 parrot kernel: [    3.962013] platform regulatory.0: firmware: direct-loading firmware regulatory.db.p7s
Nov  6 22:26:09 parrot kernel: [    3.963102] input: ELAN0515:01 04F3:3142 Touchpad as /devices/pci0000:00/0000:00:15.1/i2c_designware.1/i2c-6/i2c-ELAN0515:01/0018:04F3:3142.0001/input/input15
Nov  6 22:26:09 parrot kernel: [    3.967004] hid-multitouch 0018:04F3:3142.0001: input,hidraw0: I2C HID v1.00 Mouse [ELAN0515:01 04F3:3142] on i2c-ELAN0515:01
Nov  6 22:26:09 parrot kernel: [    3.971857] Intel(R) Wireless WiFi driver for Linux
Nov  6 22:26:09 parrot kernel: [    3.971858] Copyright(c) 2003- 2015 Intel Corporation
Nov  6 22:26:09 parrot kernel: [    3.974278] uvcvideo: Found UVC 1.00 device HD User Facing (04f2:b64f)
Nov  6 22:26:09 parrot kernel: [    3.975816] iwlwifi 0000:08:00.0: firmware: failed to load iwlwifi-cc-a0-52.ucode (-2)
Nov  6 22:26:09 parrot kernel: [    3.975820] firmware_class: See https://wiki.debian.org/Firmware for information about missing firmware
Nov  6 22:26:09 parrot kernel: [    3.975822] iwlwifi 0000:08:00.0: Direct firmware load for iwlwifi-cc-a0-52.ucode failed with error -2
Nov  6 22:26:09 parrot kernel: [    3.975838] iwlwifi 0000:08:00.0: firmware: failed to load iwlwifi-cc-a0-51.ucode (-2)
Nov  6 22:26:09 parrot kernel: [    3.975841] iwlwifi 0000:08:00.0: Direct firmware load for iwlwifi-cc-a0-51.ucode failed with error -2
Nov  6 22:26:09 parrot kernel: [    3.975855] iwlwifi 0000:08:00.0: firmware: failed to load iwlwifi-cc-a0-50.ucode (-2)
Nov  6 22:26:09 parrot kernel: [    3.975857] iwlwifi 0000:08:00.0: Direct firmware load for iwlwifi-cc-a0-50.ucode failed with error -2
Nov  6 22:26:09 parrot kernel: [    3.975885] iwlwifi 0000:08:00.0: firmware: failed to load iwlwifi-cc-a0-49.ucode (-2)
Nov  6 22:26:09 parrot kernel: [    3.975889] iwlwifi 0000:08:00.0: Direct firmware load for iwlwifi-cc-a0-49.ucode failed with error -2
Nov  6 22:26:09 parrot kernel: [    3.979445] iwlwifi 0000:08:00.0: firmware: direct-loading firmware iwlwifi-cc-a0-48.ucode
Nov  6 22:26:09 parrot kernel: [    3.979462] iwlwifi 0000:08:00.0: TLV_FW_FSEQ_VERSION: FSEQ Version: 43.2.23.17
Nov  6 22:26:09 parrot kernel: [    3.979466] iwlwifi 0000:08:00.0: Found debug destination: EXTERNAL_DRAM
Nov  6 22:26:09 parrot kernel: [    3.979468] iwlwifi 0000:08:00.0: Found debug configuration: 0
Nov  6 22:26:09 parrot kernel: [    3.979753] iwlwifi 0000:08:00.0: loaded firmware version 48.13675109.0 op_mode iwlmvm
Nov  6 22:26:09 parrot kernel: [    3.982589] uvcvideo 1-5:1.0: Entity type for entity Realtek Extended Controls Unit was not initialized!
Nov  6 22:26:09 parrot kernel: [    3.982591] uvcvideo 1-5:1.0: Entity type for entity Extension 4 was not initialized!
Nov  6 22:26:09 parrot kernel: [    3.982592] uvcvideo 1-5:1.0: Entity type for entity Processing 2 was not initialized!
Nov  6 22:26:09 parrot kernel: [    3.982593] uvcvideo 1-5:1.0: Entity type for entity Camera 1 was not initialized!
Nov  6 22:26:09 parrot kernel: [    3.983008] input: HD User Facing: HD User Facing as /devices/pci0000:00/0000:00:14.0/usb1/1-5/1-5:1.0/input/input16
Nov  6 22:26:09 parrot kernel: [    3.983407] usbcore: registered new interface driver uvcvideo
Nov  6 22:26:09 parrot kernel: [    3.983409] USB Video Class driver (1.1.1)
Nov  6 22:26:09 parrot kernel: [    3.993090] wl: loading out-of-tree module taints kernel.
Nov  6 22:26:09 parrot kernel: [    3.993093] wl: module license 'MIXED/Proprietary' taints kernel.
Nov  6 22:26:09 parrot kernel: [    3.993094] Disabling lock debugging due to kernel taint
Nov  6 22:26:09 parrot kernel: [    4.013772] snd_hda_codec_realtek hdaudioC0D0: autoconfig for ALC255: line_outs=1 (0x14/0x0/0x0/0x0/0x0) type:speaker
Nov  6 22:26:09 parrot kernel: [    4.013774] snd_hda_codec_realtek hdaudioC0D0:    speaker_outs=0 (0x0/0x0/0x0/0x0/0x0)
Nov  6 22:26:09 parrot kernel: [    4.013774] snd_hda_codec_realtek hdaudioC0D0:    hp_outs=1 (0x21/0x0/0x0/0x0/0x0)
Nov  6 22:26:09 parrot kernel: [    4.013775] snd_hda_codec_realtek hdaudioC0D0:    mono: mono_out=0x0
Nov  6 22:26:09 parrot kernel: [    4.013775] snd_hda_codec_realtek hdaudioC0D0:    inputs:
Nov  6 22:26:09 parrot kernel: [    4.013776] snd_hda_codec_realtek hdaudioC0D0:      Headset Mic=0x19
Nov  6 22:26:09 parrot kernel: [    4.013777] snd_hda_codec_realtek hdaudioC0D0:      Internal Mic=0x12
Nov  6 22:26:09 parrot kernel: [    4.046583] pstore: Using crash dump compression: deflate
Nov  6 22:26:09 parrot kernel: [    4.054336] iwlwifi 0000:08:00.0: Detected Intel(R) Wi-Fi 6 AX200 160MHz, REV=0x340
Nov  6 22:26:09 parrot kernel: [    4.063847] Bluetooth: Core ver 2.22
Nov  6 22:26:09 parrot kernel: [    4.063858] NET: Registered protocol family 31
Nov  6 22:26:09 parrot kernel: [    4.063858] Bluetooth: HCI device and connection manager initialized
Nov  6 22:26:09 parrot kernel: [    4.063861] Bluetooth: HCI socket layer initialized
Nov  6 22:26:09 parrot kernel: [    4.063862] Bluetooth: L2CAP socket layer initialized
Nov  6 22:26:09 parrot kernel: [    4.063864] Bluetooth: SCO socket layer initialized
Nov  6 22:26:09 parrot kernel: [    4.065759] iwlwifi 0000:08:00.0: Applying debug destination EXTERNAL_DRAM
Nov  6 22:26:09 parrot kernel: [    4.065920] iwlwifi 0000:08:00.0: Allocated 0x00400000 bytes for firmware monitor.
Nov  6 22:26:09 parrot kernel: [    4.073045] usbcore: registered new interface driver btusb
Nov  6 22:26:09 parrot kernel: [    4.074054] Bluetooth: hci0: Bootloader revision 0.3 build 0 week 24 2017
Nov  6 22:26:09 parrot kernel: [    4.075498] Bluetooth: hci0: Device revision is 1
Nov  6 22:26:09 parrot kernel: [    4.075499] Bluetooth: hci0: Secure boot is enabled
Nov  6 22:26:09 parrot kernel: [    4.075500] Bluetooth: hci0: OTP lock is enabled
Nov  6 22:26:09 parrot kernel: [    4.075500] Bluetooth: hci0: API lock is enabled
Nov  6 22:26:09 parrot kernel: [    4.075501] Bluetooth: hci0: Debug lock is disabled
Nov  6 22:26:09 parrot kernel: [    4.075502] Bluetooth: hci0: Minimum firmware build 1 week 10 2014
Nov  6 22:26:09 parrot kernel: [    4.076900] bluetooth hci0: firmware: direct-loading firmware intel/ibt-20-1-3.sfi
Nov  6 22:26:09 parrot kernel: [    4.076905] Bluetooth: hci0: Found device firmware: intel/ibt-20-1-3.sfi
Nov  6 22:26:09 parrot kernel: [    4.110638] pstore: Registered efi as persistent store backend
Nov  6 22:26:09 parrot kernel: [    4.143450] input: HDA Digital PCBeep as /devices/pci0000:00/0000:00:1f.3/sound/card0/input17
Nov  6 22:26:09 parrot kernel: [    4.143486] input: HDA Intel PCH Front Headphone as /devices/pci0000:00/0000:00:1f.3/sound/card0/input18
Nov  6 22:26:09 parrot kernel: [    4.143516] input: HDA Intel PCH HDMI/DP,pcm=3 as /devices/pci0000:00/0000:00:1f.3/sound/card0/input19
Nov  6 22:26:09 parrot kernel: [    4.143545] input: HDA Intel PCH HDMI/DP,pcm=7 as /devices/pci0000:00/0000:00:1f.3/sound/card0/input20
Nov  6 22:26:09 parrot kernel: [    4.143582] input: HDA Intel PCH HDMI/DP,pcm=8 as /devices/pci0000:00/0000:00:1f.3/sound/card0/input21
Nov  6 22:26:09 parrot kernel: [    4.143605] input: HDA Intel PCH HDMI/DP,pcm=9 as /devices/pci0000:00/0000:00:1f.3/sound/card0/input22
Nov  6 22:26:09 parrot kernel: [    4.143628] input: HDA Intel PCH HDMI/DP,pcm=10 as /devices/pci0000:00/0000:00:1f.3/sound/card0/input23
Nov  6 22:26:09 parrot kernel: [    4.221562] iwlwifi 0000:08:00.0: base HW address: 14:f6:d8:15:5e:4b
Nov  6 22:26:09 parrot kernel: [    4.245888] thermal thermal_zone2: failed to read out thermal zone (-61)
Nov  6 22:26:09 parrot kernel: [    4.374882] intel_rapl_common: Found RAPL domain package
Nov  6 22:26:09 parrot kernel: [    4.374884] intel_rapl_common: Found RAPL domain core
Nov  6 22:26:09 parrot kernel: [    4.374884] intel_rapl_common: Found RAPL domain uncore
Nov  6 22:26:09 parrot kernel: [    4.374885] intel_rapl_common: Found RAPL domain dram
Nov  6 22:26:09 parrot kernel: [    4.402003] audit: type=1400 audit(1604681769.777:2): apparmor="STATUS" operation="profile_load" profile="unconfined" name="klogd" pid=697 comm="apparmor_parser"
Nov  6 22:26:09 parrot kernel: [    4.405106] audit: type=1400 audit(1604681769.777:3): apparmor="STATUS" operation="profile_load" profile="unconfined" name="nmbd" pid=695 comm="apparmor_parser"
Nov  6 22:26:09 parrot kernel: [    4.405111] audit: type=1400 audit(1604681769.777:4): apparmor="STATUS" operation="profile_load" profile="unconfined" name="/usr/bin/irssi" pid=691 comm="apparmor_parser"
Nov  6 22:26:09 parrot kernel: [    4.406817] audit: type=1400 audit(1604681769.781:5): apparmor="STATUS" operation="profile_load" profile="unconfined" name="/usr/sbin/haveged" pid=701 comm="apparmor_parser"
Nov  6 22:26:09 parrot kernel: [    4.412596] audit: type=1400 audit(1604681769.785:6): apparmor="STATUS" operation="profile_load" profile="unconfined" name="smbd" pid=698 comm="apparmor_parser"
Nov  6 22:26:09 parrot kernel: [    4.412602] audit: type=1400 audit(1604681769.785:7): apparmor="STATUS" operation="profile_load" profile="unconfined" name="/usr/bin/ricochet" pid=692 comm="apparmor_parser"
Nov  6 22:26:09 parrot kernel: [    4.415655] audit: type=1400 audit(1604681769.789:8): apparmor="STATUS" operation="profile_load" profile="unconfined" name="smbldap-useradd" pid=696 comm="apparmor_parser"
Nov  6 22:26:09 parrot kernel: [    4.415658] audit: type=1400 audit(1604681769.789:9): apparmor="STATUS" operation="profile_load" profile="unconfined" name="smbldap-useradd///etc/init.d/nscd" pid=696 comm="apparmor_parser"
Nov  6 22:26:09 parrot kernel: [    4.415661] audit: type=1400 audit(1604681769.789:10): apparmor="STATUS" operation="profile_load" profile="unconfined" name="syslogd" pid=693 comm="apparmor_parser"
Nov  6 22:26:09 parrot kernel: [    4.566315] bbswitch: version 0.8
Nov  6 22:26:09 parrot kernel: [    4.566320] bbswitch: Found integrated VGA device 0000:00:02.0: \_SB_.PCI0.GFX0
Nov  6 22:26:09 parrot kernel: [    4.566325] bbswitch: Found discrete VGA device 0000:01:00.0: \_SB_.PCI0.PEG0.PEGP
Nov  6 22:26:09 parrot kernel: [    4.566336] ACPI Warning: \_SB.PCI0.PEG0.PEGP._DSM: Argument #4 type mismatch - Found [Buffer], ACPI requires [Package] (20191018/nsarguments-59)
Nov  6 22:26:09 parrot kernel: [    4.566418] bbswitch: detected an Optimus _DSM function
Nov  6 22:26:09 parrot kernel: [    4.566427] pci 0000:01:00.0: enabling device (0106 -> 0107)
Nov  6 22:26:09 parrot kernel: [    4.566600] bbswitch: Succesfully loaded. Discrete card 0000:01:00.0 is on
Nov  6 22:26:09 parrot kernel: [    4.568154] bbswitch: disabling discrete graphics
Nov  6 22:26:09 parrot kernel: [    4.579555] Bluetooth: BNEP (Ethernet Emulation) ver 1.3
Nov  6 22:26:09 parrot kernel: [    4.579556] Bluetooth: BNEP filters: protocol multicast
Nov  6 22:26:09 parrot kernel: [    4.579560] Bluetooth: BNEP socket layer initialized
Nov  6 22:26:09 parrot kernel: [    4.617158] IPMI message handler: version 39.2
Nov  6 22:26:09 parrot kernel: [    4.618889] ipmi device interface
Nov  6 22:26:10 parrot kernel: [    4.657371] snd_hda_codec_hdmi hdaudioC1D0: rates == 0 (nid=0xb, val=0x0, ovrd=1)
Nov  6 22:26:10 parrot kernel: [    4.659470] snd_hda_codec_hdmi hdaudioC1D0: HDMI: invalid ELD buf size -1
Nov  6 22:26:10 parrot kernel: [    4.659476] snd_hda_codec_hdmi hdaudioC1D0: HDMI: invalid ELD buf size -1
Nov  6 22:26:10 parrot kernel: [    4.659479] snd_hda_codec_hdmi hdaudioC1D0: HDMI: invalid ELD buf size -1
Nov  6 22:26:10 parrot kernel: [    4.659481] snd_hda_codec_hdmi hdaudioC1D0: HDMI: invalid ELD buf size -1
Nov  6 22:26:10 parrot kernel: [    4.660124] input: HDA NVidia HDMI/DP,pcm=3 as /devices/pci0000:00/0000:00:01.0/0000:01:00.1/sound/card1/input24
Nov  6 22:26:10 parrot kernel: [    4.660183] input: HDA NVidia HDMI/DP,pcm=7 as /devices/pci0000:00/0000:00:01.0/0000:01:00.1/sound/card1/input25
Nov  6 22:26:10 parrot kernel: [    4.660259] input: HDA NVidia HDMI/DP,pcm=8 as /devices/pci0000:00/0000:00:01.0/0000:01:00.1/sound/card1/input26
Nov  6 22:26:10 parrot kernel: [    4.660298] input: HDA NVidia HDMI/DP,pcm=9 as /devices/pci0000:00/0000:00:01.0/0000:01:00.1/sound/card1/input27
Nov  6 22:26:10 parrot kernel: [    4.693726] Initializing XFRM netlink socket
Nov  6 22:26:10 parrot kernel: [    4.706768] nvidia-nvlink: Nvlink Core is being initialized, major device number 241
Nov  6 22:26:10 parrot kernel: [    4.712531] nvidia 0000:01:00.0: can't change power state from D3cold to D0 (config space inaccessible)
Nov  6 22:26:10 parrot kernel: [    4.712831] NVRM: This is a 64-bit BAR mapped above 4GB by the system
Nov  6 22:26:10 parrot kernel: [    4.712831] NVRM: BIOS or the Linux kernel, but the PCI bridge
Nov  6 22:26:10 parrot kernel: [    4.712831] NVRM: immediately upstream of this GPU does not define
Nov  6 22:26:10 parrot kernel: [    4.712831] NVRM: a matching prefetchable memory window.
Nov  6 22:26:10 parrot kernel: [    4.712835] NVRM: This may be due to a known Linux kernel bug.  Please
Nov  6 22:26:10 parrot kernel: [    4.712835] NVRM: see the README section on 64-bit BARs for additional
Nov  6 22:26:10 parrot kernel: [    4.712835] NVRM: information.
Nov  6 22:26:10 parrot kernel: [    4.712849] nvidia: probe of 0000:01:00.0 failed with error -1
Nov  6 22:26:10 parrot kernel: [    4.712886] NVRM: The NVIDIA probe routine failed for 1 device(s).
Nov  6 22:26:10 parrot kernel: [    4.712887] NVRM: None of the NVIDIA devices were initialized.
Nov  6 22:26:10 parrot kernel: [    4.719994] nvidia-nvlink: Unregistered the Nvlink Core, major device number 241
Nov  6 22:26:10 parrot kernel: [    4.840118] vboxdrv: Found 8 processor cores
Nov  6 22:26:10 parrot kernel: [    4.845377] iwlwifi 0000:08:00.0: Applying debug destination EXTERNAL_DRAM
Nov  6 22:26:10 parrot kernel: [    4.865559] vboxdrv: TSC mode is Invariant, tentative frequency 2400012087 Hz
Nov  6 22:26:10 parrot kernel: [    4.865561] vboxdrv: Successfully loaded version 6.1.12 (interface 0x002d0001)
Nov  6 22:26:10 parrot kernel: [    4.994695] iwlwifi 0000:08:00.0: FW already configured (0) - re-configuring
Nov  6 22:26:10 parrot kernel: [    4.999195] iwlwifi 0000:08:00.0: BIOS contains WGDS but no WRDS
Nov  6 22:26:10 parrot kernel: [    5.221494] VBoxNetFlt: Successfully started.
Nov  6 22:26:10 parrot kernel: [    5.255387] VBoxNetAdp: Successfully started.
Nov  6 22:26:10 parrot kernel: [    5.267596] IPv6: ADDRCONF(NETDEV_CHANGE): wlan0: link becomes ready
Nov  6 22:26:10 parrot kernel: [    5.273559] snd_hda_intel 0000:01:00.1: can't change power state from D0 to D3hot (config space inaccessible)
Nov  6 22:26:10 parrot kernel: [    5.279956] r8169 0000:07:00.0: firmware: direct-loading firmware rtl_nic/rtl8168h-2.fw
Nov  6 22:26:10 parrot kernel: [    5.280031] Generic FE-GE Realtek PHY r8169-700:00: attached PHY driver [Generic FE-GE Realtek PHY] (mii_bus:phy_addr=r8169-700:00, irq=IGNORE)
Nov  6 22:26:10 parrot kernel: [    5.407745] r8169 0000:07:00.0 eth0: Link is Down
Nov  6 22:26:10 parrot kernel: [    5.446741] iwlwifi 0000:08:00.0: Applying debug destination EXTERNAL_DRAM
Nov  6 22:26:10 parrot kernel: [    5.596672] iwlwifi 0000:08:00.0: FW already configured (0) - re-configuring
Nov  6 22:26:10 parrot kernel: [    5.600271] iwlwifi 0000:08:00.0: BIOS contains WGDS but no WRDS
Nov  6 22:26:11 parrot kernel: [    5.629232] iwlwifi 0000:08:00.0: Applying debug destination EXTERNAL_DRAM
Nov  6 22:26:11 parrot kernel: [    5.648213] Bluetooth: hci0: Failed to send firmware data (-38)
Nov  6 22:26:11 parrot kernel: [    5.648226] Bluetooth: hci0: Intel reset sent to retry FW download
Nov  6 22:26:11 parrot kernel: [    5.653639] usb 1-14: USB disconnect, device number 4
Nov  6 22:26:11 parrot kernel: [    5.778483] iwlwifi 0000:08:00.0: FW already configured (0) - re-configuring
Nov  6 22:26:11 parrot kernel: [    5.781617] iwlwifi 0000:08:00.0: BIOS contains WGDS but no WRDS
Nov  6 22:26:11 parrot kernel: [    6.077348] usb 1-14: new full-speed USB device number 5 using xhci_hcd
Nov  6 22:26:11 parrot kernel: [    6.226722] usb 1-14: New USB device found, idVendor=8087, idProduct=0029, bcdDevice= 0.01
Nov  6 22:26:11 parrot kernel: [    6.226723] usb 1-14: New USB device strings: Mfr=0, Product=0, SerialNumber=0
Nov  6 22:26:11 parrot kernel: [    6.228995] Bluetooth: hci0: Bootloader revision 0.3 build 0 week 24 2017
Nov  6 22:26:11 parrot kernel: [    6.229997] Bluetooth: hci0: Device revision is 1
Nov  6 22:26:11 parrot kernel: [    6.229997] Bluetooth: hci0: Secure boot is enabled
Nov  6 22:26:11 parrot kernel: [    6.229998] Bluetooth: hci0: OTP lock is enabled
Nov  6 22:26:11 parrot kernel: [    6.229998] Bluetooth: hci0: API lock is enabled
Nov  6 22:26:11 parrot kernel: [    6.229999] Bluetooth: hci0: Debug lock is disabled
Nov  6 22:26:11 parrot kernel: [    6.229999] Bluetooth: hci0: Minimum firmware build 1 week 10 2014
Nov  6 22:26:11 parrot kernel: [    6.230171] bluetooth hci0: firmware: direct-loading firmware intel/ibt-20-1-3.sfi
Nov  6 22:26:11 parrot kernel: [    6.230172] Bluetooth: hci0: Found device firmware: intel/ibt-20-1-3.sfi
Nov  6 22:26:11 parrot kernel: [    6.612264] mpqemubr0: port 1(mpqemubr0-dummy) entered blocking state
Nov  6 22:26:11 parrot kernel: [    6.612265] mpqemubr0: port 1(mpqemubr0-dummy) entered disabled state
Nov  6 22:26:11 parrot kernel: [    6.612309] device mpqemubr0-dummy entered promiscuous mode
Nov  6 22:26:12 parrot kernel: [    7.243578] snd_hda_intel 0000:01:00.1: can't change power state from D3cold to D0 (config space inaccessible)
Nov  6 22:26:13 parrot kernel: [    7.621373] snd_hda_codec_hdmi hdaudioC1D0: Unable to sync register 0x4f0800. -5
Nov  6 22:26:13 parrot kernel: [    7.621376] snd_hda_codec_hdmi hdaudioC1D0: HDMI: invalid ELD buf size -1
Nov  6 22:26:13 parrot kernel: [    7.621378] snd_hda_codec_hdmi hdaudioC1D0: HDMI: invalid ELD buf size -1
Nov  6 22:26:13 parrot kernel: [    7.621379] snd_hda_codec_hdmi hdaudioC1D0: HDMI: invalid ELD buf size -1
Nov  6 22:26:13 parrot kernel: [    7.621380] snd_hda_codec_hdmi hdaudioC1D0: HDMI: invalid ELD buf size -1
Nov  6 22:26:13 parrot kernel: [    7.762164] Bluetooth: hci0: Waiting for firmware download to complete
Nov  6 22:26:13 parrot kernel: [    7.762980] Bluetooth: hci0: Firmware loaded in 1499147 usecs
Nov  6 22:26:13 parrot kernel: [    7.763081] Bluetooth: hci0: Waiting for device to boot
Nov  6 22:26:13 parrot kernel: [    7.776036] Bluetooth: hci0: Device booted in 12726 usecs
Nov  6 22:26:13 parrot kernel: [    7.776145] bluetooth hci0: firmware: direct-loading firmware intel/ibt-20-1-3.ddc
Nov  6 22:26:13 parrot kernel: [    7.776147] Bluetooth: hci0: Found Intel DDC parameters: intel/ibt-20-1-3.ddc
Nov  6 22:26:13 parrot kernel: [    7.791038] Bluetooth: hci0: Applying Intel DDC parameters completed
Nov  6 22:26:13 parrot kernel: [    7.793028] Bluetooth: hci0: Firmware revision 0.0 build 54 week 27 2019
Nov  6 22:26:13 parrot kernel: [    7.941382] snd_hda_codec_hdmi hdaudioC1D0: HDMI: invalid ELD buf size -1
Nov  6 22:26:13 parrot kernel: [    7.941384] snd_hda_codec_hdmi hdaudioC1D0: HDMI: invalid ELD buf size -1
Nov  6 22:26:13 parrot kernel: [    7.941386] snd_hda_codec_hdmi hdaudioC1D0: HDMI: invalid ELD buf size -1
Nov  6 22:26:13 parrot kernel: [    7.941387] snd_hda_codec_hdmi hdaudioC1D0: HDMI: invalid ELD buf size -1
Nov  6 22:26:13 parrot kernel: [    8.155962] Bluetooth: RFCOMM TTY layer initialized
Nov  6 22:26:13 parrot kernel: [    8.155970] Bluetooth: RFCOMM socket layer initialized
Nov  6 22:26:13 parrot kernel: [    8.155973] Bluetooth: RFCOMM ver 1.11
Nov  6 22:26:13 parrot kernel: [    8.261393] snd_hda_codec_hdmi hdaudioC1D0: HDMI: invalid ELD buf size -1
Nov  6 22:26:13 parrot kernel: [    8.261397] snd_hda_codec_hdmi hdaudioC1D0: HDMI: invalid ELD buf size -1
Nov  6 22:26:13 parrot kernel: [    8.261398] snd_hda_codec_hdmi hdaudioC1D0: HDMI: invalid ELD buf size -1
Nov  6 22:26:13 parrot kernel: [    8.261400] snd_hda_codec_hdmi hdaudioC1D0: HDMI: invalid ELD buf size -1
Nov  6 22:26:13 parrot kernel: [    8.581337] snd_hda_codec_hdmi hdaudioC1D0: HDMI: invalid ELD buf size -1
Nov  6 22:26:13 parrot kernel: [    8.581363] snd_hda_codec_hdmi hdaudioC1D0: HDMI: invalid ELD buf size -1
Nov  6 22:26:13 parrot kernel: [    8.581365] snd_hda_codec_hdmi hdaudioC1D0: HDMI: invalid ELD buf size -1
Nov  6 22:26:13 parrot kernel: [    8.581366] snd_hda_codec_hdmi hdaudioC1D0: HDMI: invalid ELD buf size -1
Nov  6 22:26:14 parrot kernel: [    8.901362] snd_hda_codec_hdmi hdaudioC1D0: HDMI: invalid ELD buf size -1
Nov  6 22:26:14 parrot kernel: [    8.901365] snd_hda_codec_hdmi hdaudioC1D0: HDMI: invalid ELD buf size -1
Nov  6 22:26:14 parrot kernel: [    8.901366] snd_hda_codec_hdmi hdaudioC1D0: HDMI: invalid ELD buf size -1
Nov  6 22:26:14 parrot kernel: [    8.901368] snd_hda_codec_hdmi hdaudioC1D0: HDMI: invalid ELD buf size -1
Nov  6 22:26:14 parrot kernel: [    9.221468] snd_hda_codec_hdmi hdaudioC1D0: HDMI: invalid ELD buf size -1
Nov  6 22:26:14 parrot kernel: [    9.221475] snd_hda_codec_hdmi hdaudioC1D0: HDMI: invalid ELD buf size -1
Nov  6 22:26:14 parrot kernel: [    9.221479] snd_hda_codec_hdmi hdaudioC1D0: HDMI: invalid ELD buf size -1
Nov  6 22:26:14 parrot kernel: [    9.221483] snd_hda_codec_hdmi hdaudioC1D0: HDMI: invalid ELD buf size -1
Nov  6 22:26:14 parrot kernel: [    9.541456] snd_hda_codec_hdmi hdaudioC1D0: HDMI: invalid ELD buf size -1
Nov  6 22:26:14 parrot kernel: [    9.541467] snd_hda_codec_hdmi hdaudioC1D0: HDMI: invalid ELD buf size -1
Nov  6 22:26:14 parrot kernel: [    9.541474] snd_hda_codec_hdmi hdaudioC1D0: HDMI: invalid ELD buf size -1
Nov  6 22:26:14 parrot kernel: [    9.541480] snd_hda_codec_hdmi hdaudioC1D0: HDMI: invalid ELD buf size -1
Nov  6 22:26:15 parrot kernel: [    9.861459] snd_hda_codec_hdmi hdaudioC1D0: HDMI: invalid ELD buf size -1
Nov  6 22:26:15 parrot kernel: [    9.861470] snd_hda_codec_hdmi hdaudioC1D0: HDMI: invalid ELD buf size -1
Nov  6 22:26:15 parrot kernel: [    9.861477] snd_hda_codec_hdmi hdaudioC1D0: HDMI: invalid ELD buf size -1
Nov  6 22:26:15 parrot kernel: [    9.861483] snd_hda_codec_hdmi hdaudioC1D0: HDMI: invalid ELD buf size -1
Nov  6 22:26:15 parrot kernel: [   10.181569] snd_hda_codec_hdmi hdaudioC1D0: HDMI: invalid ELD buf size -1
Nov  6 22:26:15 parrot kernel: [   10.181571] snd_hda_codec_hdmi hdaudioC1D0: HDMI: invalid ELD buf size -1
Nov  6 22:26:15 parrot kernel: [   10.181573] snd_hda_codec_hdmi hdaudioC1D0: HDMI: invalid ELD buf size -1
Nov  6 22:26:15 parrot kernel: [   10.181575] snd_hda_codec_hdmi hdaudioC1D0: HDMI: invalid ELD buf size -1
Nov  6 22:26:53 parrot kernel: [   48.375317] snd_hda_intel 0000:01:00.1: can't change power state from D3cold to D0 (config space inaccessible)
